******************************************************************************
            TI ARM Clang Linker PC v4.0.4                      
******************************************************************************
>> Linked Wed Apr 22 15:40:58 2026

OUTPUT FILE NAME:   <ECE319K_Lab9H.out>
ENTRY POINT SYMBOL: "_c_int00_noargs"  address: 0001f1dd


MEMORY CONFIGURATION

         name            origin    length      used     unused   attr    fill
----------------------  --------  ---------  --------  --------  ----  --------
  FLASH                 00000000   00020000  0001f698  00000968  R  X
  SRAM                  20200000   00008000  000008e5  0000771b  RW X
  BCR_CONFIG            41c00000   00000080  00000000  00000080  R   
  BSL_CONFIG            41c00100   00000080  00000000  00000080  R   


SEGMENT ALLOCATION MAP

run origin  load origin   length   init length attrs members
----------  ----------- ---------- ----------- ----- -------
00000000    00000000    0001f698   0001f698    r-x
  00000000    00000000    000000c0   000000c0    r-- .intvecs
  000000c0    000000c0    00019ba8   00019ba8    r-- .rodata
  00019c68    00019c68    00000008   00000008    r-- .init_array
  00019c70    00019c70    00005940   00005940    r-x .text
  0001f5b0    0001f5b0    000000e8   000000e8    r-- .cinit
20200000    20200000    000006e8   00000000    rw-
  20200000    20200000    000002f5   00000000    rw- .data
  202002f8    202002f8    00000200   00000000    rw- .sysmem
  202004f8    202004f8    000001f0   00000000    rw- .bss
20207e00    20207e00    00000200   00000000    rw-
  20207e00    20207e00    00000200   00000000    rw- .stack


SECTION ALLOCATION MAP

 output                                  attributes/
section   page    origin      length       input sections
--------  ----  ----------  ----------   ----------------
.intvecs   0    00000000    000000c0     
                  00000000    000000c0     startup_mspm0g3507_ticlang.o (.intvecs)

.binit     0    00000000    00000000     

.text      0    00019c70    00005940     
                  00019c70    000004a4     game.o (.text._ZL12Fruit_Updatev)
                  0001a114    000002ac     game.o (.text._ZL15Collision_Checkv)
                  0001a3c0    00000266     LCD2.o (.text._Z9LCD2_Initv)
                  0001a626    00000002     game.o (.text._ZL10Trail_Initv)
                  0001a628    00000210     ST7735.o (.text._Z17ST7735_DrawBitmapssPKtss)
                  0001a838    00000204     LCD2.o (.text._ZL14LCD2_DrawDigithhhtt)
                  0001aa3c    000001a0     ST7735.o (.text._Z16ST7735_DrawCharSsscssh)
                  0001abdc    00000198     game.o (.text._ZL18Fruit_SpawnIsClearhss)
                  0001ad74    0000018c     Clock.o (.text.Clock_Init80MHz)
                  0001af00    00000170     game.o (.text._Z17Instructions_Initv)
                  0001b070    00000154     libc.a : fopen.c.obj (.text._openfile)
                  0001b1c4    00000148     game.o (.text._ZL11Fruits_Drawv)
                  0001b30c    0000013c     game.o (.text._Z13GameOver_Initv)
                  0001b448    00000138     game.o (.text._Z13Language_Initv)
                  0001b580    00000130     game.o (.text._Z18Language_Highlightv)
                  0001b6b0    00000128     TExaS.o (.text._Z8ADC_InitP10ADC12_Regsjj)
                  0001b7d8    00000128     game.o (.text._ZL25LCD2_UpdateGameplayStatusv)
                  0001b900    00000124     ADC.o (.text.ADC_InitDual)
                  0001ba24    0000011a     LCD2.o (.text._ZL15LCD2_DrawBitmapssPKtss)
                  0001bb3e    00000002     game.o (.text._ZL12Trail_Updatev)
                  0001bb40    00000118     ST7735.o (.text._Z15ST7735_FillRectsssst)
                  0001bc58    00000118     game.o (.text._Z18Settings_Highlightv)
                  0001bd70    00000118     SPI.o (.text._Z8SPI_Initv)
                  0001be88    00000118     game.o (.text._ZL12DrawScanlinesPKtssss)
                  0001bfa0    00000114     game.o (.text._Z12Credits_Initv)
                  0001c0b4    00000114     libc.a : memory.c.obj (.text.aligned_alloc)
                  0001c1c8    00000108     game.o (.text._Z13Settings_Initv)
                  0001c2d0    00000108     game.o (.text._Z16Game_UpdateFramev)
                  0001c3d8    000000f4     ST7735.o (.text._Z18ST7735_SetRotationh)
                  0001c4cc    000000ec     game.o (.text._ZL13Cursor_Samplev)
                  0001c5b8    000000ec     libsysbm.a : add_device.c.obj (.text.add_device)
                  0001c6a4    000000e8     TExaS.o (.text._Z9UART_Initv)
                  0001c78c    000000e8     libc.a : memory.c.obj (.text.free)
                  0001c874    000000e4     Lab9HMain.o (.text.main)
                  0001c958    000000e0     game.o (.text._ZL27Cursor_IsHoveringSelectablev)
                  0001ca38    000000e0     libc.a : setvbuf.c.obj (.text.setvbuf)
                  0001cb18    000000d0     ST7735.o (.text._Z14ST7735_OutCharc)
                  0001cbe8    000000c4     LCD2.o (.text._ZL13LCD2_FillRecthhhht)
                  0001ccac    000000c0     LCD2.o (.text._Z14LCD2_ShowScorej)
                  0001cd6c    000000b4     game.o (.text._Z13Game_GetInputv)
                  0001ce20    000000b4     Switch.o (.text._Z14Switch_Pressedh)
                  0001ced4    000000b0     ST7735.o (.text._Z20ST7735_DrawFastHLinessst)
                  0001cf84    000000a8     LCD2.o (.text._Z14LCD2_ShowLevelh)
                  0001d02c    000000a8     Timer.o (.text._Z14TimerG7_IntArmtjj)
                  0001d0d4    000000a2     ST7735.o (.text._ZL11commandListPKh)
                  0001d176    00000002     libclang_rt.builtins.a : aeabi_div0.c.obj (.text.__aeabi_idiv0)
                  0001d178    000000a0     ST7735.o (.text._Z12ST7735_InitR10initRFlags)
                  0001d218    000000a0     ST7735.o (.text._Z17ST7735_InitPrintf10initRFlags)
                  0001d2b8    000000a0     libsysbm.a : open.c.obj (.text.open)
                  0001d358    00000094     Timer.o (.text._Z15TimerG12_IntArmjj)
                  0001d3ec    00000094     game.o (.text._Z19Title_HighlightMenuv)
                  0001d480    0000008c     game.o (.text._ZL18Title_RenderButtonhh)
                  0001d50c    00000088     ST7735.o (.text._ZL13setAddrWindowhhhh)
                  0001d594    00000088     game.o (.text._ZL21Settings_RenderOptionhPKch)
                  0001d61c    00000004     libsysbm.a : hostexit.c.obj (.text.HOSTexit)
                  0001d620    00000088     libc.a : strcmp-armv6m.S.obj (.text:strcmp)
                  0001d6a8    00000084     game.o (.text._Z10Pause_Initv)
                  0001d72c    00000084     ST7735.o (.text._Z14ST7735_OutUDecj)
                  0001d7b0    00000084     ST7735.o (.text._Z17ST7735_DrawStringttPcs)
                  0001d834    00000080     game.o (.text._ZL10Fruit_Initv)
                  0001d8b4    0000007c     game.o (.text._Z13Gameplay_Initv)
                  0001d930    0000007c     LaunchPad.o (.text._Z14LaunchPad_Initv)
                  0001d9ac    0000007c     game.o (.text._ZL14Title_DrawLogoh)
                  0001da28    0000007c     SlidePot.o (.text._ZN8SlidePot4InitEv)
                  0001daa4    0000007c     libc.a : fclose.c.obj (.text.__TI_closefile)
                  0001db20    0000007c            : copy_decompress_lzss.c.obj (.text:decompress:lzss)
                  0001db9c    00000078     Sound.o (.text.SysTick_Handler)
                  0001dc14    00000078     game.o (.text._ZL21Language_RenderOptionhPKch)
                  0001dc8c    00000074     Lab9HMain.o (.text.Fault_Capture)
                  0001dd00    00000070     ST7735.o (.text._Z16ST7735_DrawPixelsst)
                  0001dd70    0000006c     libsysbm.a : hostlseek.c.obj (.text.HOSTlseek)
                  0001dddc    0000006c                : hostrename.c.obj (.text.HOSTrename)
                  0001de48    0000006c     LED.o (.text._Z12LED_SetLivesh)
                  0001deb4    0000006c     LCD2.o (.text._ZL14LCD2_SetWindowhhhh)
                  0001df20    0000006c     libc.a : getdevice.c.obj (.text.getdevice)
                  0001df8c    00000068     game.o (.text._Z10Title_Initv)
                  0001dff4    00000064     ADC.o (.text.ADC_InDual)
                  0001e058    00000064     libc.a : memory.c.obj (.text.split)
                  0001e0bc    00000060     libsysbm.a : hostopen.c.obj (.text.HOSTopen)
                  0001e11c    0000005c     Joystick.o (.text._Z21Joystick_ReadSlidePotv)
                  0001e178    00000058     libsysbm.a : hostread.c.obj (.text.HOSTread)
                  0001e1d0    00000058                : hostwrite.c.obj (.text.HOSTwrite)
                  0001e228    00000058     Sound.o (.text._Z10Sound_Initv)
                  0001e280    00000058     TExaS.o (.text._Z10TExaS_InitP10ADC12_RegsjPFhvE)
                  0001e2d8    00000056     libclang_rt.builtins.a : aeabi_idivmod.S.obj (.text.__aeabi_idivmod)
                  0001e32e    00000002     libc.a : _lock.c.obj (.text._nop)
                  0001e330    00000054     ST7735.o (.text._Z11fillmessagej)
                  0001e384    00000054     LCD2.o (.text._Z17LCD2_ShowReactionPKtss)
                  0001e3d8    00000054     game.o (.text._ZL18Cursor_UpdateColorv)
                  0001e42c    00000054     game.o (.text._ZL7Clamp16sss)
                  0001e480    00000054     libc.a : autoinit.c.obj (.text:__TI_auto_init_nobinit)
                  0001e4d4    00000052            : fflush.c.obj (.text.__TI_doflush)
                  0001e526    00000002     --HOLE-- [fill = 0]
                  0001e528    00000050     SPI.o (.text._Z11SPI_OutDatac)
                  0001e578    00000050     Joystick.o (.text._Z13Joystick_ReadPjS_)
                  0001e5c8    00000050     SPI.o (.text._Z14SPI_OutCommandc)
                  0001e618    00000050     game.o (.text._ZL11Cursor_MaxYv)
                  0001e668    00000050     game.o (.text._ZL14Language_Inputv)
                  0001e6b8    00000050     libsysbm.a : close.c.obj (.text.close)
                  0001e708    0000004c     game.o (.text._ZL17LCD2_ShowEventMsgPKcth)
                  0001e754    00000048     libsysbm.a : hostclose.c.obj (.text.HOSTclose)
                  0001e79c    00000048                : hostunlink.c.obj (.text.HOSTunlink)
                  0001e7e4    00000048     game.o (.text._Z9Game_Initv)
                  0001e82c    00000048     game.o (.text._ZL14Settings_Inputv)
                  0001e874    00000048     game.o (.text._ZL17Fruit_ActiveCountv)
                  0001e8bc    00000048     game.o (.text._ZL7MapAxisjs)
                  0001e904    00000040     TExaS.o (.text.TIMG7_IRQHandler)
                  0001e944    00000040     SPI.o (.text._Z9SPI_Resetv)
                  0001e984    00000040     game.o (.text._ZL17LCD2_TickEventMsgv)
                  0001e9c4    00000040     SPI.o (.text._ZL18SPI_AssertSelectedv)
                  0001ea04    00000040     libclang_rt.builtins.a : aeabi_uidivmod.S.obj (.text.__aeabi_uidivmod)
                  0001ea44    00000040     libc.a : fopen.c.obj (.text._search_fp)
                  0001ea84    0000003c     DAC5.o (.text._Z9DAC5_Initv)
                  0001eac0    00000038     LaunchPad.o (.text._Z15ActivatePortA_Bv)
                  0001eaf8    00000038     game.o (.text._ZL14Gameplay_Inputv)
                  0001eb30    00000038     game.o (.text._ZL15DifficultyLevelv)
                  0001eb68    00000038     libc.a : rand.c.obj (.text.rand)
                  0001eba0    00000034     Clock.o (.text.Clock_Delay1ms)
                  0001ebd4    00000034     ST7735.o (.text._Z12ST7735_writeiPKcj)
                  0001ec08    00000034     Joystick.o (.text._Z13Joystick_Initv)
                  0001ec3c    00000034     ST7735.o (.text._Z16ST7735_SetCursorjj)
                  0001ec70    00000034     SPI.o (.text._Z17SPI_SelectDisplayj)
                  0001eca4    00000034     LED.o (.text._Z8LED_Initv)
                  0001ecd8    00000034     Sound.o (.text._Z9Sound_Sadv)
                  0001ed0c    00000034     game.o (.text._ZL11Pause_Inputv)
                  0001ed40    00000034     game.o (.text._ZL11Title_Inputv)
                  0001ed74    00000034     libc.a : fopen.c.obj (.text.__TI_cleanup)
                  0001eda8    00000034     libsysbm.a : trgmsg.c.obj (.text.__TI_readmsg)
                  0001eddc    00000034                : trgmsg.c.obj (.text.__TI_writemsg)
                  0001ee10    00000034     libc.a : exit.c.obj (.text.exit)
                  0001ee44    00000034            : getdevice.c.obj (.text.finddevice)
                  0001ee78    00000034            : fopen.c.obj (.text.freopen)
                  0001eeac    00000032     ST7735.o (.text._Z15ST7735_Color565hhh)
                  0001eede    00000002     --HOLE-- [fill = 0]
                  0001eee0    00000030     Lab9HMain.o (.text.TIMG12_IRQHandler)
                  0001ef10    00000030     Sound.o (.text._Z11Sound_StartPKhj)
                  0001ef40    00000030     Sound.o (.text._Z15Sound_SetVolumej)
                  0001ef70    00000030     ST7735.o (.text._ZL10commonInitPKh)
                  0001efa0    00000030     game.o (.text._ZL17Title_AnimateLogov)
                  0001efd0    00000030     game.o (.text._ZL5Abs16s)
                  0001f000    00000030     libc.a : fopen.c.obj (.text.fopen)
                  0001f030    0000002e     game.o (.text._ZL10Back_Inputv)
                  0001f05e    0000002e     game.o (.text._ZL13Credits_Inputv)
                  0001f08c    0000002c     Sound.o (.text._Z10Sound_Stopv)
                  0001f0b8    0000002c     ST7735.o (.text._Z17ST7735_FillScreent)
                  0001f0e4    0000002c     Switch.o (.text._Z9Switch_Inv)
                  0001f110    0000002c     libsysbm.a : unlink.c.obj (.text.unlink)
                  0001f13c    00000028     TExaS.o (.text._Z9ADC_StartP10ADC12_Regs)
                  0001f164    00000028     game.o (.text._ZL4langPKcS0_)
                  0001f18c    00000028     libc.a : memory.c.obj (.text.free_list_insert)
                  0001f1b4    00000028     libsysbm.a : write.c.obj (.text.write)
                  0001f1dc    00000028     libc.a : boot_cortex_m.c.obj (.text:_c_int00_noargs)
                  0001f204    00000026     ST7735.o (.text._Z16ST7735_OutStringPc)
                  0001f22a    00000022     game.o (.text._ZL7DrawSepst)
                  0001f24c    00000020     DAC5.o (.text._Z8DAC5_Outj)
                  0001f26c    00000020     game.o (.text._ZL12Cursor_Resetss)
                  0001f28c    0000001e     LCD2.o (.text._Z15LCD2_FillScreent)
                  0001f2aa    0000001e     ST7735.o (.text._ZL9pushColort)
                  0001f2c8    0000001e     SlidePot.o (.text._ZN8SlidePotC2Ejj)
                  0001f2e6    00000002     --HOLE-- [fill = 0]
                  0001f2e8    0000001c     startup_mspm0g3507_ticlang.o (.text.Default_Handler)
                  0001f304    0000001c     startup_mspm0g3507_ticlang.o (.text.HardFault_Handler)
                  0001f320    0000001c     libc.a : memory.c.obj (.text.free_list_remove)
                  0001f33c    00000018     Switch.o (.text._Z11Switch_Initv)
                  0001f354    00000018     SPI.o (.text._ZL15SPI_DeassertAllv)
                  0001f36c    00000018     Lab9HMain.o (.text.__cxx_global_var_init)
                  0001f384    00000016     Lab9HMain.o (.text.HardFault_Handler)
                  0001f39a    00000016     ST7735.o (.text._Z11ST7735_openPKcji)
                  0001f3b0    00000016     ST7735.o (.text._Z11ST7735_readiPcj)
                  0001f3c6    00000016     libc.a : copy_zero_init.c.obj (.text:decompress:ZI:__TI_zero_init_nomemset)
                  0001f3dc    00000014     Sound.o (.text._Z10Sound_Meowv)
                  0001f3f0    00000014     Sound.o (.text._Z11Sound_Slicev)
                  0001f404    00000014     Sound.o (.text._Z15Sound_Explosionv)
                  0001f418    00000014     ST7735.o (.text._Z19ST7735_SetTextColort)
                  0001f42c    00000014     LCD2.o (.text._ZL8LCD2_Cmdh)
                  0001f440    00000014     LCD2.o (.text._ZL9LCD2_Datah)
                  0001f454    00000012     libc.a : memcpy16.S.obj (.text:TI_memcpy_small)
                  0001f466    00000012            : copy_decompress_none.c.obj (.text:decompress:none)
                  0001f478    00000010     Clock.o (.text.Clock_Delay)
                  0001f488    00000010     Lab9HMain.o (.text._Z28TExaS_LaunchPadLogicPB27PB26v)
                  0001f498    00000010     game.o (.text._ZL16Cursor_IsSlicingv)
                  0001f4a8    0000000e     libc.a : memory.c.obj (.text.OUTLINED_FUNCTION_0)
                  0001f4b6    0000000e     ST7735.o (.text._Z12ST7735_lseekili)
                  0001f4c4    0000000e     game.o (.text._ZL17Fruit_SpawnChancev)
                  0001f4d2    0000000e     libsysbm.a : hostrename.c.obj (.text.strcpy)
                  0001f4e0    0000000e                : hostrename.c.obj (.text.strlen)
                  0001f4ee    0000000e     libc.a : memset16.S.obj (.text:TI_memset_small)
                  0001f4fc    0000000c     Clock.o (.text.Clock_Freq)
                  0001f508    0000000c     ST7735.o (.text._Z13ST7735_renamePKcS0_)
                  0001f514    0000000c     libclang_rt.builtins.a : aeabi_memset.S.obj (.text.__aeabi_memclr)
                  0001f520    0000000c     libc.a : memory.c.obj (.text.malloc)
                  0001f52c    0000000a     ST7735.o (.text._Z12ST7735_closei)
                  0001f536    0000000a     ST7735.o (.text._Z13ST7735_unlinkPKc)
                  0001f540    0000000a     LCD2.o (.text._Z14LCD2_ShowLivesh)
                  0001f54a    0000000a     LCD2.o (.text._ZL10LCD2_Beginv)
                  0001f554    0000000a     game.o (.text._ZL11LCD1_Selectv)
                  0001f55e    0000000a     LCD2.o (.text._ZL8LCD2_Endv)
                  0001f568    0000000a     game.o (.text._ZL8LCD2_Selv)
                  0001f572    00000008     Lab9HMain.o (.text._GLOBAL__sub_I_Lab9HMain.cpp)
                  0001f57a    00000008     Lab9HMain.o (.text._Z8PLL_Initv)
                  0001f582    00000008     game.o (.text._ZL19Gameplay_DrawBorderv)
                  0001f58a    00000002     --HOLE-- [fill = 0]
                  0001f58c    00000008     libclang_rt.builtins.a : aeabi_memcpy.S.obj (.text.__aeabi_memcpy)
                  0001f594    00000008     libsysbm.a : remove.c.obj (.text.remove)
                  0001f59c    00000006     libc.a : exit.c.obj (.text:abort)
                  0001f5a2    00000004     startup_mspm0g3507_ticlang.o (.text.Reset_Handler)
                  0001f5a6    00000004     libc.a : pre_init.c.obj (.text._system_pre_init)
                  0001f5aa    00000006     --HOLE-- [fill = 0]

.cinit     0    0001f5b0    000000e8     
                  0001f5b0    000000c2     (.cinit..data.load) [load image, compression = lzss]
                  0001f672    00000002     --HOLE-- [fill = 0]
                  0001f674    0000000c     (__TI_handler_table)
                  0001f680    00000008     (.cinit..bss.load) [load image, compression = zero_init]
                  0001f688    00000010     (__TI_cinit_table)

.rodata    0    000000c0    00019ba8     
                  000000c0    00005622     Sound.o (.rodata._ZL9explosion)
                  000056e2    000033ae     game.o (.rodata._ZL9titlecat4)
                  00008a90    000032c8     game.o (.rodata._ZL12sleeping_cat)
                  0000bd58    00002d32     game.o (.rodata._ZL11excited_cat)
                  0000ea8a    00001fce     game.o (.rodata._ZL4boom)
                  00010a58    000015fd     Sound.o (.rodata._ZL4meow)
                  00012055    00000001     --HOLE-- [fill = 0]
                  00012056    00000fc0     game.o (.rodata._ZL14wholepineapple)
                  00013016    00000d48     Sound.o (.rodata._ZL5slice)
                  00013d5e    00000cc0     game.o (.rodata._ZL13cutstrawberry)
                  00014a1e    00000c00     game.o (.rodata._ZL4bomb)
                  0001561e    00000a2c     game.o (.rodata._ZL14cutpomegranate)
                  0001604a    00000a18     game.o (.rodata._ZL12cutpineapple)
                  00016a62    00000992     game.o (.rodata._ZL13cutwatermelon)
                  000173f4    00000980     game.o (.rodata._ZL15wholewatermelon)
                  00017d74    00000800     game.o (.rodata._ZL15wholestrawberry)
                  00018574    00000800     game.o (.rodata._ZL16wholepomegranate)
                  00018d74    000004fb     ST7735.o (.rodata._ZL4Font)
                  0001926f    00000001     --HOLE-- [fill = 0]
                  00019270    000002ac     game.o (.rodata._ZL7cursor2)
                  0001951c    000001c2     game.o (.rodata._ZL7cursor1)
                  000196de    00000002     game.o (.rodata._ZL10TitleLogoH)
                  000196e0    000000a0     game.o (.rodata.FSM)
                  00019780    0000003b     ST7735.o (.rodata._ZL5Rcmd1)
                  000197bb    0000002b     ST7735.o (.rodata._ZL5Rcmd3)
                  000197e6    00000028     game.o (.rodata._ZL1P)
                  0001980e    00000016     ST7735.o (.rodata.str1.14736978382213673245.1)
                  00019824    00000014     LCD2.o (.rodata._ZZ14LCD2_ShowLevelhE12kLevelColors)
                  00019838    00000014     game.o (.rodata.str1.7258948801569304867.1)
                  0001984c    00000013     game.o (.rodata.str1.10403452635666488694.1)
                  0001985f    00000013     game.o (.rodata.str1.7253378935635886728.1)
                  00019872    00000012     game.o (.rodata.str1.11918823877141892253.1)
                  00019884    00000012     game.o (.rodata.str1.2199998179282738362.1)
                  00019896    00000012     game.o (.rodata.str1.6889954360861556497.1)
                  000198a8    00000011     game.o (.rodata.str1.12679136591786368146.1)
                  000198b9    00000011     game.o (.rodata.str1.13275030534916230440.1)
                  000198ca    00000011     game.o (.rodata.str1.15778314312158856208.1)
                  000198db    00000010     game.o (.rodata.str1.11108333820280941987.1)
                  000198eb    00000010     game.o (.rodata.str1.15854970095281689993.1)
                  000198fb    00000010     game.o (.rodata.str1.4481688308045839786.1)
                  0001990b    00000010     game.o (.rodata.str1.5774995680669179636.1)
                  0001991b    0000000f     game.o (.rodata.str1.10794403638768917977.1)
                  0001992a    0000000f     game.o (.rodata.str1.1225402818456057192.1)
                  00019939    0000000f     game.o (.rodata.str1.13165663304501454472.1)
                  00019948    0000000f     game.o (.rodata.str1.14663297151598632228.1)
                  00019957    0000000f     game.o (.rodata.str1.1614742763336168658.1)
                  00019966    0000000f     game.o (.rodata.str1.16373844655129967536.1)
                  00019975    0000000f     game.o (.rodata.str1.17094847853566809237.1)
                  00019984    0000000f     game.o (.rodata.str1.5139900537256858986.1)
                  00019993    0000000f     game.o (.rodata.str1.5529731265542149294.1)
                  000199a2    0000000f     game.o (.rodata.str1.6784254412165087105.1)
                  000199b1    0000000f     game.o (.rodata.str1.757528710459687859.1)
                  000199c0    0000000f     game.o (.rodata.str1.8594887354802209522.1)
                  000199cf    0000000f     game.o (.rodata.str1.9271192934666527856.1)
                  000199de    0000000f     game.o (.rodata.str1.956832095416839504.1)
                  000199ed    0000000e     game.o (.rodata.str1.1117971536828408026.1)
                  000199fb    0000000e     game.o (.rodata.str1.14371565786375286640.1)
                  00019a09    0000000e     game.o (.rodata.str1.14403490484111549897.1)
                  00019a17    0000000e     game.o (.rodata.str1.15538502664723738107.1)
                  00019a25    0000000e     game.o (.rodata.str1.17095000517023723387.1)
                  00019a33    0000000e     game.o (.rodata.str1.217846236431358815.1)
                  00019a41    0000000e     game.o (.rodata.str1.3052841614599428172.1)
                  00019a4f    0000000e     game.o (.rodata.str1.308595220680458219.1)
                  00019a5d    0000000e     game.o (.rodata.str1.6532576717228740979.1)
                  00019a6b    0000000e     game.o (.rodata.str1.791997471374852416.1)
                  00019a79    0000000e     game.o (.rodata.str1.7934551804554883653.1)
                  00019a87    0000000d     ST7735.o (.rodata._ZL10Rcmd2green)
                  00019a94    0000000d     ST7735.o (.rodata._ZL8Rcmd2red)
                  00019aa1    0000000d     game.o (.rodata.str1.3270838578870747142.1)
                  00019aae    0000000d     game.o (.rodata.str1.7083552401782681249.1)
                  00019abb    0000000d     game.o (.rodata.str1.7829564414423384720.1)
                  00019ac8    0000000d     game.o (.rodata.str1.979547378499881123.1)
                  00019ad5    0000000c     game.o (.rodata.str1.4504810627130521599.1)
                  00019ae1    0000000c     game.o (.rodata.str1.4874996498215415027.1)
                  00019aed    0000000c     game.o (.rodata.str1.7583671888269924804.1)
                  00019af9    0000000c     game.o (.rodata.str1.8526445298261728700.1)
                  00019b05    0000000c     game.o (.rodata.str1.9105195407866861371.1)
                  00019b11    0000000c     game.o (.rodata.str1.9458011854800828263.1)
                  00019b1d    0000000c     game.o (.rodata.str1.9992698800692079309.1)
                  00019b29    0000000b     game.o (.rodata.str1.16722638838168008421.1)
                  00019b34    0000000b     game.o (.rodata.str1.16756888501146228270.1)
                  00019b3f    0000000b     game.o (.rodata.str1.16873170854458179678.1)
                  00019b4a    0000000b     game.o (.rodata.str1.5237741753333275274.1)
                  00019b55    0000000a     LCD2.o (.rodata._ZL8kSegMask)
                  00019b5f    0000000a     game.o (.rodata.str1.17564388679715120840.1)
                  00019b69    0000000a     game.o (.rodata.str1.559953352770440900.1)
                  00019b73    00000009     game.o (.rodata.str1.1342751468803880686.1)
                  00019b7c    00000009     game.o (.rodata.str1.1711757927580584432.1)
                  00019b85    00000009     game.o (.rodata.str1.17673049562267310073.1)
                  00019b8e    00000009     game.o (.rodata.str1.2247539938334879206.1)
                  00019b97    00000009     game.o (.rodata.str1.3031106559547184954.1)
                  00019ba0    00000009     game.o (.rodata.str1.3880429772888662928.1)
                  00019ba9    00000009     game.o (.rodata.str1.391108720470308146.1)
                  00019bb2    00000009     game.o (.rodata.str1.5423491454368723650.1)
                  00019bbb    00000009     game.o (.rodata.str1.5935445895712156352.1)
                  00019bc4    00000009     game.o (.rodata.str1.799171387175703048.1)
                  00019bcd    00000009     game.o (.rodata.str1.8926757068259655955.1)
                  00019bd6    00000009     game.o (.rodata.str1.9568885152165946008.1)
                  00019bdf    00000009     game.o (.rodata.str1.9729080741005127517.1)
                  00019be8    00000008     game.o (.rodata.str1.12274119572843017293.1)
                  00019bf0    00000008     game.o (.rodata.str1.14262997000808204614.1)
                  00019bf8    00000008     game.o (.rodata.str1.1779468197470963212.1)
                  00019c00    00000008     game.o (.rodata.str1.4142281620164877655.1)
                  00019c08    00000008     ST7735.o (.rodata.str1.7209918599617305731.1)
                  00019c10    00000008     game.o (.rodata.str1.9062030965416229544.1)
                  00019c18    00000008     game.o (.rodata.str1.9794156929520360634.1)
                  00019c20    00000008     game.o (.rodata.str1.9854329341405547939.1)
                  00019c28    00000007     ST7735.o (.rodata.str1.10208736415454880443.1)
                  00019c2f    00000007     game.o (.rodata.str1.29013126287955748.1)
                  00019c36    00000007     game.o (.rodata.str1.3904457979709941353.1)
                  00019c3d    00000007     ST7735.o (.rodata.str1.8723687351022562626.1)
                  00019c44    00000006     game.o (.rodata.str1.712626920937441233.1)
                  00019c4a    00000005     game.o (.rodata.str1.12339137301575941712.1)
                  00019c4f    00000005     game.o (.rodata.str1.204473320616271905.1)
                  00019c54    00000003     game.o (.rodata._ZZL18Title_RenderButtonhhE4cols)
                  00019c57    00000003     game.o (.rodata._ZZL21Settings_RenderOptionhPKchE4rows)
                  00019c5a    00000003     game.o (.rodata.str1.15456463322423682333.1)
                  00019c5d    00000003     game.o (.rodata.str1.3997025822341814853.1)
                  00019c60    00000002     game.o (.rodata._ZL10TitleLogoW)
                  00019c62    00000002     game.o (.rodata._ZZL21Language_RenderOptionhPKchE4rows)
                  00019c64    00000002     ST7735.o (.rodata.str1.18358205720993799461.1)
                  00019c66    00000002     --HOLE-- [fill = 0]

.init_array 
*          0    00019c68    00000008     
                  00019c68    00000004     Lab9HMain.o (.init_array)
                  00019c6c    00000004     --HOLE-- [fill = 0]

.data      0    20200000    000002f5     UNINITIALIZED
                  20200000    000000f0     libc.a : defs.c.obj (.data._ftable)
                  202000f0    00000078     libsysbm.a : host_device.c.obj (.data._device)
                  20200168    00000064     game.o (.data._ZL6Fruits)
                  202001cc    00000050     libsysbm.a : host_device.c.obj (.data._stream)
                  2020021c    00000028     game.o (.data._ZL9selection)
                  20200244    00000014     Lab9HMain.o (.data.Sensor)
                  20200258    00000008     libc.a : exit.c.obj (.data..L_MergedGlobals)
                  20200260    00000008     game.o (.data._ZZ18Language_HighlightvE6labels)
                  20200268    00000006     game.o (.data._ZL11BladeCursor)
                  2020026e    00000002     ST7735.o (.data.StTextColor)
                  20200270    00000004     Clock.o (.data.BusFreq)
                  20200274    00000004     ST7735.o (.data.StX)
                  20200278    00000004     ST7735.o (.data.StY)
                  2020027c    00000004     Sound.o (.data._ZL10SoundCount)
                  20200280    00000004     Sound.o (.data._ZL10SoundIndex)
                  20200284    00000004     game.o (.data._ZL10TitleLogos)
                  20200288    00000004     SPI.o (.data._ZL13ActiveDisplay)
                  2020028c    00000004     game.o (.data._ZL13PreviousState)
                  20200290    00000004     game.o (.data._ZL15LCD2ScoreShadow)
                  20200294    00000004     game.o (.data._ZL4JoyX)
                  20200298    00000004     game.o (.data._ZL4JoyY)
                  2020029c    00000004     game.o (.data._ZL5Score)
                  202002a0    00000004     Sound.o (.data._ZL7SoundPt)
                  202002a4    00000004     game.o (.data._ZL9HighScore)
                  202002a8    00000004     libc.a : defs.c.obj (.data.__TI_ft_end)
                  202002ac    00000004            : _lock.c.obj (.data._lock)
                  202002b0    00000004            : _lock.c.obj (.data._unlock)
                  202002b4    00000004     Lab9HMain.o (.data.g_fault_ipsr)
                  202002b8    00000004     Lab9HMain.o (.data.g_fault_lr)
                  202002bc    00000004     Lab9HMain.o (.data.g_fault_pc)
                  202002c0    00000004     Lab9HMain.o (.data.g_fault_sp)
                  202002c4    00000004     Lab9HMain.o (.data.g_fault_vector)
                  202002c8    00000004     Lab9HMain.o (.data.g_fault_xpsr)
                  202002cc    00000004     libc.a : rand.c.obj (.data.next)
                  202002d0    00000002     game.o (.data._ZL11CursorColor)
                  202002d2    00000002     game.o (.data._ZL11SlowmoTimer)
                  202002d4    00000002     ST7735.o (.data._ZL6_width)
                  202002d6    00000002     ST7735.o (.data._ZL7_height)
                  202002d8    00000001     game.o (.data.CurrentLanguage)
                  202002d9    00000001     Switch.o (.data._ZL10prevBottom)
                  202002da    00000001     game.o (.data._ZL11GravCounter)
                  202002db    00000001     game.o (.data._ZL11SlowmoFrame)
                  202002dc    00000001     Sound.o (.data._ZL11SoundVolume)
                  202002dd    00000001     game.o (.data._ZL11titleCursor)
                  202002de    00000001     game.o (.data._ZL12LCD2MsgTimer)
                  202002df    00000001     game.o (.data._ZL13prevSelection)
                  202002e0    00000001     game.o (.data._ZL14languageCursor)
                  202002e1    00000001     game.o (.data._ZL14settingsCursor)
                  202002e2    00000001     game.o (.data._ZL14titleLogoFrame)
                  202002e3    00000001     game.o (.data._ZL14titleLogoTimer)
                  202002e4    00000001     game.o (.data._ZL15LCD2LevelShadow)
                  202002e5    00000001     game.o (.data._ZL15LCD2LivesShadow)
                  202002e6    00000001     game.o (.data._ZL17languageSelection)
                  202002e7    00000001     game.o (.data._ZL17settingsSelection)
                  202002e8    00000001     game.o (.data._ZL5Lives)
                  202002e9    00000001     Switch.o (.data._ZL7prevTop)
                  202002ea    00000001     Sound.o (.data._ZL9SoundLoop)
                  202002eb    00000001     --HOLE--
                  202002ec    00000001     libsysbm.a : add_device.c.obj (.data.add_device.device_init)
                  202002ed    00000003     --HOLE--
                  202002f0    00000001     libc.a : memory.c.obj (.data.memory_is_initialized)
                  202002f1    00000003     --HOLE--
                  202002f4    00000001     libsysbm.a : open.c.obj (.data.open.stream_init)

.sysmem    0    202002f8    00000200     UNINITIALIZED
                  202002f8    00000010     libc.a : memory.c.obj (.sysmem)
                  20200308    000001f0     --HOLE--

.bss       0    202004f8    000001f0     UNINITIALIZED
                  202004f8    00000120     libsysbm.a : trgmsg.c.obj (.bss:_CIOBUF_)
                  20200618    000000a0     libc.a : defs.c.obj (.bss.__TI_tmpnams)
                  202006b8    0000000c     ST7735.o (.bss.Message)
                  202006c4    00000008     libsysbm.a : hostopen.c.obj (.bss.parmbuf)
                  202006cc    00000004     ST7735.o (.bss.Messageindex)
                  202006d0    00000004     game.o (.bss.S)
                  202006d4    00000004     game.o (.bss.Semaphore)
                  202006d8    00000004     TExaS.o (.bss.TExaSLogic)
                  202006dc    00000004     TExaS.o (.bss.TExaSadc)
                  202006e0    00000004     libc.a : memory.c.obj (.bss.sys_free)
                  202006e4    00000001     ST7735.o (.bss._ZL8ColStart)
                  202006e5    00000001     ST7735.o (.bss._ZL8Rotation)
                  202006e6    00000001     ST7735.o (.bss._ZL8RowStart)
                  202006e7    00000001     ST7735.o (.bss._ZL8TabColor)

.stack     0    20207e00    00000200     UNINITIALIZED
                  20207e00    00000004     libc.a : boot_cortex_m.c.obj (.stack)
                  20207e04    000001fc     --HOLE--

__llvm_prf_cnts 
*          0    20200000    00000000     UNINITIALIZED

__llvm_prf_bits 
*          0    20200000    00000000     UNINITIALIZED

MODULE SUMMARY

       Module                         code    ro data   rw data
       ------                         ----    -------   -------
    .\
       game.o                         8692    72822     209    
       Sound.o                        460     31079     14     
       ST7735.o                       3354    1449      34     
       LCD2.o                         2260    30        0      
       TExaS.o                        720     0         8      
       SPI.o                          644     0         4      
       Lab9HMain.o                    470     4         44     
       Clock.o                        476     0         4      
       ADC.o                          392     0         0      
       Timer.o                        316     0         0      
       Switch.o                       248     0         2      
       Joystick.o                     224     0         0      
       LaunchPad.o                    180     0         0      
       LED.o                          160     0         0      
       SlidePot.o                     154     0         0      
       DAC5.o                         92      0         0      
    +--+------------------------------+-------+---------+---------+
       Total:                         18842   105384    319    
                                                               
    .\ticlang\
       startup_mspm0g3507_ticlang.o   60      192       0      
    +--+------------------------------+-------+---------+---------+
       Total:                         60      192       0      
                                                               
    C:\ti\ccs2040\ccs\tools\compiler\ti-cgt-armllvm_4.0.4.LTS\lib\armv6m-ti-none-eabi/c/libc.a
       memory.c.obj                   702     0         5      
       fopen.c.obj                    556     0         0      
       defs.c.obj                     0       0         404    
       setvbuf.c.obj                  224     0         0      
       getdevice.c.obj                160     0         0      
       strcmp-armv6m.S.obj            136     0         0      
       copy_decompress_lzss.c.obj     124     0         0      
       fclose.c.obj                   124     0         0      
       autoinit.c.obj                 84      0         0      
       fflush.c.obj                   82      0         0      
       exit.c.obj                     58      0         8      
       rand.c.obj                     56      0         4      
       boot_cortex_m.c.obj            40      0         0      
       copy_zero_init.c.obj           22      0         0      
       copy_decompress_none.c.obj     18      0         0      
       memcpy16.S.obj                 18      0         0      
       memset16.S.obj                 14      0         0      
       _lock.c.obj                    2       0         8      
       pre_init.c.obj                 4       0         0      
    +--+------------------------------+-------+---------+---------+
       Total:                         2424    0         429    
                                                               
    C:\ti\ccs2040\ccs\tools\compiler\ti-cgt-armllvm_4.0.4.LTS\lib\armv6m-ti-none-eabi/c/libsysbm.a
       trgmsg.c.obj                   104     0         288    
       add_device.c.obj               236     0         1      
       host_device.c.obj              0       0         200    
       open.c.obj                     160     0         1      
       hostrename.c.obj               136     0         0      
       hostlseek.c.obj                108     0         0      
       hostopen.c.obj                 96      0         8      
       hostread.c.obj                 88      0         0      
       hostwrite.c.obj                88      0         0      
       close.c.obj                    80      0         0      
       hostclose.c.obj                72      0         0      
       hostunlink.c.obj               72      0         0      
       unlink.c.obj                   44      0         0      
       write.c.obj                    40      0         0      
       remove.c.obj                   8       0         0      
       hostexit.c.obj                 4       0         0      
    +--+------------------------------+-------+---------+---------+
       Total:                         1336    0         498    
                                                               
    C:\ti\ccs2040\ccs\tools\compiler\ti-cgt-armllvm_4.0.4.LTS\lib\armv6m-ti-none-eabi/libclang_rt.builtins.a
       aeabi_idivmod.S.obj            86      0         0      
       aeabi_uidivmod.S.obj           64      0         0      
       aeabi_memset.S.obj             12      0         0      
       aeabi_memcpy.S.obj             8       0         0      
       aeabi_div0.c.obj               2       0         0      
    +--+------------------------------+-------+---------+---------+
       Total:                         172     0         0      
                                                               
       Heap:                          0       0         512    
       Stack:                         0       0         512    
       Linker Generated:              0       230       0      
    +--+------------------------------+-------+---------+---------+
       Grand Total:                   22834   105806    2270   


LINKER GENERATED COPY TABLES

__TI_cinit_table @ 0001f688 records: 2, size/record: 8, table size: 16
	.data: load addr=0001f5b0, load size=000000c2 bytes, run addr=20200000, run size=000002f5 bytes, compression=lzss
	.bss: load addr=0001f680, load size=00000008 bytes, run addr=202004f8, run size=000001f0 bytes, compression=zero_init


LINKER GENERATED HANDLER TABLE

__TI_handler_table @ 0001f674 records: 3, size/record: 4, table size: 12
	index: 0, handler: __TI_decompress_lzss
	index: 1, handler: __TI_decompress_none
	index: 2, handler: __TI_zero_init


GLOBAL SYMBOLS: SORTED ALPHABETICALLY BY Name 

address   name                             
-------   ----                             
0001f2e9  ADC0_IRQHandler                  
0001f2e9  ADC1_IRQHandler                  
0001dff5  ADC_InDual                       
0001b901  ADC_InitDual                     
0001f2e9  AES_IRQHandler                   
20200270  BusFreq                          
0001d61c  C$$EXIT                          
0001ee09  C$$IO$$                          
0001f2e9  CANFD0_IRQHandler                
0001f479  Clock_Delay                      
0001eba1  Clock_Delay1ms                   
0001f4fd  Clock_Freq                       
0001ad75  Clock_Init80MHz                  
202002d8  CurrentLanguage                  
0001f2e9  DAC0_IRQHandler                  
0001f2e9  DMA_IRQHandler                   
000196e0  FSM                              
0001dc8d  Fault_Capture                    
0001f2e9  GROUP0_IRQHandler                
0001f2e9  GROUP1_IRQHandler                
0001e755  HOSTclose                        
0001d61d  HOSTexit                         
0001dd71  HOSTlseek                        
0001e0bd  HOSTopen                         
0001e179  HOSTread                         
0001dddd  HOSTrename                       
0001e79d  HOSTunlink                       
0001e1d1  HOSTwrite                        
0001f385  HardFault_Handler                
0001f2e9  I2C0_IRQHandler                  
0001f2e9  I2C1_IRQHandler                  
202006b8  Message                          
202006cc  Messageindex                     
0001f2e9  NMI_Handler                      
0001f2e9  PendSV_Handler                   
0001f2e9  RTC_IRQHandler                   
0001f5a3  Reset_Handler                    
202006d0  S                                
00019c68  SHT$$INIT_ARRAY$$Base            
00019c6c  SHT$$INIT_ARRAY$$Limit           
0001f2e9  SPI0_IRQHandler                  
0001f2e9  SPI1_IRQHandler                  
0001f2e9  SVC_Handler                      
202006d4  Semaphore                        
20200244  Sensor                           
2020026e  StTextColor                      
20200274  StX                              
20200278  StY                              
0001db9d  SysTick_Handler                  
202006d8  TExaSLogic                       
202006dc  TExaSadc                         
0001f2e9  TIMA0_IRQHandler                 
0001f2e9  TIMA1_IRQHandler                 
0001f2e9  TIMG0_IRQHandler                 
0001eee1  TIMG12_IRQHandler                
0001f2e9  TIMG6_IRQHandler                 
0001e905  TIMG7_IRQHandler                 
0001f2e9  TIMG8_IRQHandler                 
0001f455  TI_memcpy_small                  
0001f4ef  TI_memset_small                  
0001f2e9  UART0_IRQHandler                 
0001f2e9  UART1_IRQHandler                 
0001f2e9  UART2_IRQHandler                 
0001f2e9  UART3_IRQHandler                 
202004f8  _CIOBUF_                         
0001d6a9  _Z10Pause_Initv                  
0001e229  _Z10Sound_Initv                  
0001f3dd  _Z10Sound_Meowv                  
0001f08d  _Z10Sound_Stopv                  
0001e281  _Z10TExaS_InitP10ADC12_RegsjPFhvE
0001df8d  _Z10Title_Initv                  
0001e529  _Z11SPI_OutDatac                 
0001f39b  _Z11ST7735_openPKcji             
0001f3b1  _Z11ST7735_readiPcj              
0001f3f1  _Z11Sound_Slicev                 
0001ef11  _Z11Sound_StartPKhj              
0001f33d  _Z11Switch_Initv                 
0001e331  _Z11fillmessagej                 
0001bfa1  _Z12Credits_Initv                
0001de49  _Z12LED_SetLivesh                
0001d179  _Z12ST7735_InitR10initRFlags     
0001f52d  _Z12ST7735_closei                
0001f4b7  _Z12ST7735_lseekili              
0001ebd5  _Z12ST7735_writeiPKcj            
0001b30d  _Z13GameOver_Initv               
0001cd6d  _Z13Game_GetInputv               
0001d8b5  _Z13Gameplay_Initv               
0001ec09  _Z13Joystick_Initv               
0001e579  _Z13Joystick_ReadPjS_            
0001b449  _Z13Language_Initv               
0001f509  _Z13ST7735_renamePKcS0_          
0001f537  _Z13ST7735_unlinkPKc             
0001c1c9  _Z13Settings_Initv               
0001cf85  _Z14LCD2_ShowLevelh              
0001f541  _Z14LCD2_ShowLivesh              
0001ccad  _Z14LCD2_ShowScorej              
0001d931  _Z14LaunchPad_Initv              
0001e5c9  _Z14SPI_OutCommandc              
0001cb19  _Z14ST7735_OutCharc              
0001d72d  _Z14ST7735_OutUDecj              
0001ce21  _Z14Switch_Pressedh              
0001d02d  _Z14TimerG7_IntArmtjj            
0001eac1  _Z15ActivatePortA_Bv             
0001f28d  _Z15LCD2_FillScreent             
0001eead  _Z15ST7735_Color565hhh           
0001bb41  _Z15ST7735_FillRectsssst         
0001f405  _Z15Sound_Explosionv             
0001ef41  _Z15Sound_SetVolumej             
0001d359  _Z15TimerG12_IntArmjj            
0001c2d1  _Z16Game_UpdateFramev            
0001aa3d  _Z16ST7735_DrawCharSsscssh       
0001dd01  _Z16ST7735_DrawPixelsst          
0001f205  _Z16ST7735_OutStringPc           
0001ec3d  _Z16ST7735_SetCursorjj           
0001af01  _Z17Instructions_Initv           
0001e385  _Z17LCD2_ShowReactionPKtss       
0001ec71  _Z17SPI_SelectDisplayj           
0001a629  _Z17ST7735_DrawBitmapssPKtss     
0001d7b1  _Z17ST7735_DrawStringttPcs       
0001f0b9  _Z17ST7735_FillScreent           
0001d219  _Z17ST7735_InitPrintf10initRFlags
0001b581  _Z18Language_Highlightv          
0001c3d9  _Z18ST7735_SetRotationh          
0001bc59  _Z18Settings_Highlightv          
0001f419  _Z19ST7735_SetTextColort         
0001d3ed  _Z19Title_HighlightMenuv         
0001ced5  _Z20ST7735_DrawFastHLinessst     
0001e11d  _Z21Joystick_ReadSlidePotv       
0001f489  _Z28TExaS_LaunchPadLogicPB27PB26v
0001b6b1  _Z8ADC_InitP10ADC12_Regsjj       
0001f24d  _Z8DAC5_Outj                     
0001eca5  _Z8LED_Initv                     
0001f57b  _Z8PLL_Initv                     
0001bd71  _Z8SPI_Initv                     
0001f13d  _Z9ADC_StartP10ADC12_Regs        
0001ea85  _Z9DAC5_Initv                    
0001e7e5  _Z9Game_Initv                    
0001a3c1  _Z9LCD2_Initv                    
0001e945  _Z9SPI_Resetv                    
0001ecd9  _Z9Sound_Sadv                    
0001f0e5  _Z9Switch_Inv                    
0001c6a5  _Z9UART_Initv                    
0001da29  _ZN8SlidePot4InitEv              
0001f2c9  _ZN8SlidePotC1Ejj                
0001f2c9  _ZN8SlidePotC2Ejj                
202004f8  __CIOBUF_                        
20208000  __STACK_END                      
00000200  __STACK_SIZE                     
00000200  __SYSMEM_SIZE                    
00000000  __TI_ATRegion0_region_sz         
00000000  __TI_ATRegion0_src_addr          
00000000  __TI_ATRegion0_trg_addr          
00000000  __TI_ATRegion1_region_sz         
00000000  __TI_ATRegion1_src_addr          
00000000  __TI_ATRegion1_trg_addr          
00000000  __TI_ATRegion2_region_sz         
00000000  __TI_ATRegion2_src_addr          
00000000  __TI_ATRegion2_trg_addr          
0001f688  __TI_CINIT_Base                  
0001f698  __TI_CINIT_Limit                 
0001f698  __TI_CINIT_Warm                  
0001f674  __TI_Handler_Table_Base          
0001f680  __TI_Handler_Table_Limit         
0001e481  __TI_auto_init_nobinit           
0001ed75  __TI_cleanup                     
20200258  __TI_cleanup_ptr                 
0001daa5  __TI_closefile                   
0001db21  __TI_decompress_lzss             
0001f467  __TI_decompress_none             
0001e4d5  __TI_doflush                     
2020025c  __TI_dtors_ptr                   
202002a8  __TI_ft_end                      
ffffffff  __TI_pprof_out_hndl              
ffffffff  __TI_prof_data_size              
ffffffff  __TI_prof_data_start             
0001eda9  __TI_readmsg                     
00000000  __TI_static_base__               
20200618  __TI_tmpnams                     
0001eddd  __TI_writemsg                    
0001f3c7  __TI_zero_init_nomemset          
0001e2d9  __aeabi_idiv                     
0001d177  __aeabi_idiv0                    
0001e2d9  __aeabi_idivmod                  
0001f515  __aeabi_memclr                   
0001f515  __aeabi_memclr4                  
0001f515  __aeabi_memclr8                  
0001f58d  __aeabi_memcpy                   
0001f58d  __aeabi_memcpy4                  
0001f58d  __aeabi_memcpy8                  
0001ea05  __aeabi_uidiv                    
0001ea05  __aeabi_uidivmod                 
ffffffff  __binit__                        
UNDEFED   __mpu_init                       
20207e00  __stack                          
20200000  __start___llvm_prf_bits          
20200000  __start___llvm_prf_cnts          
20200000  __stop___llvm_prf_bits           
20200000  __stop___llvm_prf_cnts           
0001f1dd  _c_int00_noargs                  
202000f0  _device                          
20200000  _ftable                          
202002ac  _lock                            
0001e32f  _nop                             
202001cc  _stream                          
202002f8  _sys_memory                      
UNDEFED   _system_post_cinit               
0001f5a7  _system_pre_init                 
202002b0  _unlock                          
0001f59d  abort                            
0001c5b9  add_device                       
0001c0b5  aligned_alloc                    
ffffffff  binit                            
0001e6b9  close                            
0001ee11  exit                             
0001ee45  finddevice                       
0001f001  fopen                            
0001c78d  free                             
0001ee79  freopen                          
202002b4  g_fault_ipsr                     
202002b8  g_fault_lr                       
202002bc  g_fault_pc                       
202002c0  g_fault_sp                       
202002c4  g_fault_vector                   
202002c8  g_fault_xpsr                     
0001df21  getdevice                        
00000000  interruptVectors                 
0001c875  main                             
0001f521  malloc                           
0001c0b5  memalign                         
0001d2b9  open                             
202006c4  parmbuf                          
0001eb69  rand                             
0001f595  remove                           
0001ca39  setvbuf                          
0001d621  strcmp                           
0001f111  unlink                           
0001f1b5  write                            


GLOBAL SYMBOLS: SORTED BY Symbol Address 

address   name                             
-------   ----                             
00000000  __TI_ATRegion0_region_sz         
00000000  __TI_ATRegion0_src_addr          
00000000  __TI_ATRegion0_trg_addr          
00000000  __TI_ATRegion1_region_sz         
00000000  __TI_ATRegion1_src_addr          
00000000  __TI_ATRegion1_trg_addr          
00000000  __TI_ATRegion2_region_sz         
00000000  __TI_ATRegion2_src_addr          
00000000  __TI_ATRegion2_trg_addr          
00000000  __TI_static_base__               
00000000  interruptVectors                 
00000200  __STACK_SIZE                     
00000200  __SYSMEM_SIZE                    
000196e0  FSM                              
00019c68  SHT$$INIT_ARRAY$$Base            
00019c6c  SHT$$INIT_ARRAY$$Limit           
0001a3c1  _Z9LCD2_Initv                    
0001a629  _Z17ST7735_DrawBitmapssPKtss     
0001aa3d  _Z16ST7735_DrawCharSsscssh       
0001ad75  Clock_Init80MHz                  
0001af01  _Z17Instructions_Initv           
0001b30d  _Z13GameOver_Initv               
0001b449  _Z13Language_Initv               
0001b581  _Z18Language_Highlightv          
0001b6b1  _Z8ADC_InitP10ADC12_Regsjj       
0001b901  ADC_InitDual                     
0001bb41  _Z15ST7735_FillRectsssst         
0001bc59  _Z18Settings_Highlightv          
0001bd71  _Z8SPI_Initv                     
0001bfa1  _Z12Credits_Initv                
0001c0b5  aligned_alloc                    
0001c0b5  memalign                         
0001c1c9  _Z13Settings_Initv               
0001c2d1  _Z16Game_UpdateFramev            
0001c3d9  _Z18ST7735_SetRotationh          
0001c5b9  add_device                       
0001c6a5  _Z9UART_Initv                    
0001c78d  free                             
0001c875  main                             
0001ca39  setvbuf                          
0001cb19  _Z14ST7735_OutCharc              
0001ccad  _Z14LCD2_ShowScorej              
0001cd6d  _Z13Game_GetInputv               
0001ce21  _Z14Switch_Pressedh              
0001ced5  _Z20ST7735_DrawFastHLinessst     
0001cf85  _Z14LCD2_ShowLevelh              
0001d02d  _Z14TimerG7_IntArmtjj            
0001d177  __aeabi_idiv0                    
0001d179  _Z12ST7735_InitR10initRFlags     
0001d219  _Z17ST7735_InitPrintf10initRFlags
0001d2b9  open                             
0001d359  _Z15TimerG12_IntArmjj            
0001d3ed  _Z19Title_HighlightMenuv         
0001d61c  C$$EXIT                          
0001d61d  HOSTexit                         
0001d621  strcmp                           
0001d6a9  _Z10Pause_Initv                  
0001d72d  _Z14ST7735_OutUDecj              
0001d7b1  _Z17ST7735_DrawStringttPcs       
0001d8b5  _Z13Gameplay_Initv               
0001d931  _Z14LaunchPad_Initv              
0001da29  _ZN8SlidePot4InitEv              
0001daa5  __TI_closefile                   
0001db21  __TI_decompress_lzss             
0001db9d  SysTick_Handler                  
0001dc8d  Fault_Capture                    
0001dd01  _Z16ST7735_DrawPixelsst          
0001dd71  HOSTlseek                        
0001dddd  HOSTrename                       
0001de49  _Z12LED_SetLivesh                
0001df21  getdevice                        
0001df8d  _Z10Title_Initv                  
0001dff5  ADC_InDual                       
0001e0bd  HOSTopen                         
0001e11d  _Z21Joystick_ReadSlidePotv       
0001e179  HOSTread                         
0001e1d1  HOSTwrite                        
0001e229  _Z10Sound_Initv                  
0001e281  _Z10TExaS_InitP10ADC12_RegsjPFhvE
0001e2d9  __aeabi_idiv                     
0001e2d9  __aeabi_idivmod                  
0001e32f  _nop                             
0001e331  _Z11fillmessagej                 
0001e385  _Z17LCD2_ShowReactionPKtss       
0001e481  __TI_auto_init_nobinit           
0001e4d5  __TI_doflush                     
0001e529  _Z11SPI_OutDatac                 
0001e579  _Z13Joystick_ReadPjS_            
0001e5c9  _Z14SPI_OutCommandc              
0001e6b9  close                            
0001e755  HOSTclose                        
0001e79d  HOSTunlink                       
0001e7e5  _Z9Game_Initv                    
0001e905  TIMG7_IRQHandler                 
0001e945  _Z9SPI_Resetv                    
0001ea05  __aeabi_uidiv                    
0001ea05  __aeabi_uidivmod                 
0001ea85  _Z9DAC5_Initv                    
0001eac1  _Z15ActivatePortA_Bv             
0001eb69  rand                             
0001eba1  Clock_Delay1ms                   
0001ebd5  _Z12ST7735_writeiPKcj            
0001ec09  _Z13Joystick_Initv               
0001ec3d  _Z16ST7735_SetCursorjj           
0001ec71  _Z17SPI_SelectDisplayj           
0001eca5  _Z8LED_Initv                     
0001ecd9  _Z9Sound_Sadv                    
0001ed75  __TI_cleanup                     
0001eda9  __TI_readmsg                     
0001eddd  __TI_writemsg                    
0001ee09  C$$IO$$                          
0001ee11  exit                             
0001ee45  finddevice                       
0001ee79  freopen                          
0001eead  _Z15ST7735_Color565hhh           
0001eee1  TIMG12_IRQHandler                
0001ef11  _Z11Sound_StartPKhj              
0001ef41  _Z15Sound_SetVolumej             
0001f001  fopen                            
0001f08d  _Z10Sound_Stopv                  
0001f0b9  _Z17ST7735_FillScreent           
0001f0e5  _Z9Switch_Inv                    
0001f111  unlink                           
0001f13d  _Z9ADC_StartP10ADC12_Regs        
0001f1b5  write                            
0001f1dd  _c_int00_noargs                  
0001f205  _Z16ST7735_OutStringPc           
0001f24d  _Z8DAC5_Outj                     
0001f28d  _Z15LCD2_FillScreent             
0001f2c9  _ZN8SlidePotC1Ejj                
0001f2c9  _ZN8SlidePotC2Ejj                
0001f2e9  ADC0_IRQHandler                  
0001f2e9  ADC1_IRQHandler                  
0001f2e9  AES_IRQHandler                   
0001f2e9  CANFD0_IRQHandler                
0001f2e9  DAC0_IRQHandler                  
0001f2e9  DMA_IRQHandler                   
0001f2e9  GROUP0_IRQHandler                
0001f2e9  GROUP1_IRQHandler                
0001f2e9  I2C0_IRQHandler                  
0001f2e9  I2C1_IRQHandler                  
0001f2e9  NMI_Handler                      
0001f2e9  PendSV_Handler                   
0001f2e9  RTC_IRQHandler                   
0001f2e9  SPI0_IRQHandler                  
0001f2e9  SPI1_IRQHandler                  
0001f2e9  SVC_Handler                      
0001f2e9  TIMA0_IRQHandler                 
0001f2e9  TIMA1_IRQHandler                 
0001f2e9  TIMG0_IRQHandler                 
0001f2e9  TIMG6_IRQHandler                 
0001f2e9  TIMG8_IRQHandler                 
0001f2e9  UART0_IRQHandler                 
0001f2e9  UART1_IRQHandler                 
0001f2e9  UART2_IRQHandler                 
0001f2e9  UART3_IRQHandler                 
0001f33d  _Z11Switch_Initv                 
0001f385  HardFault_Handler                
0001f39b  _Z11ST7735_openPKcji             
0001f3b1  _Z11ST7735_readiPcj              
0001f3c7  __TI_zero_init_nomemset          
0001f3dd  _Z10Sound_Meowv                  
0001f3f1  _Z11Sound_Slicev                 
0001f405  _Z15Sound_Explosionv             
0001f419  _Z19ST7735_SetTextColort         
0001f455  TI_memcpy_small                  
0001f467  __TI_decompress_none             
0001f479  Clock_Delay                      
0001f489  _Z28TExaS_LaunchPadLogicPB27PB26v
0001f4b7  _Z12ST7735_lseekili              
0001f4ef  TI_memset_small                  
0001f4fd  Clock_Freq                       
0001f509  _Z13ST7735_renamePKcS0_          
0001f515  __aeabi_memclr                   
0001f515  __aeabi_memclr4                  
0001f515  __aeabi_memclr8                  
0001f521  malloc                           
0001f52d  _Z12ST7735_closei                
0001f537  _Z13ST7735_unlinkPKc             
0001f541  _Z14LCD2_ShowLivesh              
0001f57b  _Z8PLL_Initv                     
0001f58d  __aeabi_memcpy                   
0001f58d  __aeabi_memcpy4                  
0001f58d  __aeabi_memcpy8                  
0001f595  remove                           
0001f59d  abort                            
0001f5a3  Reset_Handler                    
0001f5a7  _system_pre_init                 
0001f674  __TI_Handler_Table_Base          
0001f680  __TI_Handler_Table_Limit         
0001f688  __TI_CINIT_Base                  
0001f698  __TI_CINIT_Limit                 
0001f698  __TI_CINIT_Warm                  
20200000  __start___llvm_prf_bits          
20200000  __start___llvm_prf_cnts          
20200000  __stop___llvm_prf_bits           
20200000  __stop___llvm_prf_cnts           
20200000  _ftable                          
202000f0  _device                          
202001cc  _stream                          
20200244  Sensor                           
20200258  __TI_cleanup_ptr                 
2020025c  __TI_dtors_ptr                   
2020026e  StTextColor                      
20200270  BusFreq                          
20200274  StX                              
20200278  StY                              
202002a8  __TI_ft_end                      
202002ac  _lock                            
202002b0  _unlock                          
202002b4  g_fault_ipsr                     
202002b8  g_fault_lr                       
202002bc  g_fault_pc                       
202002c0  g_fault_sp                       
202002c4  g_fault_vector                   
202002c8  g_fault_xpsr                     
202002d8  CurrentLanguage                  
202002f8  _sys_memory                      
202004f8  _CIOBUF_                         
202004f8  __CIOBUF_                        
20200618  __TI_tmpnams                     
202006b8  Message                          
202006c4  parmbuf                          
202006cc  Messageindex                     
202006d0  S                                
202006d4  Semaphore                        
202006d8  TExaSLogic                       
202006dc  TExaSadc                         
20207e00  __stack                          
20208000  __STACK_END                      
ffffffff  __TI_pprof_out_hndl              
ffffffff  __TI_prof_data_size              
ffffffff  __TI_prof_data_start             
ffffffff  __binit__                        
ffffffff  binit                            
UNDEFED   __mpu_init                       
UNDEFED   _system_post_cinit               

[237 symbols]
