<?xml version="1.0" encoding="ISO-8859-1" ?>
<link_info>
   <banner>TI ARM Clang Linker PC v4.0.4.LTS</banner>
   <copyright>Copyright (c) 1996-2018 Texas Instruments Incorporated</copyright>
   <command_line>C:\ti\ccs2040\ccs\tools\compiler\ti-cgt-armllvm_4.0.4.LTS\bin\tiarmlnk -IC:\ti\ccs2040\ccs\tools\compiler\ti-cgt-armllvm_4.0.4.LTS\lib -o ECE319K_Lab9H.out -mECE319K_Lab9H.map --heap_size=512 --stack_size=512 -iC:/MSPM0_ValvanoWare/ECE319K_Lab9H/Debug/syscfg -iC:/ti/ccs2040/ccs/tools/compiler/ti-cgt-armllvm_4.0.4.LTS/lib --diag_wrap=off --display_error_number --warn_sections --xml_link_info=ECE319K_Lab9H_linkInfo.xml --rom_model ./ADC.o ./Clock.o ./DAC5.o ./Fruit.o ./Joystick.o ./LCD2.o ./LED.o ./Lab9HMain.o ./Language.o ./LaunchPad.o ./SPI.o ./ST7735.o ./SlidePot.o ./SmallFont.o ./Sound.o ./Switch.o ./TExaS.o ./Timer.o ./game.o ./ticlang/startup_mspm0g3507_ticlang.o ../mspm0g3507.cmd -lC:/ti/mspm0_sdk_2_09_00_01/source/ti/driverlib/lib/ticlang/m0p/mspm0g1x0x_g3x0x/driverlib.a -llibc.a --start-group -llibc++.a -llibc++abi.a -llibc.a -llibsys.a -llibsysbm.a -llibclang_rt.builtins.a -llibclang_rt.profile.a --end-group --cg_opt_level=0</command_line>
   <link_time>0x69e858ae</link_time>
   <link_errors>0x0</link_errors>
   <output_file>C:\MSPM0_ValvanoWare\ECE319K_Lab9H\Debug\ECE319K_Lab9H.out</output_file>
   <entry_point>
      <name>_c_int00_noargs</name>
      <address>0x1f399</address>
   </entry_point>
   <input_file_list>
      <input_file id="fl-1">
         <path>C:\MSPM0_ValvanoWare\ECE319K_Lab9H\Debug\.\</path>
         <kind>object</kind>
         <file>ADC.o</file>
         <name>ADC.o</name>
      </input_file>
      <input_file id="fl-2">
         <path>C:\MSPM0_ValvanoWare\ECE319K_Lab9H\Debug\.\</path>
         <kind>object</kind>
         <file>Clock.o</file>
         <name>Clock.o</name>
      </input_file>
      <input_file id="fl-3">
         <path>C:\MSPM0_ValvanoWare\ECE319K_Lab9H\Debug\.\</path>
         <kind>object</kind>
         <file>DAC5.o</file>
         <name>DAC5.o</name>
      </input_file>
      <input_file id="fl-4">
         <path>C:\MSPM0_ValvanoWare\ECE319K_Lab9H\Debug\.\</path>
         <kind>object</kind>
         <file>Fruit.o</file>
         <name>Fruit.o</name>
      </input_file>
      <input_file id="fl-5">
         <path>C:\MSPM0_ValvanoWare\ECE319K_Lab9H\Debug\.\</path>
         <kind>object</kind>
         <file>Joystick.o</file>
         <name>Joystick.o</name>
      </input_file>
      <input_file id="fl-6">
         <path>C:\MSPM0_ValvanoWare\ECE319K_Lab9H\Debug\.\</path>
         <kind>object</kind>
         <file>LCD2.o</file>
         <name>LCD2.o</name>
      </input_file>
      <input_file id="fl-7">
         <path>C:\MSPM0_ValvanoWare\ECE319K_Lab9H\Debug\.\</path>
         <kind>object</kind>
         <file>LED.o</file>
         <name>LED.o</name>
      </input_file>
      <input_file id="fl-8">
         <path>C:\MSPM0_ValvanoWare\ECE319K_Lab9H\Debug\.\</path>
         <kind>object</kind>
         <file>Lab9HMain.o</file>
         <name>Lab9HMain.o</name>
      </input_file>
      <input_file id="fl-9">
         <path>C:\MSPM0_ValvanoWare\ECE319K_Lab9H\Debug\.\</path>
         <kind>object</kind>
         <file>Language.o</file>
         <name>Language.o</name>
      </input_file>
      <input_file id="fl-a">
         <path>C:\MSPM0_ValvanoWare\ECE319K_Lab9H\Debug\.\</path>
         <kind>object</kind>
         <file>LaunchPad.o</file>
         <name>LaunchPad.o</name>
      </input_file>
      <input_file id="fl-b">
         <path>C:\MSPM0_ValvanoWare\ECE319K_Lab9H\Debug\.\</path>
         <kind>object</kind>
         <file>SPI.o</file>
         <name>SPI.o</name>
      </input_file>
      <input_file id="fl-c">
         <path>C:\MSPM0_ValvanoWare\ECE319K_Lab9H\Debug\.\</path>
         <kind>object</kind>
         <file>ST7735.o</file>
         <name>ST7735.o</name>
      </input_file>
      <input_file id="fl-d">
         <path>C:\MSPM0_ValvanoWare\ECE319K_Lab9H\Debug\.\</path>
         <kind>object</kind>
         <file>SlidePot.o</file>
         <name>SlidePot.o</name>
      </input_file>
      <input_file id="fl-e">
         <path>C:\MSPM0_ValvanoWare\ECE319K_Lab9H\Debug\.\</path>
         <kind>object</kind>
         <file>SmallFont.o</file>
         <name>SmallFont.o</name>
      </input_file>
      <input_file id="fl-f">
         <path>C:\MSPM0_ValvanoWare\ECE319K_Lab9H\Debug\.\</path>
         <kind>object</kind>
         <file>Sound.o</file>
         <name>Sound.o</name>
      </input_file>
      <input_file id="fl-10">
         <path>C:\MSPM0_ValvanoWare\ECE319K_Lab9H\Debug\.\</path>
         <kind>object</kind>
         <file>Switch.o</file>
         <name>Switch.o</name>
      </input_file>
      <input_file id="fl-11">
         <path>C:\MSPM0_ValvanoWare\ECE319K_Lab9H\Debug\.\</path>
         <kind>object</kind>
         <file>TExaS.o</file>
         <name>TExaS.o</name>
      </input_file>
      <input_file id="fl-12">
         <path>C:\MSPM0_ValvanoWare\ECE319K_Lab9H\Debug\.\</path>
         <kind>object</kind>
         <file>Timer.o</file>
         <name>Timer.o</name>
      </input_file>
      <input_file id="fl-13">
         <path>C:\MSPM0_ValvanoWare\ECE319K_Lab9H\Debug\.\</path>
         <kind>object</kind>
         <file>game.o</file>
         <name>game.o</name>
      </input_file>
      <input_file id="fl-14">
         <path>C:\MSPM0_ValvanoWare\ECE319K_Lab9H\Debug\.\ticlang\</path>
         <kind>object</kind>
         <file>startup_mspm0g3507_ticlang.o</file>
         <name>startup_mspm0g3507_ticlang.o</name>
      </input_file>
      <input_file id="fl-20">
         <path>C:\MSPM0_ValvanoWare\ECE319K_Lab9H\Debug\</path>
         <kind>object</kind>
         <file>&lt;internal&gt;</file>
         <name>&lt;internal&gt;</name>
      </input_file>
      <input_file id="fl-37">
         <path>C:\ti\ccs2040\ccs\tools\compiler\ti-cgt-armllvm_4.0.4.LTS\lib\armv6m-ti-none-eabi\c\</path>
         <kind>archive</kind>
         <file>libc.a</file>
         <name>fopen.c.obj</name>
      </input_file>
      <input_file id="fl-38">
         <path>C:\ti\ccs2040\ccs\tools\compiler\ti-cgt-armllvm_4.0.4.LTS\lib\armv6m-ti-none-eabi\c\</path>
         <kind>archive</kind>
         <file>libc.a</file>
         <name>setvbuf.c.obj</name>
      </input_file>
      <input_file id="fl-39">
         <path>C:\ti\ccs2040\ccs\tools\compiler\ti-cgt-armllvm_4.0.4.LTS\lib\armv6m-ti-none-eabi\c\</path>
         <kind>archive</kind>
         <file>libc.a</file>
         <name>aeabi_portable.c.obj</name>
      </input_file>
      <input_file id="fl-3a">
         <path>C:\ti\ccs2040\ccs\tools\compiler\ti-cgt-armllvm_4.0.4.LTS\lib\armv6m-ti-none-eabi\c\</path>
         <kind>archive</kind>
         <file>libc.a</file>
         <name>exit.c.obj</name>
      </input_file>
      <input_file id="fl-3b">
         <path>C:\ti\ccs2040\ccs\tools\compiler\ti-cgt-armllvm_4.0.4.LTS\lib\armv6m-ti-none-eabi\c\</path>
         <kind>archive</kind>
         <file>libc.a</file>
         <name>_lock.c.obj</name>
      </input_file>
      <input_file id="fl-3c">
         <path>C:\ti\ccs2040\ccs\tools\compiler\ti-cgt-armllvm_4.0.4.LTS\lib\armv6m-ti-none-eabi\c\</path>
         <kind>archive</kind>
         <file>libc.a</file>
         <name>assert.c.obj</name>
      </input_file>
      <input_file id="fl-3d">
         <path>C:\ti\ccs2040\ccs\tools\compiler\ti-cgt-armllvm_4.0.4.LTS\lib\armv6m-ti-none-eabi\c\</path>
         <kind>archive</kind>
         <file>libc.a</file>
         <name>defs.c.obj</name>
      </input_file>
      <input_file id="fl-3e">
         <path>C:\ti\ccs2040\ccs\tools\compiler\ti-cgt-armllvm_4.0.4.LTS\lib\armv6m-ti-none-eabi\c\</path>
         <kind>archive</kind>
         <file>libc.a</file>
         <name>memory.c.obj</name>
      </input_file>
      <input_file id="fl-3f">
         <path>C:\ti\ccs2040\ccs\tools\compiler\ti-cgt-armllvm_4.0.4.LTS\lib\armv6m-ti-none-eabi\c\</path>
         <kind>archive</kind>
         <file>libc.a</file>
         <name>rand.c.obj</name>
      </input_file>
      <input_file id="fl-40">
         <path>C:\ti\ccs2040\ccs\tools\compiler\ti-cgt-armllvm_4.0.4.LTS\lib\armv6m-ti-none-eabi\c\</path>
         <kind>archive</kind>
         <file>libc.a</file>
         <name>boot_cortex_m.c.obj</name>
      </input_file>
      <input_file id="fl-41">
         <path>C:\ti\ccs2040\ccs\tools\compiler\ti-cgt-armllvm_4.0.4.LTS\lib\armv6m-ti-none-eabi\c\</path>
         <kind>archive</kind>
         <file>libc.a</file>
         <name>mathacl_init.c.obj</name>
      </input_file>
      <input_file id="fl-42">
         <path>C:\ti\ccs2040\ccs\tools\compiler\ti-cgt-armllvm_4.0.4.LTS\lib\armv6m-ti-none-eabi\c\</path>
         <kind>archive</kind>
         <file>libc.a</file>
         <name>autoinit.c.obj</name>
      </input_file>
      <input_file id="fl-43">
         <path>C:\ti\ccs2040\ccs\tools\compiler\ti-cgt-armllvm_4.0.4.LTS\lib\armv6m-ti-none-eabi\c\</path>
         <kind>archive</kind>
         <file>libc.a</file>
         <name>pre_init.c.obj</name>
      </input_file>
      <input_file id="fl-44">
         <path>C:\ti\ccs2040\ccs\tools\compiler\ti-cgt-armllvm_4.0.4.LTS\lib\armv6m-ti-none-eabi\c\</path>
         <kind>archive</kind>
         <file>libc.a</file>
         <name>cpy_tbl.c.obj</name>
      </input_file>
      <input_file id="fl-45">
         <path>C:\ti\ccs2040\ccs\tools\compiler\ti-cgt-armllvm_4.0.4.LTS\lib\armv6m-ti-none-eabi\c\</path>
         <kind>archive</kind>
         <file>libc.a</file>
         <name>copy_zero_init.c.obj</name>
      </input_file>
      <input_file id="fl-46">
         <path>C:\ti\ccs2040\ccs\tools\compiler\ti-cgt-armllvm_4.0.4.LTS\lib\armv6m-ti-none-eabi\c\</path>
         <kind>archive</kind>
         <file>libc.a</file>
         <name>copy_decompress_none.c.obj</name>
      </input_file>
      <input_file id="fl-47">
         <path>C:\ti\ccs2040\ccs\tools\compiler\ti-cgt-armllvm_4.0.4.LTS\lib\armv6m-ti-none-eabi\c\</path>
         <kind>archive</kind>
         <file>libc.a</file>
         <name>copy_decompress_lzss.c.obj</name>
      </input_file>
      <input_file id="fl-48">
         <path>C:\ti\ccs2040\ccs\tools\compiler\ti-cgt-armllvm_4.0.4.LTS\lib\armv6m-ti-none-eabi\c\</path>
         <kind>archive</kind>
         <file>libc.a</file>
         <name>sprintf.c.obj</name>
      </input_file>
      <input_file id="fl-49">
         <path>C:\ti\ccs2040\ccs\tools\compiler\ti-cgt-armllvm_4.0.4.LTS\lib\armv6m-ti-none-eabi\c\</path>
         <kind>archive</kind>
         <file>libc.a</file>
         <name>fclose.c.obj</name>
      </input_file>
      <input_file id="fl-4a">
         <path>C:\ti\ccs2040\ccs\tools\compiler\ti-cgt-armllvm_4.0.4.LTS\lib\armv6m-ti-none-eabi\c\</path>
         <kind>archive</kind>
         <file>libc.a</file>
         <name>fflush.c.obj</name>
      </input_file>
      <input_file id="fl-4b">
         <path>C:\ti\ccs2040\ccs\tools\compiler\ti-cgt-armllvm_4.0.4.LTS\lib\armv6m-ti-none-eabi\c\</path>
         <kind>archive</kind>
         <file>libc.a</file>
         <name>fputs.c.obj</name>
      </input_file>
      <input_file id="fl-4c">
         <path>C:\ti\ccs2040\ccs\tools\compiler\ti-cgt-armllvm_4.0.4.LTS\lib\armv6m-ti-none-eabi\c\</path>
         <kind>archive</kind>
         <file>libc.a</file>
         <name>_io_perm.c.obj</name>
      </input_file>
      <input_file id="fl-4d">
         <path>C:\ti\ccs2040\ccs\tools\compiler\ti-cgt-armllvm_4.0.4.LTS\lib\armv6m-ti-none-eabi\c\</path>
         <kind>archive</kind>
         <file>libc.a</file>
         <name>args_main.c.obj</name>
      </input_file>
      <input_file id="fl-4e">
         <path>C:\ti\ccs2040\ccs\tools\compiler\ti-cgt-armllvm_4.0.4.LTS\lib\armv6m-ti-none-eabi\c\</path>
         <kind>archive</kind>
         <file>libc.a</file>
         <name>_printfi.c.obj</name>
      </input_file>
      <input_file id="fl-4f">
         <path>C:\ti\ccs2040\ccs\tools\compiler\ti-cgt-armllvm_4.0.4.LTS\lib\armv6m-ti-none-eabi\c\</path>
         <kind>archive</kind>
         <file>libc.a</file>
         <name>fseek.c.obj</name>
      </input_file>
      <input_file id="fl-50">
         <path>C:\ti\ccs2040\ccs\tools\compiler\ti-cgt-armllvm_4.0.4.LTS\lib\armv6m-ti-none-eabi\c\</path>
         <kind>archive</kind>
         <file>libc.a</file>
         <name>_ltoa.c.obj</name>
      </input_file>
      <input_file id="fl-51">
         <path>C:\ti\ccs2040\ccs\tools\compiler\ti-cgt-armllvm_4.0.4.LTS\lib\armv6m-ti-none-eabi\c\</path>
         <kind>archive</kind>
         <file>libc.a</file>
         <name>atoi.c.obj</name>
      </input_file>
      <input_file id="fl-52">
         <path>C:\ti\ccs2040\ccs\tools\compiler\ti-cgt-armllvm_4.0.4.LTS\lib\armv6m-ti-none-eabi\c\</path>
         <kind>archive</kind>
         <file>libc.a</file>
         <name>memccpy.c.obj</name>
      </input_file>
      <input_file id="fl-53">
         <path>C:\ti\ccs2040\ccs\tools\compiler\ti-cgt-armllvm_4.0.4.LTS\lib\armv6m-ti-none-eabi\c\</path>
         <kind>archive</kind>
         <file>libc.a</file>
         <name>s_frexp.c.obj</name>
      </input_file>
      <input_file id="fl-54">
         <path>C:\ti\ccs2040\ccs\tools\compiler\ti-cgt-armllvm_4.0.4.LTS\lib\armv6m-ti-none-eabi\c\</path>
         <kind>archive</kind>
         <file>libc.a</file>
         <name>s_scalbn.c.obj</name>
      </input_file>
      <input_file id="fl-55">
         <path>C:\ti\ccs2040\ccs\tools\compiler\ti-cgt-armllvm_4.0.4.LTS\lib\armv6m-ti-none-eabi\c\</path>
         <kind>archive</kind>
         <file>libc.a</file>
         <name>wcslen.c.obj</name>
      </input_file>
      <input_file id="fl-56">
         <path>C:\ti\ccs2040\ccs\tools\compiler\ti-cgt-armllvm_4.0.4.LTS\lib\armv6m-ti-none-eabi\c\</path>
         <kind>archive</kind>
         <file>libc.a</file>
         <name>aeabi_ctype.S.obj</name>
      </input_file>
      <input_file id="fl-f6">
         <path>C:\ti\ccs2040\ccs\tools\compiler\ti-cgt-armllvm_4.0.4.LTS\lib\armv6m-ti-none-eabi\c\</path>
         <kind>archive</kind>
         <file>libsysbm.a</file>
         <name>hostexit.c.obj</name>
      </input_file>
      <input_file id="fl-f7">
         <path>C:\ti\ccs2040\ccs\tools\compiler\ti-cgt-armllvm_4.0.4.LTS\lib\armv6m-ti-none-eabi\c\</path>
         <kind>archive</kind>
         <file>libsysbm.a</file>
         <name>write.c.obj</name>
      </input_file>
      <input_file id="fl-f8">
         <path>C:\ti\ccs2040\ccs\tools\compiler\ti-cgt-armllvm_4.0.4.LTS\lib\armv6m-ti-none-eabi\c\</path>
         <kind>archive</kind>
         <file>libsysbm.a</file>
         <name>host_device.c.obj</name>
      </input_file>
      <input_file id="fl-f9">
         <path>C:\ti\ccs2040\ccs\tools\compiler\ti-cgt-armllvm_4.0.4.LTS\lib\armv6m-ti-none-eabi\c\</path>
         <kind>archive</kind>
         <file>libsysbm.a</file>
         <name>remove.c.obj</name>
      </input_file>
      <input_file id="fl-fa">
         <path>C:\ti\ccs2040\ccs\tools\compiler\ti-cgt-armllvm_4.0.4.LTS\lib\armv6m-ti-none-eabi\c\</path>
         <kind>archive</kind>
         <file>libsysbm.a</file>
         <name>open.c.obj</name>
      </input_file>
      <input_file id="fl-fb">
         <path>C:\ti\ccs2040\ccs\tools\compiler\ti-cgt-armllvm_4.0.4.LTS\lib\armv6m-ti-none-eabi\c\</path>
         <kind>archive</kind>
         <file>libsysbm.a</file>
         <name>lseek.c.obj</name>
      </input_file>
      <input_file id="fl-fc">
         <path>C:\ti\ccs2040\ccs\tools\compiler\ti-cgt-armllvm_4.0.4.LTS\lib\armv6m-ti-none-eabi\c\</path>
         <kind>archive</kind>
         <file>libsysbm.a</file>
         <name>close.c.obj</name>
      </input_file>
      <input_file id="fl-fd">
         <path>C:\ti\ccs2040\ccs\tools\compiler\ti-cgt-armllvm_4.0.4.LTS\lib\armv6m-ti-none-eabi\c\</path>
         <kind>archive</kind>
         <file>libsysbm.a</file>
         <name>add_device.c.obj</name>
      </input_file>
      <input_file id="fl-fe">
         <path>C:\ti\ccs2040\ccs\tools\compiler\ti-cgt-armllvm_4.0.4.LTS\lib\armv6m-ti-none-eabi\c\</path>
         <kind>archive</kind>
         <file>libsysbm.a</file>
         <name>unlink.c.obj</name>
      </input_file>
      <input_file id="fl-ff">
         <path>C:\ti\ccs2040\ccs\tools\compiler\ti-cgt-armllvm_4.0.4.LTS\lib\armv6m-ti-none-eabi\c\</path>
         <kind>archive</kind>
         <file>libsysbm.a</file>
         <name>hostclose.c.obj</name>
      </input_file>
      <input_file id="fl-100">
         <path>C:\ti\ccs2040\ccs\tools\compiler\ti-cgt-armllvm_4.0.4.LTS\lib\armv6m-ti-none-eabi\c\</path>
         <kind>archive</kind>
         <file>libsysbm.a</file>
         <name>hostlseek.c.obj</name>
      </input_file>
      <input_file id="fl-101">
         <path>C:\ti\ccs2040\ccs\tools\compiler\ti-cgt-armllvm_4.0.4.LTS\lib\armv6m-ti-none-eabi\c\</path>
         <kind>archive</kind>
         <file>libsysbm.a</file>
         <name>hostopen.c.obj</name>
      </input_file>
      <input_file id="fl-102">
         <path>C:\ti\ccs2040\ccs\tools\compiler\ti-cgt-armllvm_4.0.4.LTS\lib\armv6m-ti-none-eabi\c\</path>
         <kind>archive</kind>
         <file>libsysbm.a</file>
         <name>hostread.c.obj</name>
      </input_file>
      <input_file id="fl-103">
         <path>C:\ti\ccs2040\ccs\tools\compiler\ti-cgt-armllvm_4.0.4.LTS\lib\armv6m-ti-none-eabi\c\</path>
         <kind>archive</kind>
         <file>libsysbm.a</file>
         <name>hostrename.c.obj</name>
      </input_file>
      <input_file id="fl-104">
         <path>C:\ti\ccs2040\ccs\tools\compiler\ti-cgt-armllvm_4.0.4.LTS\lib\armv6m-ti-none-eabi\c\</path>
         <kind>archive</kind>
         <file>libsysbm.a</file>
         <name>hostunlink.c.obj</name>
      </input_file>
      <input_file id="fl-105">
         <path>C:\ti\ccs2040\ccs\tools\compiler\ti-cgt-armllvm_4.0.4.LTS\lib\armv6m-ti-none-eabi\c\</path>
         <kind>archive</kind>
         <file>libsysbm.a</file>
         <name>hostwrite.c.obj</name>
      </input_file>
      <input_file id="fl-106">
         <path>C:\ti\ccs2040\ccs\tools\compiler\ti-cgt-armllvm_4.0.4.LTS\lib\armv6m-ti-none-eabi\c\</path>
         <kind>archive</kind>
         <file>libsysbm.a</file>
         <name>trgmsg.c.obj</name>
      </input_file>
      <input_file id="fl-107">
         <path>C:\ti\ccs2040\ccs\tools\compiler\ti-cgt-armllvm_4.0.4.LTS\lib\armv6m-ti-none-eabi\</path>
         <kind>archive</kind>
         <file>libclang_rt.builtins.a</file>
         <name>adddf3.S.obj</name>
      </input_file>
      <input_file id="fl-108">
         <path>C:\ti\ccs2040\ccs\tools\compiler\ti-cgt-armllvm_4.0.4.LTS\lib\armv6m-ti-none-eabi\</path>
         <kind>archive</kind>
         <file>libclang_rt.builtins.a</file>
         <name>muldf3.S.obj</name>
      </input_file>
      <input_file id="fl-109">
         <path>C:\ti\ccs2040\ccs\tools\compiler\ti-cgt-armllvm_4.0.4.LTS\lib\armv6m-ti-none-eabi\</path>
         <kind>archive</kind>
         <file>libclang_rt.builtins.a</file>
         <name>muldsi3.S.obj</name>
      </input_file>
      <input_file id="fl-10a">
         <path>C:\ti\ccs2040\ccs\tools\compiler\ti-cgt-armllvm_4.0.4.LTS\lib\armv6m-ti-none-eabi\</path>
         <kind>archive</kind>
         <file>libclang_rt.builtins.a</file>
         <name>divdf3.S.obj</name>
      </input_file>
      <input_file id="fl-10b">
         <path>C:\ti\ccs2040\ccs\tools\compiler\ti-cgt-armllvm_4.0.4.LTS\lib\armv6m-ti-none-eabi\</path>
         <kind>archive</kind>
         <file>libclang_rt.builtins.a</file>
         <name>fixdfsi.S.obj</name>
      </input_file>
      <input_file id="fl-10c">
         <path>C:\ti\ccs2040\ccs\tools\compiler\ti-cgt-armllvm_4.0.4.LTS\lib\armv6m-ti-none-eabi\</path>
         <kind>archive</kind>
         <file>libclang_rt.builtins.a</file>
         <name>floatsidf.S.obj</name>
      </input_file>
      <input_file id="fl-10d">
         <path>C:\ti\ccs2040\ccs\tools\compiler\ti-cgt-armllvm_4.0.4.LTS\lib\armv6m-ti-none-eabi\</path>
         <kind>archive</kind>
         <file>libclang_rt.builtins.a</file>
         <name>floatunsidf.S.obj</name>
      </input_file>
      <input_file id="fl-10e">
         <path>C:\ti\ccs2040\ccs\tools\compiler\ti-cgt-armllvm_4.0.4.LTS\lib\armv6m-ti-none-eabi\</path>
         <kind>archive</kind>
         <file>libclang_rt.builtins.a</file>
         <name>muldi3.S.obj</name>
      </input_file>
      <input_file id="fl-10f">
         <path>C:\ti\ccs2040\ccs\tools\compiler\ti-cgt-armllvm_4.0.4.LTS\lib\armv6m-ti-none-eabi\</path>
         <kind>archive</kind>
         <file>libclang_rt.builtins.a</file>
         <name>truncdfsf2.S.obj</name>
      </input_file>
      <input_file id="fl-110">
         <path>C:\ti\ccs2040\ccs\tools\compiler\ti-cgt-armllvm_4.0.4.LTS\lib\armv6m-ti-none-eabi\</path>
         <kind>archive</kind>
         <file>libclang_rt.builtins.a</file>
         <name>aeabi_dcmp.S.obj</name>
      </input_file>
      <input_file id="fl-111">
         <path>C:\ti\ccs2040\ccs\tools\compiler\ti-cgt-armllvm_4.0.4.LTS\lib\armv6m-ti-none-eabi\</path>
         <kind>archive</kind>
         <file>libclang_rt.builtins.a</file>
         <name>aeabi_idivmod.S.obj</name>
      </input_file>
      <input_file id="fl-112">
         <path>C:\ti\ccs2040\ccs\tools\compiler\ti-cgt-armllvm_4.0.4.LTS\lib\armv6m-ti-none-eabi\</path>
         <kind>archive</kind>
         <file>libclang_rt.builtins.a</file>
         <name>aeabi_memcpy.S.obj</name>
      </input_file>
      <input_file id="fl-113">
         <path>C:\ti\ccs2040\ccs\tools\compiler\ti-cgt-armllvm_4.0.4.LTS\lib\armv6m-ti-none-eabi\</path>
         <kind>archive</kind>
         <file>libclang_rt.builtins.a</file>
         <name>aeabi_memset.S.obj</name>
      </input_file>
      <input_file id="fl-114">
         <path>C:\ti\ccs2040\ccs\tools\compiler\ti-cgt-armllvm_4.0.4.LTS\lib\armv6m-ti-none-eabi\</path>
         <kind>archive</kind>
         <file>libclang_rt.builtins.a</file>
         <name>aeabi_uidivmod.S.obj</name>
      </input_file>
      <input_file id="fl-115">
         <path>C:\ti\ccs2040\ccs\tools\compiler\ti-cgt-armllvm_4.0.4.LTS\lib\armv6m-ti-none-eabi\</path>
         <kind>archive</kind>
         <file>libclang_rt.builtins.a</file>
         <name>aeabi_uldivmod.S.obj</name>
      </input_file>
      <input_file id="fl-116">
         <path>C:\ti\ccs2040\ccs\tools\compiler\ti-cgt-armllvm_4.0.4.LTS\lib\armv6m-ti-none-eabi\</path>
         <kind>archive</kind>
         <file>libclang_rt.builtins.a</file>
         <name>udivmoddi4.S.obj</name>
      </input_file>
      <input_file id="fl-117">
         <path>C:\ti\ccs2040\ccs\tools\compiler\ti-cgt-armllvm_4.0.4.LTS\lib\armv6m-ti-none-eabi\</path>
         <kind>archive</kind>
         <file>libclang_rt.builtins.a</file>
         <name>ashldi3.S.obj</name>
      </input_file>
      <input_file id="fl-118">
         <path>C:\ti\ccs2040\ccs\tools\compiler\ti-cgt-armllvm_4.0.4.LTS\lib\armv6m-ti-none-eabi\</path>
         <kind>archive</kind>
         <file>libclang_rt.builtins.a</file>
         <name>comparedf2.c.obj</name>
      </input_file>
      <input_file id="fl-119">
         <path>C:\ti\ccs2040\ccs\tools\compiler\ti-cgt-armllvm_4.0.4.LTS\lib\armv6m-ti-none-eabi\</path>
         <kind>archive</kind>
         <file>libclang_rt.builtins.a</file>
         <name>aeabi_div0.c.obj</name>
      </input_file>
      <input_file id="fl-11a">
         <path>C:\ti\ccs2040\ccs\tools\compiler\ti-cgt-armllvm_4.0.4.LTS\lib\armv6m-ti-none-eabi\c\</path>
         <kind>archive</kind>
         <file>libc.a</file>
         <name>getdevice.c.obj</name>
      </input_file>
      <input_file id="fl-11b">
         <path>C:\ti\ccs2040\ccs\tools\compiler\ti-cgt-armllvm_4.0.4.LTS\lib\armv6m-ti-none-eabi\c\</path>
         <kind>archive</kind>
         <file>libc.a</file>
         <name>memcpy16.S.obj</name>
      </input_file>
      <input_file id="fl-11c">
         <path>C:\ti\ccs2040\ccs\tools\compiler\ti-cgt-armllvm_4.0.4.LTS\lib\armv6m-ti-none-eabi\c\</path>
         <kind>archive</kind>
         <file>libc.a</file>
         <name>memset16.S.obj</name>
      </input_file>
      <input_file id="fl-11d">
         <path>C:\ti\ccs2040\ccs\tools\compiler\ti-cgt-armllvm_4.0.4.LTS\lib\armv6m-ti-none-eabi\c\</path>
         <kind>archive</kind>
         <file>libc.a</file>
         <name>strcmp-armv6m.S.obj</name>
      </input_file>
   </input_file_list>
   <object_component_list>
      <object_component id="oc-18">
         <name>.intvecs</name>
         <load_address>0x0</load_address>
         <readonly>true</readonly>
         <run_address>0x0</run_address>
         <size>0xc0</size>
         <alignment>0x4</alignment>
         <input_file_ref idref="fl-14"/>
      </object_component>
      <object_component id="oc-166">
         <name>.text._ZL12Fruit_Updatev</name>
         <load_address>0x19d20</load_address>
         <readonly>true</readonly>
         <executable>true</executable>
         <run_address>0x19d20</run_address>
         <size>0x4a4</size>
         <alignment>0x4</alignment>
         <input_file_ref idref="fl-13"/>
      </object_component>
      <object_component id="oc-167">
         <name>.text._ZL15Collision_Checkv</name>
         <load_address>0x1a1c4</load_address>
         <readonly>true</readonly>
         <executable>true</executable>
         <run_address>0x1a1c4</run_address>
         <size>0x2ac</size>
         <alignment>0x4</alignment>
         <input_file_ref idref="fl-13"/>
      </object_component>
      <object_component id="oc-d4">
         <name>.text._Z9LCD2_Initv</name>
         <load_address>0x1a470</load_address>
         <readonly>true</readonly>
         <executable>true</executable>
         <run_address>0x1a470</run_address>
         <size>0x266</size>
         <alignment>0x2</alignment>
         <input_file_ref idref="fl-6"/>
      </object_component>
      <object_component id="oc-247">
         <name>.text._ZL10Trail_Initv</name>
         <load_address>0x1a6d6</load_address>
         <readonly>true</readonly>
         <executable>true</executable>
         <run_address>0x1a6d6</run_address>
         <size>0x2</size>
         <alignment>0x2</alignment>
         <input_file_ref idref="fl-13"/>
      </object_component>
      <object_component id="oc-2c3">
         <name>.text._Z17ST7735_DrawBitmapssPKtss</name>
         <load_address>0x1a6d8</load_address>
         <readonly>true</readonly>
         <executable>true</executable>
         <run_address>0x1a6d8</run_address>
         <size>0x210</size>
         <alignment>0x4</alignment>
         <input_file_ref idref="fl-c"/>
      </object_component>
      <object_component id="oc-2df">
         <name>.text._ZL14LCD2_DrawDigithhhtt</name>
         <load_address>0x1a8e8</load_address>
         <readonly>true</readonly>
         <executable>true</executable>
         <run_address>0x1a8e8</run_address>
         <size>0x204</size>
         <alignment>0x4</alignment>
         <input_file_ref idref="fl-6"/>
      </object_component>
      <object_component id="oc-2ba">
         <name>.text._Z16ST7735_DrawCharSsscssh</name>
         <load_address>0x1aaec</load_address>
         <readonly>true</readonly>
         <executable>true</executable>
         <run_address>0x1aaec</run_address>
         <size>0x1a0</size>
         <alignment>0x4</alignment>
         <input_file_ref idref="fl-c"/>
      </object_component>
      <object_component id="oc-20f">
         <name>.text._ZL18Fruit_SpawnIsClearhss</name>
         <load_address>0x1ac8c</load_address>
         <readonly>true</readonly>
         <executable>true</executable>
         <run_address>0x1ac8c</run_address>
         <size>0x198</size>
         <alignment>0x4</alignment>
         <input_file_ref idref="fl-13"/>
      </object_component>
      <object_component id="oc-109">
         <name>.text.Clock_Init80MHz</name>
         <load_address>0x1ae24</load_address>
         <readonly>true</readonly>
         <executable>true</executable>
         <run_address>0x1ae24</run_address>
         <size>0x18c</size>
         <alignment>0x4</alignment>
         <input_file_ref idref="fl-2"/>
      </object_component>
      <object_component id="oc-177">
         <name>.text._Z17Instructions_Initv</name>
         <load_address>0x1afb0</load_address>
         <readonly>true</readonly>
         <executable>true</executable>
         <run_address>0x1afb0</run_address>
         <size>0x170</size>
         <alignment>0x4</alignment>
         <input_file_ref idref="fl-13"/>
      </object_component>
      <object_component id="oc-1a9">
         <name>.text._openfile</name>
         <load_address>0x1b120</load_address>
         <readonly>true</readonly>
         <executable>true</executable>
         <run_address>0x1b120</run_address>
         <size>0x154</size>
         <alignment>0x4</alignment>
         <input_file_ref idref="fl-37"/>
      </object_component>
      <object_component id="oc-15f">
         <name>.text._Z17LCD2_ShowReactionh</name>
         <load_address>0x1b274</load_address>
         <readonly>true</readonly>
         <executable>true</executable>
         <run_address>0x1b274</run_address>
         <size>0x14c</size>
         <alignment>0x4</alignment>
         <input_file_ref idref="fl-6"/>
      </object_component>
      <object_component id="oc-168">
         <name>.text._ZL11Fruits_Drawv</name>
         <load_address>0x1b3c0</load_address>
         <readonly>true</readonly>
         <executable>true</executable>
         <run_address>0x1b3c0</run_address>
         <size>0x148</size>
         <alignment>0x4</alignment>
         <input_file_ref idref="fl-13"/>
      </object_component>
      <object_component id="oc-17b">
         <name>.text._Z13GameOver_Initv</name>
         <load_address>0x1b508</load_address>
         <readonly>true</readonly>
         <executable>true</executable>
         <run_address>0x1b508</run_address>
         <size>0x13c</size>
         <alignment>0x4</alignment>
         <input_file_ref idref="fl-13"/>
      </object_component>
      <object_component id="oc-17c">
         <name>.text._Z13Language_Initv</name>
         <load_address>0x1b644</load_address>
         <readonly>true</readonly>
         <executable>true</executable>
         <run_address>0x1b644</run_address>
         <size>0x138</size>
         <alignment>0x4</alignment>
         <input_file_ref idref="fl-13"/>
      </object_component>
      <object_component id="oc-165">
         <name>.text._Z18Language_Highlightv</name>
         <load_address>0x1b77c</load_address>
         <readonly>true</readonly>
         <executable>true</executable>
         <run_address>0x1b77c</run_address>
         <size>0x130</size>
         <alignment>0x4</alignment>
         <input_file_ref idref="fl-13"/>
      </object_component>
      <object_component id="oc-143">
         <name>.text._Z8ADC_InitP10ADC12_Regsjj</name>
         <load_address>0x1b8ac</load_address>
         <readonly>true</readonly>
         <executable>true</executable>
         <run_address>0x1b8ac</run_address>
         <size>0x128</size>
         <alignment>0x4</alignment>
         <input_file_ref idref="fl-11"/>
      </object_component>
      <object_component id="oc-16b">
         <name>.text._ZL25LCD2_UpdateGameplayStatusv</name>
         <load_address>0x1b9d4</load_address>
         <readonly>true</readonly>
         <executable>true</executable>
         <run_address>0x1b9d4</run_address>
         <size>0x128</size>
         <alignment>0x4</alignment>
         <input_file_ref idref="fl-13"/>
      </object_component>
      <object_component id="oc-1c6">
         <name>.text.ADC_InitDual</name>
         <load_address>0x1bafc</load_address>
         <readonly>true</readonly>
         <executable>true</executable>
         <run_address>0x1bafc</run_address>
         <size>0x124</size>
         <alignment>0x4</alignment>
         <input_file_ref idref="fl-1"/>
      </object_component>
      <object_component id="oc-13a">
         <name>.text._Z15ST7735_FillRectsssst</name>
         <load_address>0x1bc20</load_address>
         <readonly>true</readonly>
         <executable>true</executable>
         <run_address>0x1bc20</run_address>
         <size>0x118</size>
         <alignment>0x4</alignment>
         <input_file_ref idref="fl-c"/>
      </object_component>
      <object_component id="oc-164">
         <name>.text._Z18Settings_Highlightv</name>
         <load_address>0x1bd38</load_address>
         <readonly>true</readonly>
         <executable>true</executable>
         <run_address>0x1bd38</run_address>
         <size>0x118</size>
         <alignment>0x4</alignment>
         <input_file_ref idref="fl-13"/>
      </object_component>
      <object_component id="oc-276">
         <name>.text._Z8SPI_Initv</name>
         <load_address>0x1be50</load_address>
         <readonly>true</readonly>
         <executable>true</executable>
         <run_address>0x1be50</run_address>
         <size>0x118</size>
         <alignment>0x4</alignment>
         <input_file_ref idref="fl-b"/>
      </object_component>
      <object_component id="oc-221">
         <name>.text._ZL12DrawScanlinesPKtssss</name>
         <load_address>0x1bf68</load_address>
         <readonly>true</readonly>
         <executable>true</executable>
         <run_address>0x1bf68</run_address>
         <size>0x118</size>
         <alignment>0x4</alignment>
         <input_file_ref idref="fl-13"/>
      </object_component>
      <object_component id="oc-17d">
         <name>.text._Z12Credits_Initv</name>
         <load_address>0x1c080</load_address>
         <readonly>true</readonly>
         <executable>true</executable>
         <run_address>0x1c080</run_address>
         <size>0x114</size>
         <alignment>0x4</alignment>
         <input_file_ref idref="fl-13"/>
      </object_component>
      <object_component id="oc-2b9">
         <name>.text.aligned_alloc</name>
         <load_address>0x1c194</load_address>
         <readonly>true</readonly>
         <executable>true</executable>
         <run_address>0x1c194</run_address>
         <size>0x114</size>
         <alignment>0x4</alignment>
         <input_file_ref idref="fl-3e"/>
      </object_component>
      <object_component id="oc-178">
         <name>.text._Z13Settings_Initv</name>
         <load_address>0x1c2a8</load_address>
         <readonly>true</readonly>
         <executable>true</executable>
         <run_address>0x1c2a8</run_address>
         <size>0x108</size>
         <alignment>0x4</alignment>
         <input_file_ref idref="fl-13"/>
      </object_component>
      <object_component id="oc-bc">
         <name>.text._Z18ST7735_SetRotationh</name>
         <load_address>0x1c3b0</load_address>
         <readonly>true</readonly>
         <executable>true</executable>
         <run_address>0x1c3b0</run_address>
         <size>0xf4</size>
         <alignment>0x4</alignment>
         <input_file_ref idref="fl-c"/>
      </object_component>
      <object_component id="oc-15e">
         <name>.text._ZL13Cursor_Samplev</name>
         <load_address>0x1c4a4</load_address>
         <readonly>true</readonly>
         <executable>true</executable>
         <run_address>0x1c4a4</run_address>
         <size>0xec</size>
         <alignment>0x4</alignment>
         <input_file_ref idref="fl-13"/>
      </object_component>
      <object_component id="oc-112">
         <name>.text.add_device</name>
         <load_address>0x1c590</load_address>
         <readonly>true</readonly>
         <executable>true</executable>
         <run_address>0x1c590</run_address>
         <size>0xec</size>
         <alignment>0x4</alignment>
         <input_file_ref idref="fl-fd"/>
      </object_component>
      <object_component id="oc-145">
         <name>.text._Z9UART_Initv</name>
         <load_address>0x1c67c</load_address>
         <readonly>true</readonly>
         <executable>true</executable>
         <run_address>0x1c67c</run_address>
         <size>0xe8</size>
         <alignment>0x4</alignment>
         <input_file_ref idref="fl-11"/>
      </object_component>
      <object_component id="oc-1b2">
         <name>.text.free</name>
         <load_address>0x1c764</load_address>
         <readonly>true</readonly>
         <executable>true</executable>
         <run_address>0x1c764</run_address>
         <size>0xe8</size>
         <alignment>0x4</alignment>
         <input_file_ref idref="fl-3e"/>
      </object_component>
      <object_component id="oc-1de">
         <name>.text._ZL27Cursor_IsHoveringSelectablev</name>
         <load_address>0x1c84c</load_address>
         <readonly>true</readonly>
         <executable>true</executable>
         <run_address>0x1c84c</run_address>
         <size>0xe0</size>
         <alignment>0x4</alignment>
         <input_file_ref idref="fl-13"/>
      </object_component>
      <object_component id="oc-11d">
         <name>.text.setvbuf</name>
         <load_address>0x1c92c</load_address>
         <readonly>true</readonly>
         <executable>true</executable>
         <run_address>0x1c92c</run_address>
         <size>0xe0</size>
         <alignment>0x4</alignment>
         <input_file_ref idref="fl-38"/>
      </object_component>
      <object_component id="oc-90">
         <name>.text.main</name>
         <load_address>0x1ca0c</load_address>
         <readonly>true</readonly>
         <executable>true</executable>
         <run_address>0x1ca0c</run_address>
         <size>0xd8</size>
         <alignment>0x4</alignment>
         <input_file_ref idref="fl-8"/>
      </object_component>
      <object_component id="oc-1b9">
         <name>.text._Z14ST7735_OutCharc</name>
         <load_address>0x1cae4</load_address>
         <readonly>true</readonly>
         <executable>true</executable>
         <run_address>0x1cae4</run_address>
         <size>0xd0</size>
         <alignment>0x4</alignment>
         <input_file_ref idref="fl-c"/>
      </object_component>
      <object_component id="oc-1c5">
         <name>.text._ZL13LCD2_FillRecthhhht</name>
         <load_address>0x1cbb4</load_address>
         <readonly>true</readonly>
         <executable>true</executable>
         <run_address>0x1cbb4</run_address>
         <size>0xc4</size>
         <alignment>0x2</alignment>
         <input_file_ref idref="fl-6"/>
      </object_component>
      <object_component id="oc-225">
         <name>.text._Z14LCD2_ShowScorej</name>
         <load_address>0x1cc78</load_address>
         <readonly>true</readonly>
         <executable>true</executable>
         <run_address>0x1cc78</run_address>
         <size>0xc0</size>
         <alignment>0x4</alignment>
         <input_file_ref idref="fl-6"/>
      </object_component>
      <object_component id="oc-e1">
         <name>.text._Z16Game_UpdateFramev</name>
         <load_address>0x1cd38</load_address>
         <readonly>true</readonly>
         <executable>true</executable>
         <run_address>0x1cd38</run_address>
         <size>0xbc</size>
         <alignment>0x4</alignment>
         <input_file_ref idref="fl-13"/>
      </object_component>
      <object_component id="oc-e2">
         <name>.text._Z13Game_GetInputv</name>
         <load_address>0x1cdf4</load_address>
         <readonly>true</readonly>
         <executable>true</executable>
         <run_address>0x1cdf4</run_address>
         <size>0xb4</size>
         <alignment>0x4</alignment>
         <input_file_ref idref="fl-13"/>
      </object_component>
      <object_component id="oc-22d">
         <name>.text._Z14Switch_Pressedh</name>
         <load_address>0x1cea8</load_address>
         <readonly>true</readonly>
         <executable>true</executable>
         <run_address>0x1cea8</run_address>
         <size>0xb4</size>
         <alignment>0x4</alignment>
         <input_file_ref idref="fl-10"/>
      </object_component>
      <object_component id="oc-220">
         <name>.text._Z20ST7735_DrawFastHLinessst</name>
         <load_address>0x1cf5c</load_address>
         <readonly>true</readonly>
         <executable>true</executable>
         <run_address>0x1cf5c</run_address>
         <size>0xb0</size>
         <alignment>0x4</alignment>
         <input_file_ref idref="fl-c"/>
      </object_component>
      <object_component id="oc-227">
         <name>.text._Z14LCD2_ShowLevelh</name>
         <load_address>0x1d00c</load_address>
         <readonly>true</readonly>
         <executable>true</executable>
         <run_address>0x1d00c</run_address>
         <size>0xa8</size>
         <alignment>0x4</alignment>
         <input_file_ref idref="fl-6"/>
      </object_component>
      <object_component id="oc-14b">
         <name>.text._Z14TimerG7_IntArmtjj</name>
         <load_address>0x1d0b4</load_address>
         <readonly>true</readonly>
         <executable>true</executable>
         <run_address>0x1d0b4</run_address>
         <size>0xa8</size>
         <alignment>0x4</alignment>
         <input_file_ref idref="fl-12"/>
      </object_component>
      <object_component id="oc-193">
         <name>.text._ZL11commandListPKh</name>
         <load_address>0x1d15c</load_address>
         <readonly>true</readonly>
         <executable>true</executable>
         <run_address>0x1d15c</run_address>
         <size>0xa2</size>
         <alignment>0x2</alignment>
         <input_file_ref idref="fl-c"/>
      </object_component>
      <object_component id="oc-169">
         <name>.text._ZL12Trail_Updatev</name>
         <load_address>0x1d1fe</load_address>
         <readonly>true</readonly>
         <executable>true</executable>
         <run_address>0x1d1fe</run_address>
         <size>0x2</size>
         <alignment>0x2</alignment>
         <input_file_ref idref="fl-13"/>
      </object_component>
      <object_component id="oc-111">
         <name>.text._Z12ST7735_InitR10initRFlags</name>
         <load_address>0x1d200</load_address>
         <readonly>true</readonly>
         <executable>true</executable>
         <run_address>0x1d200</run_address>
         <size>0xa0</size>
         <alignment>0x4</alignment>
         <input_file_ref idref="fl-c"/>
      </object_component>
      <object_component id="oc-b2">
         <name>.text._Z17ST7735_InitPrintf10initRFlags</name>
         <load_address>0x1d2a0</load_address>
         <readonly>true</readonly>
         <executable>true</executable>
         <run_address>0x1d2a0</run_address>
         <size>0xa0</size>
         <alignment>0x4</alignment>
         <input_file_ref idref="fl-c"/>
      </object_component>
      <object_component id="oc-2a1">
         <name>.text.open</name>
         <load_address>0x1d340</load_address>
         <readonly>true</readonly>
         <executable>true</executable>
         <run_address>0x1d340</run_address>
         <size>0xa0</size>
         <alignment>0x4</alignment>
         <input_file_ref idref="fl-fa"/>
      </object_component>
      <object_component id="oc-1d4">
         <name>.text._ZL12DrawFaceBasett</name>
         <load_address>0x1d3e0</load_address>
         <readonly>true</readonly>
         <executable>true</executable>
         <run_address>0x1d3e0</run_address>
         <size>0x9c</size>
         <alignment>0x2</alignment>
         <input_file_ref idref="fl-6"/>
      </object_component>
      <object_component id="oc-cf">
         <name>.text._Z15TimerG12_IntArmjj</name>
         <load_address>0x1d47c</load_address>
         <readonly>true</readonly>
         <executable>true</executable>
         <run_address>0x1d47c</run_address>
         <size>0x94</size>
         <alignment>0x4</alignment>
         <input_file_ref idref="fl-12"/>
      </object_component>
      <object_component id="oc-163">
         <name>.text._Z19Title_HighlightMenuv</name>
         <load_address>0x1d510</load_address>
         <readonly>true</readonly>
         <executable>true</executable>
         <run_address>0x1d510</run_address>
         <size>0x94</size>
         <alignment>0x4</alignment>
         <input_file_ref idref="fl-13"/>
      </object_component>
      <object_component id="oc-1e3">
         <name>.text._ZL18Title_RenderButtonhh</name>
         <load_address>0x1d5a4</load_address>
         <readonly>true</readonly>
         <executable>true</executable>
         <run_address>0x1d5a4</run_address>
         <size>0x8c</size>
         <alignment>0x4</alignment>
         <input_file_ref idref="fl-13"/>
      </object_component>
      <object_component id="oc-1be">
         <name>.text._ZL13setAddrWindowhhhh</name>
         <load_address>0x1d630</load_address>
         <readonly>true</readonly>
         <executable>true</executable>
         <run_address>0x1d630</run_address>
         <size>0x88</size>
         <alignment>0x4</alignment>
         <input_file_ref idref="fl-c"/>
      </object_component>
      <object_component id="oc-1ea">
         <name>.text._ZL21Settings_RenderOptionhPKch</name>
         <load_address>0x1d6b8</load_address>
         <readonly>true</readonly>
         <executable>true</executable>
         <run_address>0x1d6b8</run_address>
         <size>0x88</size>
         <alignment>0x4</alignment>
         <input_file_ref idref="fl-13"/>
      </object_component>
      <object_component id="oc-279">
         <name>.text:strcmp</name>
         <load_address>0x1d740</load_address>
         <readonly>true</readonly>
         <executable>true</executable>
         <run_address>0x1d740</run_address>
         <size>0x88</size>
         <alignment>0x10</alignment>
         <input_file_ref idref="fl-11d"/>
      </object_component>
      <object_component id="oc-17a">
         <name>.text._Z10Pause_Initv</name>
         <load_address>0x1d7c8</load_address>
         <readonly>true</readonly>
         <executable>true</executable>
         <run_address>0x1d7c8</run_address>
         <size>0x84</size>
         <alignment>0x4</alignment>
         <input_file_ref idref="fl-13"/>
      </object_component>
      <object_component id="oc-250">
         <name>.text._Z14ST7735_OutUDecj</name>
         <load_address>0x1d84c</load_address>
         <readonly>true</readonly>
         <executable>true</executable>
         <run_address>0x1d84c</run_address>
         <size>0x84</size>
         <alignment>0x4</alignment>
         <input_file_ref idref="fl-c"/>
      </object_component>
      <object_component id="oc-1d3">
         <name>.text._Z17ST7735_DrawStringttPcs</name>
         <load_address>0x1d8d0</load_address>
         <readonly>true</readonly>
         <executable>true</executable>
         <run_address>0x1d8d0</run_address>
         <size>0x84</size>
         <alignment>0x2</alignment>
         <input_file_ref idref="fl-c"/>
      </object_component>
      <object_component id="oc-248">
         <name>.text._ZL10Fruit_Initv</name>
         <load_address>0x1d954</load_address>
         <readonly>true</readonly>
         <executable>true</executable>
         <run_address>0x1d954</run_address>
         <size>0x80</size>
         <alignment>0x4</alignment>
         <input_file_ref idref="fl-13"/>
      </object_component>
      <object_component id="oc-ad">
         <name>.text._Z14LaunchPad_Initv</name>
         <load_address>0x1d9d4</load_address>
         <readonly>true</readonly>
         <executable>true</executable>
         <run_address>0x1d9d4</run_address>
         <size>0x7c</size>
         <alignment>0x4</alignment>
         <input_file_ref idref="fl-a"/>
      </object_component>
      <object_component id="oc-1e0">
         <name>.text._ZL14Title_DrawLogoh</name>
         <load_address>0x1da50</load_address>
         <readonly>true</readonly>
         <executable>true</executable>
         <run_address>0x1da50</run_address>
         <size>0x7c</size>
         <alignment>0x4</alignment>
         <input_file_ref idref="fl-13"/>
      </object_component>
      <object_component id="oc-be">
         <name>.text._ZN8SlidePot4InitEv</name>
         <load_address>0x1dacc</load_address>
         <readonly>true</readonly>
         <executable>true</executable>
         <run_address>0x1dacc</run_address>
         <size>0x7c</size>
         <alignment>0x4</alignment>
         <input_file_ref idref="fl-d"/>
      </object_component>
      <object_component id="oc-1ac">
         <name>.text.__TI_closefile</name>
         <load_address>0x1db48</load_address>
         <readonly>true</readonly>
         <executable>true</executable>
         <run_address>0x1db48</run_address>
         <size>0x7c</size>
         <alignment>0x4</alignment>
         <input_file_ref idref="fl-49"/>
      </object_component>
      <object_component id="oc-1c">
         <name>.text:decompress:lzss</name>
         <load_address>0x1dbc4</load_address>
         <readonly>true</readonly>
         <executable>true</executable>
         <run_address>0x1dbc4</run_address>
         <size>0x7c</size>
         <alignment>0x4</alignment>
         <input_file_ref idref="fl-47"/>
      </object_component>
      <object_component id="oc-38">
         <name>.text.SysTick_Handler</name>
         <load_address>0x1dc40</load_address>
         <readonly>true</readonly>
         <executable>true</executable>
         <run_address>0x1dc40</run_address>
         <size>0x78</size>
         <alignment>0x4</alignment>
         <input_file_ref idref="fl-f"/>
      </object_component>
      <object_component id="oc-1f6">
         <name>.text._ZL21Language_RenderOptionhPKch</name>
         <load_address>0x1dcb8</load_address>
         <readonly>true</readonly>
         <executable>true</executable>
         <run_address>0x1dcb8</run_address>
         <size>0x78</size>
         <alignment>0x4</alignment>
         <input_file_ref idref="fl-13"/>
      </object_component>
      <object_component id="oc-179">
         <name>.text._Z13Gameplay_Initv</name>
         <load_address>0x1dd30</load_address>
         <readonly>true</readonly>
         <executable>true</executable>
         <run_address>0x1dd30</run_address>
         <size>0x74</size>
         <alignment>0x4</alignment>
         <input_file_ref idref="fl-13"/>
      </object_component>
      <object_component id="oc-226">
         <name>.text._Z14LCD2_ShowLivesh</name>
         <load_address>0x1dda4</load_address>
         <readonly>true</readonly>
         <executable>true</executable>
         <run_address>0x1dda4</run_address>
         <size>0x74</size>
         <alignment>0x4</alignment>
         <input_file_ref idref="fl-6"/>
      </object_component>
      <object_component id="oc-321">
         <name>.text._Z16ST7735_DrawPixelsst</name>
         <load_address>0x1de18</load_address>
         <readonly>true</readonly>
         <executable>true</executable>
         <run_address>0x1de18</run_address>
         <size>0x70</size>
         <alignment>0x4</alignment>
         <input_file_ref idref="fl-c"/>
      </object_component>
      <object_component id="oc-28f">
         <name>.text.HOSTlseek</name>
         <load_address>0x1de88</load_address>
         <readonly>true</readonly>
         <executable>true</executable>
         <run_address>0x1de88</run_address>
         <size>0x6c</size>
         <alignment>0x4</alignment>
         <input_file_ref idref="fl-100"/>
      </object_component>
      <object_component id="oc-297">
         <name>.text.HOSTrename</name>
         <load_address>0x1def4</load_address>
         <readonly>true</readonly>
         <executable>true</executable>
         <run_address>0x1def4</run_address>
         <size>0x6c</size>
         <alignment>0x4</alignment>
         <input_file_ref idref="fl-103"/>
      </object_component>
      <object_component id="oc-16a">
         <name>.text._Z12LED_SetLivesh</name>
         <load_address>0x1df60</load_address>
         <readonly>true</readonly>
         <executable>true</executable>
         <run_address>0x1df60</run_address>
         <size>0x6c</size>
         <alignment>0x4</alignment>
         <input_file_ref idref="fl-7"/>
      </object_component>
      <object_component id="oc-2bf">
         <name>.text._ZL14LCD2_SetWindowhhhh</name>
         <load_address>0x1dfcc</load_address>
         <readonly>true</readonly>
         <executable>true</executable>
         <run_address>0x1dfcc</run_address>
         <size>0x6c</size>
         <alignment>0x2</alignment>
         <input_file_ref idref="fl-6"/>
      </object_component>
      <object_component id="oc-308">
         <name>.text.getdevice</name>
         <load_address>0x1e038</load_address>
         <readonly>true</readonly>
         <executable>true</executable>
         <run_address>0x1e038</run_address>
         <size>0x6c</size>
         <alignment>0x4</alignment>
         <input_file_ref idref="fl-11a"/>
      </object_component>
      <object_component id="oc-176">
         <name>.text._Z10Title_Initv</name>
         <load_address>0x1e0a4</load_address>
         <readonly>true</readonly>
         <executable>true</executable>
         <run_address>0x1e0a4</run_address>
         <size>0x68</size>
         <alignment>0x4</alignment>
         <input_file_ref idref="fl-13"/>
      </object_component>
      <object_component id="oc-2c2">
         <name>.text.ADC_InDual</name>
         <load_address>0x1e10c</load_address>
         <readonly>true</readonly>
         <executable>true</executable>
         <run_address>0x1e10c</run_address>
         <size>0x64</size>
         <alignment>0x4</alignment>
         <input_file_ref idref="fl-1"/>
      </object_component>
      <object_component id="oc-31f">
         <name>.text.split</name>
         <load_address>0x1e170</load_address>
         <readonly>true</readonly>
         <executable>true</executable>
         <run_address>0x1e170</run_address>
         <size>0x64</size>
         <alignment>0x4</alignment>
         <input_file_ref idref="fl-3e"/>
      </object_component>
      <object_component id="oc-27f">
         <name>.text.HOSTopen</name>
         <load_address>0x1e1d4</load_address>
         <readonly>true</readonly>
         <executable>true</executable>
         <run_address>0x1e1d4</run_address>
         <size>0x60</size>
         <alignment>0x4</alignment>
         <input_file_ref idref="fl-101"/>
      </object_component>
      <object_component id="oc-db">
         <name>.text._Z21Joystick_ReadSlidePotv</name>
         <load_address>0x1e234</load_address>
         <readonly>true</readonly>
         <executable>true</executable>
         <run_address>0x1e234</run_address>
         <size>0x5c</size>
         <alignment>0x4</alignment>
         <input_file_ref idref="fl-5"/>
      </object_component>
      <object_component id="oc-1d6">
         <name>.text._ZL14DrawSleepyEyest</name>
         <load_address>0x1e290</load_address>
         <readonly>true</readonly>
         <executable>true</executable>
         <run_address>0x1e290</run_address>
         <size>0x5c</size>
         <alignment>0x2</alignment>
         <input_file_ref idref="fl-6"/>
      </object_component>
      <object_component id="oc-287">
         <name>.text.HOSTread</name>
         <load_address>0x1e2ec</load_address>
         <readonly>true</readonly>
         <executable>true</executable>
         <run_address>0x1e2ec</run_address>
         <size>0x58</size>
         <alignment>0x4</alignment>
         <input_file_ref idref="fl-102"/>
      </object_component>
      <object_component id="oc-28b">
         <name>.text.HOSTwrite</name>
         <load_address>0x1e344</load_address>
         <readonly>true</readonly>
         <executable>true</executable>
         <run_address>0x1e344</run_address>
         <size>0x58</size>
         <alignment>0x4</alignment>
         <input_file_ref idref="fl-105"/>
      </object_component>
      <object_component id="oc-cd">
         <name>.text._Z10Sound_Initv</name>
         <load_address>0x1e39c</load_address>
         <readonly>true</readonly>
         <executable>true</executable>
         <run_address>0x1e39c</run_address>
         <size>0x58</size>
         <alignment>0x4</alignment>
         <input_file_ref idref="fl-f"/>
      </object_component>
      <object_component id="oc-ce">
         <name>.text._Z10TExaS_InitP10ADC12_RegsjPFhvE</name>
         <load_address>0x1e3f4</load_address>
         <readonly>true</readonly>
         <executable>true</executable>
         <run_address>0x1e3f4</run_address>
         <size>0x58</size>
         <alignment>0x4</alignment>
         <input_file_ref idref="fl-11"/>
      </object_component>
      <object_component id="oc-1d5">
         <name>.text._ZL9DrawFrownt</name>
         <load_address>0x1e44c</load_address>
         <readonly>true</readonly>
         <executable>true</executable>
         <run_address>0x1e44c</run_address>
         <size>0x58</size>
         <alignment>0x2</alignment>
         <input_file_ref idref="fl-6"/>
      </object_component>
      <object_component id="oc-20a">
         <name>.text.__aeabi_idivmod</name>
         <load_address>0x1e4a4</load_address>
         <readonly>true</readonly>
         <executable>true</executable>
         <run_address>0x1e4a4</run_address>
         <size>0x56</size>
         <alignment>0x4</alignment>
         <input_file_ref idref="fl-111"/>
      </object_component>
      <object_component id="oc-1bf">
         <name>.text.__aeabi_idiv0</name>
         <load_address>0x1e4fa</load_address>
         <readonly>true</readonly>
         <executable>true</executable>
         <run_address>0x1e4fa</run_address>
         <size>0x2</size>
         <alignment>0x2</alignment>
         <input_file_ref idref="fl-119"/>
      </object_component>
      <object_component id="oc-2e5">
         <name>.text._Z11fillmessagej</name>
         <load_address>0x1e4fc</load_address>
         <readonly>true</readonly>
         <executable>true</executable>
         <run_address>0x1e4fc</run_address>
         <size>0x54</size>
         <alignment>0x4</alignment>
         <input_file_ref idref="fl-c"/>
      </object_component>
      <object_component id="oc-161">
         <name>.text._ZL18Cursor_UpdateColorv</name>
         <load_address>0x1e550</load_address>
         <readonly>true</readonly>
         <executable>true</executable>
         <run_address>0x1e550</run_address>
         <size>0x54</size>
         <alignment>0x4</alignment>
         <input_file_ref idref="fl-13"/>
      </object_component>
      <object_component id="oc-1ce">
         <name>.text._ZL7Clamp16sss</name>
         <load_address>0x1e5a4</load_address>
         <readonly>true</readonly>
         <executable>true</executable>
         <run_address>0x1e5a4</run_address>
         <size>0x54</size>
         <alignment>0x2</alignment>
         <input_file_ref idref="fl-13"/>
      </object_component>
      <object_component id="oc-f5">
         <name>.text:__TI_auto_init_nobinit</name>
         <load_address>0x1e5f8</load_address>
         <readonly>true</readonly>
         <executable>true</executable>
         <run_address>0x1e5f8</run_address>
         <size>0x54</size>
         <alignment>0x4</alignment>
         <input_file_ref idref="fl-42"/>
      </object_component>
      <object_component id="oc-2a5">
         <name>.text.__TI_doflush</name>
         <load_address>0x1e64c</load_address>
         <readonly>true</readonly>
         <executable>true</executable>
         <run_address>0x1e64c</run_address>
         <size>0x52</size>
         <alignment>0x2</alignment>
         <input_file_ref idref="fl-4a"/>
      </object_component>
      <object_component id="oc-26d">
         <name>.text._nop</name>
         <load_address>0x1e69e</load_address>
         <readonly>true</readonly>
         <executable>true</executable>
         <run_address>0x1e69e</run_address>
         <size>0x2</size>
         <alignment>0x2</alignment>
         <input_file_ref idref="fl-3b"/>
      </object_component>
      <object_component id="oc-135">
         <name>.text._Z11SPI_OutDatac</name>
         <load_address>0x1e6a0</load_address>
         <readonly>true</readonly>
         <executable>true</executable>
         <run_address>0x1e6a0</run_address>
         <size>0x50</size>
         <alignment>0x4</alignment>
         <input_file_ref idref="fl-b"/>
      </object_component>
      <object_component id="oc-1cc">
         <name>.text._Z13Joystick_ReadPjS_</name>
         <load_address>0x1e6f0</load_address>
         <readonly>true</readonly>
         <executable>true</executable>
         <run_address>0x1e6f0</run_address>
         <size>0x50</size>
         <alignment>0x4</alignment>
         <input_file_ref idref="fl-5"/>
      </object_component>
      <object_component id="oc-134">
         <name>.text._Z14SPI_OutCommandc</name>
         <load_address>0x1e740</load_address>
         <readonly>true</readonly>
         <executable>true</executable>
         <run_address>0x1e740</run_address>
         <size>0x50</size>
         <alignment>0x4</alignment>
         <input_file_ref idref="fl-b"/>
      </object_component>
      <object_component id="oc-1cf">
         <name>.text._ZL11Cursor_MaxYv</name>
         <load_address>0x1e790</load_address>
         <readonly>true</readonly>
         <executable>true</executable>
         <run_address>0x1e790</run_address>
         <size>0x50</size>
         <alignment>0x4</alignment>
         <input_file_ref idref="fl-13"/>
      </object_component>
      <object_component id="oc-172">
         <name>.text._ZL14Language_Inputv</name>
         <load_address>0x1e7e0</load_address>
         <readonly>true</readonly>
         <executable>true</executable>
         <run_address>0x1e7e0</run_address>
         <size>0x50</size>
         <alignment>0x4</alignment>
         <input_file_ref idref="fl-13"/>
      </object_component>
      <object_component id="oc-2ab">
         <name>.text.close</name>
         <load_address>0x1e830</load_address>
         <readonly>true</readonly>
         <executable>true</executable>
         <run_address>0x1e830</run_address>
         <size>0x50</size>
         <alignment>0x4</alignment>
         <input_file_ref idref="fl-fc"/>
      </object_component>
      <object_component id="oc-217">
         <name>.text._ZL17LCD2_ShowEventMsgPKcth</name>
         <load_address>0x1e880</load_address>
         <readonly>true</readonly>
         <executable>true</executable>
         <run_address>0x1e880</run_address>
         <size>0x4c</size>
         <alignment>0x4</alignment>
         <input_file_ref idref="fl-13"/>
      </object_component>
      <object_component id="oc-283">
         <name>.text.HOSTclose</name>
         <load_address>0x1e8cc</load_address>
         <readonly>true</readonly>
         <executable>true</executable>
         <run_address>0x1e8cc</run_address>
         <size>0x48</size>
         <alignment>0x4</alignment>
         <input_file_ref idref="fl-ff"/>
      </object_component>
      <object_component id="oc-293">
         <name>.text.HOSTunlink</name>
         <load_address>0x1e914</load_address>
         <readonly>true</readonly>
         <executable>true</executable>
         <run_address>0x1e914</run_address>
         <size>0x48</size>
         <alignment>0x4</alignment>
         <input_file_ref idref="fl-104"/>
      </object_component>
      <object_component id="oc-d9">
         <name>.text._Z9Game_Initv</name>
         <load_address>0x1e95c</load_address>
         <readonly>true</readonly>
         <executable>true</executable>
         <run_address>0x1e95c</run_address>
         <size>0x48</size>
         <alignment>0x4</alignment>
         <input_file_ref idref="fl-13"/>
      </object_component>
      <object_component id="oc-16f">
         <name>.text._ZL14Settings_Inputv</name>
         <load_address>0x1e9a4</load_address>
         <readonly>true</readonly>
         <executable>true</executable>
         <run_address>0x1e9a4</run_address>
         <size>0x48</size>
         <alignment>0x4</alignment>
         <input_file_ref idref="fl-13"/>
      </object_component>
      <object_component id="oc-203">
         <name>.text._ZL17Fruit_ActiveCountv</name>
         <load_address>0x1e9ec</load_address>
         <readonly>true</readonly>
         <executable>true</executable>
         <run_address>0x1e9ec</run_address>
         <size>0x48</size>
         <alignment>0x4</alignment>
         <input_file_ref idref="fl-13"/>
      </object_component>
      <object_component id="oc-1cd">
         <name>.text._ZL7MapAxisjs</name>
         <load_address>0x1ea34</load_address>
         <readonly>true</readonly>
         <executable>true</executable>
         <run_address>0x1ea34</run_address>
         <size>0x48</size>
         <alignment>0x4</alignment>
         <input_file_ref idref="fl-13"/>
      </object_component>
      <object_component id="oc-162">
         <name>.text._ZL17Title_AnimateLogov</name>
         <load_address>0x1ea7c</load_address>
         <readonly>true</readonly>
         <executable>true</executable>
         <run_address>0x1ea7c</run_address>
         <size>0x44</size>
         <alignment>0x4</alignment>
         <input_file_ref idref="fl-13"/>
      </object_component>
      <object_component id="oc-3d">
         <name>.text.TIMG7_IRQHandler</name>
         <load_address>0x1eac0</load_address>
         <readonly>true</readonly>
         <executable>true</executable>
         <run_address>0x1eac0</run_address>
         <size>0x40</size>
         <alignment>0x4</alignment>
         <input_file_ref idref="fl-11"/>
      </object_component>
      <object_component id="oc-2e8">
         <name>.text._Z9SPI_Resetv</name>
         <load_address>0x1eb00</load_address>
         <readonly>true</readonly>
         <executable>true</executable>
         <run_address>0x1eb00</run_address>
         <size>0x40</size>
         <alignment>0x4</alignment>
         <input_file_ref idref="fl-b"/>
      </object_component>
      <object_component id="oc-16c">
         <name>.text._ZL17LCD2_TickEventMsgv</name>
         <load_address>0x1eb40</load_address>
         <readonly>true</readonly>
         <executable>true</executable>
         <run_address>0x1eb40</run_address>
         <size>0x40</size>
         <alignment>0x4</alignment>
         <input_file_ref idref="fl-13"/>
      </object_component>
      <object_component id="oc-1bd">
         <name>.text._ZL18SPI_AssertSelectedv</name>
         <load_address>0x1eb80</load_address>
         <readonly>true</readonly>
         <executable>true</executable>
         <run_address>0x1eb80</run_address>
         <size>0x40</size>
         <alignment>0x4</alignment>
         <input_file_ref idref="fl-b"/>
      </object_component>
      <object_component id="oc-147">
         <name>.text.__aeabi_uidivmod</name>
         <load_address>0x1ebc0</load_address>
         <readonly>true</readonly>
         <executable>true</executable>
         <run_address>0x1ebc0</run_address>
         <size>0x40</size>
         <alignment>0x4</alignment>
         <input_file_ref idref="fl-114"/>
      </object_component>
      <object_component id="oc-1a8">
         <name>.text._search_fp</name>
         <load_address>0x1ec00</load_address>
         <readonly>true</readonly>
         <executable>true</executable>
         <run_address>0x1ec00</run_address>
         <size>0x40</size>
         <alignment>0x4</alignment>
         <input_file_ref idref="fl-37"/>
      </object_component>
      <object_component id="oc-142">
         <name>.text._Z9DAC5_Initv</name>
         <load_address>0x1ec40</load_address>
         <readonly>true</readonly>
         <executable>true</executable>
         <run_address>0x1ec40</run_address>
         <size>0x3c</size>
         <alignment>0x4</alignment>
         <input_file_ref idref="fl-3"/>
      </object_component>
      <object_component id="oc-10e">
         <name>.text._Z15ActivatePortA_Bv</name>
         <load_address>0x1ec7c</load_address>
         <readonly>true</readonly>
         <executable>true</executable>
         <run_address>0x1ec7c</run_address>
         <size>0x38</size>
         <alignment>0x4</alignment>
         <input_file_ref idref="fl-a"/>
      </object_component>
      <object_component id="oc-170">
         <name>.text._ZL14Gameplay_Inputv</name>
         <load_address>0x1ecb4</load_address>
         <readonly>true</readonly>
         <executable>true</executable>
         <run_address>0x1ecb4</run_address>
         <size>0x38</size>
         <alignment>0x4</alignment>
         <input_file_ref idref="fl-13"/>
      </object_component>
      <object_component id="oc-202">
         <name>.text._ZL15DifficultyLevelv</name>
         <load_address>0x1ecec</load_address>
         <readonly>true</readonly>
         <executable>true</executable>
         <run_address>0x1ecec</run_address>
         <size>0x38</size>
         <alignment>0x4</alignment>
         <input_file_ref idref="fl-13"/>
      </object_component>
      <object_component id="oc-204">
         <name>.text.rand</name>
         <load_address>0x1ed24</load_address>
         <readonly>true</readonly>
         <executable>true</executable>
         <run_address>0x1ed24</run_address>
         <size>0x38</size>
         <alignment>0x4</alignment>
         <input_file_ref idref="fl-3f"/>
      </object_component>
      <object_component id="oc-14e">
         <name>.text.Clock_Delay1ms</name>
         <load_address>0x1ed5c</load_address>
         <readonly>true</readonly>
         <executable>true</executable>
         <run_address>0x1ed5c</run_address>
         <size>0x34</size>
         <alignment>0x4</alignment>
         <input_file_ref idref="fl-2"/>
      </object_component>
      <object_component id="oc-124">
         <name>.text._Z12ST7735_writeiPKcj</name>
         <load_address>0x1ed90</load_address>
         <readonly>true</readonly>
         <executable>true</executable>
         <run_address>0x1ed90</run_address>
         <size>0x34</size>
         <alignment>0x2</alignment>
         <input_file_ref idref="fl-c"/>
      </object_component>
      <object_component id="oc-156">
         <name>.text._Z13Joystick_Initv</name>
         <load_address>0x1edc4</load_address>
         <readonly>true</readonly>
         <executable>true</executable>
         <run_address>0x1edc4</run_address>
         <size>0x34</size>
         <alignment>0x4</alignment>
         <input_file_ref idref="fl-5"/>
      </object_component>
      <object_component id="oc-194">
         <name>.text._Z16ST7735_SetCursorjj</name>
         <load_address>0x1edf8</load_address>
         <readonly>true</readonly>
         <executable>true</executable>
         <run_address>0x1edf8</run_address>
         <size>0x34</size>
         <alignment>0x4</alignment>
         <input_file_ref idref="fl-c"/>
      </object_component>
      <object_component id="oc-b7">
         <name>.text._Z17SPI_SelectDisplayj</name>
         <load_address>0x1ee2c</load_address>
         <readonly>true</readonly>
         <executable>true</executable>
         <run_address>0x1ee2c</run_address>
         <size>0x34</size>
         <alignment>0x4</alignment>
         <input_file_ref idref="fl-b"/>
      </object_component>
      <object_component id="oc-c8">
         <name>.text._Z8LED_Initv</name>
         <load_address>0x1ee60</load_address>
         <readonly>true</readonly>
         <executable>true</executable>
         <run_address>0x1ee60</run_address>
         <size>0x34</size>
         <alignment>0x4</alignment>
         <input_file_ref idref="fl-7"/>
      </object_component>
      <object_component id="oc-24f">
         <name>.text._Z9Sound_Sadv</name>
         <load_address>0x1ee94</load_address>
         <readonly>true</readonly>
         <executable>true</executable>
         <run_address>0x1ee94</run_address>
         <size>0x34</size>
         <alignment>0x4</alignment>
         <input_file_ref idref="fl-f"/>
      </object_component>
      <object_component id="oc-171">
         <name>.text._ZL11Pause_Inputv</name>
         <load_address>0x1eec8</load_address>
         <readonly>true</readonly>
         <executable>true</executable>
         <run_address>0x1eec8</run_address>
         <size>0x34</size>
         <alignment>0x2</alignment>
         <input_file_ref idref="fl-13"/>
      </object_component>
      <object_component id="oc-16d">
         <name>.text._ZL11Title_Inputv</name>
         <load_address>0x1eefc</load_address>
         <readonly>true</readonly>
         <executable>true</executable>
         <run_address>0x1eefc</run_address>
         <size>0x34</size>
         <alignment>0x4</alignment>
         <input_file_ref idref="fl-13"/>
      </object_component>
      <object_component id="oc-1b5">
         <name>.text.__TI_cleanup</name>
         <load_address>0x1ef30</load_address>
         <readonly>true</readonly>
         <executable>true</executable>
         <run_address>0x1ef30</run_address>
         <size>0x34</size>
         <alignment>0x4</alignment>
         <input_file_ref idref="fl-37"/>
      </object_component>
      <object_component id="oc-2f0">
         <name>.text.__TI_readmsg</name>
         <load_address>0x1ef64</load_address>
         <readonly>true</readonly>
         <executable>true</executable>
         <run_address>0x1ef64</run_address>
         <size>0x34</size>
         <alignment>0x4</alignment>
         <input_file_ref idref="fl-106"/>
      </object_component>
      <object_component id="oc-2ea">
         <name>.text.__TI_writemsg</name>
         <load_address>0x1ef98</load_address>
         <readonly>true</readonly>
         <executable>true</executable>
         <run_address>0x1ef98</run_address>
         <size>0x34</size>
         <alignment>0x4</alignment>
         <input_file_ref idref="fl-106"/>
      </object_component>
      <object_component id="oc-ed">
         <name>.text.exit</name>
         <load_address>0x1efcc</load_address>
         <readonly>true</readonly>
         <executable>true</executable>
         <run_address>0x1efcc</run_address>
         <size>0x34</size>
         <alignment>0x4</alignment>
         <input_file_ref idref="fl-3a"/>
      </object_component>
      <object_component id="oc-19c">
         <name>.text.finddevice</name>
         <load_address>0x1f000</load_address>
         <readonly>true</readonly>
         <executable>true</executable>
         <run_address>0x1f000</run_address>
         <size>0x34</size>
         <alignment>0x4</alignment>
         <input_file_ref idref="fl-11a"/>
      </object_component>
      <object_component id="oc-11c">
         <name>.text.freopen</name>
         <load_address>0x1f034</load_address>
         <readonly>true</readonly>
         <executable>true</executable>
         <run_address>0x1f034</run_address>
         <size>0x34</size>
         <alignment>0x4</alignment>
         <input_file_ref idref="fl-37"/>
      </object_component>
      <object_component id="oc-1f7">
         <name>.text._Z15ST7735_Color565hhh</name>
         <load_address>0x1f068</load_address>
         <readonly>true</readonly>
         <executable>true</executable>
         <run_address>0x1f068</run_address>
         <size>0x32</size>
         <alignment>0x2</alignment>
         <input_file_ref idref="fl-c"/>
      </object_component>
      <object_component id="oc-42">
         <name>.text.TIMG12_IRQHandler</name>
         <load_address>0x1f09c</load_address>
         <readonly>true</readonly>
         <executable>true</executable>
         <run_address>0x1f09c</run_address>
         <size>0x30</size>
         <alignment>0x4</alignment>
         <input_file_ref idref="fl-8"/>
      </object_component>
      <object_component id="oc-174">
         <name>.text._Z11Sound_StartPKhj</name>
         <load_address>0x1f0cc</load_address>
         <readonly>true</readonly>
         <executable>true</executable>
         <run_address>0x1f0cc</run_address>
         <size>0x30</size>
         <alignment>0x4</alignment>
         <input_file_ref idref="fl-f"/>
      </object_component>
      <object_component id="oc-e0">
         <name>.text._Z15Sound_SetVolumej</name>
         <load_address>0x1f0fc</load_address>
         <readonly>true</readonly>
         <executable>true</executable>
         <run_address>0x1f0fc</run_address>
         <size>0x30</size>
         <alignment>0x4</alignment>
         <input_file_ref idref="fl-f"/>
      </object_component>
      <object_component id="oc-192">
         <name>.text._ZL10commonInitPKh</name>
         <load_address>0x1f12c</load_address>
         <readonly>true</readonly>
         <executable>true</executable>
         <run_address>0x1f12c</run_address>
         <size>0x30</size>
         <alignment>0x4</alignment>
         <input_file_ref idref="fl-c"/>
      </object_component>
      <object_component id="oc-1d0">
         <name>.text._ZL5Abs16s</name>
         <load_address>0x1f15c</load_address>
         <readonly>true</readonly>
         <executable>true</executable>
         <run_address>0x1f15c</run_address>
         <size>0x30</size>
         <alignment>0x2</alignment>
         <input_file_ref idref="fl-13"/>
      </object_component>
      <object_component id="oc-116">
         <name>.text.fopen</name>
         <load_address>0x1f18c</load_address>
         <readonly>true</readonly>
         <executable>true</executable>
         <run_address>0x1f18c</run_address>
         <size>0x30</size>
         <alignment>0x4</alignment>
         <input_file_ref idref="fl-37"/>
      </object_component>
      <object_component id="oc-16e">
         <name>.text._ZL10Back_Inputv</name>
         <load_address>0x1f1bc</load_address>
         <readonly>true</readonly>
         <executable>true</executable>
         <run_address>0x1f1bc</run_address>
         <size>0x2e</size>
         <alignment>0x2</alignment>
         <input_file_ref idref="fl-13"/>
      </object_component>
      <object_component id="oc-1d7">
         <name>.text._ZL11DrawNeutralt</name>
         <load_address>0x1f1ea</load_address>
         <readonly>true</readonly>
         <executable>true</executable>
         <run_address>0x1f1ea</run_address>
         <size>0x2e</size>
         <alignment>0x2</alignment>
         <input_file_ref idref="fl-6"/>
      </object_component>
      <object_component id="oc-173">
         <name>.text._ZL13Credits_Inputv</name>
         <load_address>0x1f218</load_address>
         <readonly>true</readonly>
         <executable>true</executable>
         <run_address>0x1f218</run_address>
         <size>0x2e</size>
         <alignment>0x2</alignment>
         <input_file_ref idref="fl-13"/>
      </object_component>
      <object_component id="oc-246">
         <name>.text._Z10Sound_Stopv</name>
         <load_address>0x1f248</load_address>
         <readonly>true</readonly>
         <executable>true</executable>
         <run_address>0x1f248</run_address>
         <size>0x2c</size>
         <alignment>0x4</alignment>
         <input_file_ref idref="fl-f"/>
      </object_component>
      <object_component id="oc-bd">
         <name>.text._Z17ST7735_FillScreent</name>
         <load_address>0x1f274</load_address>
         <readonly>true</readonly>
         <executable>true</executable>
         <run_address>0x1f274</run_address>
         <size>0x2c</size>
         <alignment>0x4</alignment>
         <input_file_ref idref="fl-c"/>
      </object_component>
      <object_component id="oc-1dd">
         <name>.text._Z9Switch_Inv</name>
         <load_address>0x1f2a0</load_address>
         <readonly>true</readonly>
         <executable>true</executable>
         <run_address>0x1f2a0</run_address>
         <size>0x2c</size>
         <alignment>0x4</alignment>
         <input_file_ref idref="fl-10"/>
      </object_component>
      <object_component id="oc-317">
         <name>.text.unlink</name>
         <load_address>0x1f2cc</load_address>
[...]
         <name>_Z14TimerG7_IntArmtjj</name>
         <value>0x1d0b5</value>
         <object_component_ref idref="oc-14b"/>
      </symbol>
      <symbol id="sm-23b">
         <name>_Z15TimerG12_IntArmjj</name>
         <value>0x1d47d</value>
         <object_component_ref idref="oc-cf"/>
      </symbol>
      <symbol id="sm-3b3">
         <name>_Z10Title_Initv</name>
         <value>0x1e0a5</value>
         <object_component_ref idref="oc-176"/>
      </symbol>
      <symbol id="sm-3b4">
         <name>_Z19Title_HighlightMenuv</name>
         <value>0x1d511</value>
         <object_component_ref idref="oc-163"/>
      </symbol>
      <symbol id="sm-3b5">
         <name>_Z17Instructions_Initv</name>
         <value>0x1afb1</value>
         <object_component_ref idref="oc-177"/>
      </symbol>
      <symbol id="sm-3b6">
         <name>CurrentLanguage</name>
         <value>0x202002d0</value>
         <object_component_ref idref="oc-1f3"/>
      </symbol>
      <symbol id="sm-3b7">
         <name>_Z13Settings_Initv</name>
         <value>0x1c2a9</value>
         <object_component_ref idref="oc-178"/>
      </symbol>
      <symbol id="sm-3b8">
         <name>_Z18Settings_Highlightv</name>
         <value>0x1bd39</value>
         <object_component_ref idref="oc-164"/>
      </symbol>
      <symbol id="sm-3b9">
         <name>_Z13Language_Initv</name>
         <value>0x1b645</value>
         <object_component_ref idref="oc-17c"/>
      </symbol>
      <symbol id="sm-3ba">
         <name>_Z18Language_Highlightv</name>
         <value>0x1b77d</value>
         <object_component_ref idref="oc-165"/>
      </symbol>
      <symbol id="sm-3bb">
         <name>_Z12Credits_Initv</name>
         <value>0x1c081</value>
         <object_component_ref idref="oc-17d"/>
      </symbol>
      <symbol id="sm-3bc">
         <name>_Z13Gameplay_Initv</name>
         <value>0x1dd31</value>
         <object_component_ref idref="oc-179"/>
      </symbol>
      <symbol id="sm-3bd">
         <name>_Z10Pause_Initv</name>
         <value>0x1d7c9</value>
         <object_component_ref idref="oc-17a"/>
      </symbol>
      <symbol id="sm-3be">
         <name>_Z13GameOver_Initv</name>
         <value>0x1b509</value>
         <object_component_ref idref="oc-17b"/>
      </symbol>
      <symbol id="sm-3bf">
         <name>_Z9Game_Initv</name>
         <value>0x1e95d</value>
         <object_component_ref idref="oc-d9"/>
      </symbol>
      <symbol id="sm-3c0">
         <name>S</name>
         <value>0x202006c8</value>
         <object_component_ref idref="oc-e6"/>
      </symbol>
      <symbol id="sm-3c1">
         <name>Semaphore</name>
         <value>0x202006cc</value>
         <object_component_ref idref="oc-7f"/>
      </symbol>
      <symbol id="sm-3c2">
         <name>_Z13Game_GetInputv</name>
         <value>0x1cdf5</value>
         <object_component_ref idref="oc-e2"/>
      </symbol>
      <symbol id="sm-3c3">
         <name>_Z16Game_UpdateFramev</name>
         <value>0x1cd39</value>
         <object_component_ref idref="oc-e1"/>
      </symbol>
      <symbol id="sm-3c4">
         <name>FSM</name>
         <value>0x19728</value>
         <object_component_ref idref="oc-e7"/>
      </symbol>
      <symbol id="sm-3d5">
         <name>Default_Handler</name>
         <value>0x1f4a5</value>
         <object_component_ref idref="oc-36"/>
      </symbol>
      <symbol id="sm-3d6">
         <name>Reset_Handler</name>
         <value>0x1f743</value>
         <object_component_ref idref="oc-32"/>
      </symbol>
      <symbol id="sm-3d7">
         <name>HardFault_Handler</name>
         <value>0x1f4c1</value>
         <object_component_ref idref="oc-37"/>
      </symbol>
      <symbol id="sm-3d8">
         <name>interruptVectors</name>
         <value>0x0</value>
         <object_component_ref idref="oc-18"/>
      </symbol>
      <symbol id="sm-3d9">
         <name>NMI_Handler</name>
         <value>0x1f4a5</value>
         <object_component_ref idref="oc-36"/>
      </symbol>
      <symbol id="sm-3da">
         <name>SVC_Handler</name>
         <value>0x1f4a5</value>
         <object_component_ref idref="oc-36"/>
      </symbol>
      <symbol id="sm-3db">
         <name>PendSV_Handler</name>
         <value>0x1f4a5</value>
         <object_component_ref idref="oc-36"/>
      </symbol>
      <symbol id="sm-3dc">
         <name>GROUP0_IRQHandler</name>
         <value>0x1f4a5</value>
         <object_component_ref idref="oc-36"/>
      </symbol>
      <symbol id="sm-3dd">
         <name>GROUP1_IRQHandler</name>
         <value>0x1f4a5</value>
         <object_component_ref idref="oc-36"/>
      </symbol>
      <symbol id="sm-3de">
         <name>TIMG8_IRQHandler</name>
         <value>0x1f4a5</value>
         <object_component_ref idref="oc-36"/>
      </symbol>
      <symbol id="sm-3df">
         <name>UART3_IRQHandler</name>
         <value>0x1f4a5</value>
         <object_component_ref idref="oc-36"/>
      </symbol>
      <symbol id="sm-3e0">
         <name>ADC0_IRQHandler</name>
         <value>0x1f4a5</value>
         <object_component_ref idref="oc-36"/>
      </symbol>
      <symbol id="sm-3e1">
         <name>ADC1_IRQHandler</name>
         <value>0x1f4a5</value>
         <object_component_ref idref="oc-36"/>
      </symbol>
      <symbol id="sm-3e2">
         <name>CANFD0_IRQHandler</name>
         <value>0x1f4a5</value>
         <object_component_ref idref="oc-36"/>
      </symbol>
      <symbol id="sm-3e3">
         <name>DAC0_IRQHandler</name>
         <value>0x1f4a5</value>
         <object_component_ref idref="oc-36"/>
      </symbol>
      <symbol id="sm-3e4">
         <name>SPI0_IRQHandler</name>
         <value>0x1f4a5</value>
         <object_component_ref idref="oc-36"/>
      </symbol>
      <symbol id="sm-3e5">
         <name>SPI1_IRQHandler</name>
         <value>0x1f4a5</value>
         <object_component_ref idref="oc-36"/>
      </symbol>
      <symbol id="sm-3e6">
         <name>UART1_IRQHandler</name>
         <value>0x1f4a5</value>
         <object_component_ref idref="oc-36"/>
      </symbol>
      <symbol id="sm-3e7">
         <name>UART2_IRQHandler</name>
         <value>0x1f4a5</value>
         <object_component_ref idref="oc-36"/>
      </symbol>
      <symbol id="sm-3e8">
         <name>UART0_IRQHandler</name>
         <value>0x1f4a5</value>
         <object_component_ref idref="oc-36"/>
      </symbol>
      <symbol id="sm-3e9">
         <name>TIMG0_IRQHandler</name>
         <value>0x1f4a5</value>
         <object_component_ref idref="oc-36"/>
      </symbol>
      <symbol id="sm-3ea">
         <name>TIMG6_IRQHandler</name>
         <value>0x1f4a5</value>
         <object_component_ref idref="oc-36"/>
      </symbol>
      <symbol id="sm-3eb">
         <name>TIMA0_IRQHandler</name>
         <value>0x1f4a5</value>
         <object_component_ref idref="oc-36"/>
      </symbol>
      <symbol id="sm-3ec">
         <name>TIMA1_IRQHandler</name>
         <value>0x1f4a5</value>
         <object_component_ref idref="oc-36"/>
      </symbol>
      <symbol id="sm-3ed">
         <name>I2C0_IRQHandler</name>
         <value>0x1f4a5</value>
         <object_component_ref idref="oc-36"/>
      </symbol>
      <symbol id="sm-3ee">
         <name>I2C1_IRQHandler</name>
         <value>0x1f4a5</value>
         <object_component_ref idref="oc-36"/>
      </symbol>
      <symbol id="sm-3ef">
         <name>AES_IRQHandler</name>
         <value>0x1f4a5</value>
         <object_component_ref idref="oc-36"/>
      </symbol>
      <symbol id="sm-3f0">
         <name>RTC_IRQHandler</name>
         <value>0x1f4a5</value>
         <object_component_ref idref="oc-36"/>
      </symbol>
      <symbol id="sm-3f1">
         <name>DMA_IRQHandler</name>
         <value>0x1f4a5</value>
         <object_component_ref idref="oc-36"/>
      </symbol>
      <symbol id="sm-3f2">
         <name>__TI_ATRegion0_src_addr</name>
         <value>0x0</value>
      </symbol>
      <symbol id="sm-3f3">
         <name>__TI_ATRegion0_trg_addr</name>
         <value>0x0</value>
      </symbol>
      <symbol id="sm-3f4">
         <name>__TI_ATRegion0_region_sz</name>
         <value>0x0</value>
      </symbol>
      <symbol id="sm-3f5">
         <name>__TI_ATRegion1_src_addr</name>
         <value>0x0</value>
      </symbol>
      <symbol id="sm-3f6">
         <name>__TI_ATRegion1_trg_addr</name>
         <value>0x0</value>
      </symbol>
      <symbol id="sm-3f7">
         <name>__TI_ATRegion1_region_sz</name>
         <value>0x0</value>
      </symbol>
      <symbol id="sm-3f8">
         <name>__TI_ATRegion2_src_addr</name>
         <value>0x0</value>
      </symbol>
      <symbol id="sm-3f9">
         <name>__TI_ATRegion2_trg_addr</name>
         <value>0x0</value>
      </symbol>
      <symbol id="sm-3fa">
         <name>__TI_ATRegion2_region_sz</name>
         <value>0x0</value>
      </symbol>
      <symbol id="sm-413">
         <name>fopen</name>
         <value>0x1f18d</value>
         <object_component_ref idref="oc-116"/>
      </symbol>
      <symbol id="sm-414">
         <name>__TI_cleanup</name>
         <value>0x1ef31</value>
         <object_component_ref idref="oc-1b5"/>
      </symbol>
      <symbol id="sm-415">
         <name>freopen</name>
         <value>0x1f035</value>
         <object_component_ref idref="oc-11c"/>
      </symbol>
      <symbol id="sm-41f">
         <name>setvbuf</name>
         <value>0x1c92d</value>
         <object_component_ref idref="oc-11d"/>
      </symbol>
      <symbol id="sm-42e">
         <name>abort</name>
         <value>0x1f739</value>
         <object_component_ref idref="oc-e8"/>
      </symbol>
      <symbol id="sm-42f">
         <name>__TI_cleanup_ptr</name>
         <value>0x2020026c</value>
         <object_component_ref idref="oc-186"/>
      </symbol>
      <symbol id="sm-430">
         <name>__TI_dtors_ptr</name>
         <value>0x20200270</value>
         <object_component_ref idref="oc-186"/>
      </symbol>
      <symbol id="sm-431">
         <name>exit</name>
         <value>0x1efcd</value>
         <object_component_ref idref="oc-ed"/>
      </symbol>
      <symbol id="sm-43a">
         <name>_nop</name>
         <value>0x1e69f</value>
         <object_component_ref idref="oc-26d"/>
      </symbol>
      <symbol id="sm-43b">
         <name>_lock</name>
         <value>0x202002bc</value>
         <object_component_ref idref="oc-184"/>
      </symbol>
      <symbol id="sm-43c">
         <name>_unlock</name>
         <value>0x202002c0</value>
         <object_component_ref idref="oc-187"/>
      </symbol>
      <symbol id="sm-442">
         <name>_ftable</name>
         <value>0x20200000</value>
         <object_component_ref idref="oc-12b"/>
      </symbol>
      <symbol id="sm-443">
         <name>__TI_ft_end</name>
         <value>0x202002b8</value>
         <object_component_ref idref="oc-2a0"/>
      </symbol>
      <symbol id="sm-444">
         <name>__TI_tmpnams</name>
         <value>0x20200610</value>
         <object_component_ref idref="oc-2b3"/>
      </symbol>
      <symbol id="sm-467">
         <name>malloc</name>
         <value>0x1f6c9</value>
         <object_component_ref idref="oc-1b4"/>
      </symbol>
      <symbol id="sm-468">
         <name>aligned_alloc</name>
         <value>0x1c195</value>
         <object_component_ref idref="oc-2b9"/>
      </symbol>
      <symbol id="sm-469">
         <name>free</name>
         <value>0x1c765</value>
         <object_component_ref idref="oc-1b2"/>
      </symbol>
      <symbol id="sm-46a">
         <name>_sys_memory</name>
         <value>0x202002f0</value>
         <object_component_ref idref="oc-30"/>
      </symbol>
      <symbol id="sm-46b">
         <name>memalign</name>
         <value>0x1c195</value>
         <object_component_ref idref="oc-2b9"/>
      </symbol>
      <symbol id="sm-478">
         <name>rand</name>
         <value>0x1ed25</value>
         <object_component_ref idref="oc-204"/>
      </symbol>
      <symbol id="sm-483">
         <name>_c_int00_noargs</name>
         <value>0x1f399</value>
         <object_component_ref idref="oc-62"/>
      </symbol>
      <symbol id="sm-484">
         <name>__stack</name>
         <value>0x20207e00</value>
         <object_component_ref idref="oc-1a"/>
      </symbol>
      <symbol id="sm-490">
         <name>__TI_auto_init_nobinit</name>
         <value>0x1e5f9</value>
         <object_component_ref idref="oc-f5"/>
      </symbol>
      <symbol id="sm-498">
         <name>_system_pre_init</name>
         <value>0x1f747</value>
         <object_component_ref idref="oc-8c"/>
      </symbol>
      <symbol id="sm-4a3">
         <name>__TI_zero_init_nomemset</name>
         <value>0x1f56d</value>
         <object_component_ref idref="oc-59"/>
      </symbol>
      <symbol id="sm-4ac">
         <name>__TI_decompress_none</name>
         <value>0x1f60f</value>
         <object_component_ref idref="oc-20"/>
      </symbol>
      <symbol id="sm-4b7">
         <name>__TI_decompress_lzss</name>
         <value>0x1dbc5</value>
         <object_component_ref idref="oc-1c"/>
      </symbol>
      <symbol id="sm-4c3">
         <name>__TI_closefile</name>
         <value>0x1db49</value>
         <object_component_ref idref="oc-1ac"/>
      </symbol>
      <symbol id="sm-4cd">
         <name>__TI_doflush</name>
         <value>0x1e64d</value>
         <object_component_ref idref="oc-2a5"/>
      </symbol>
      <symbol id="sm-4e0">
         <name>HOSTexit</name>
         <value>0x1f73f</value>
         <object_component_ref idref="oc-17e"/>
      </symbol>
      <symbol id="sm-4e1">
         <name>C$$EXIT</name>
         <value>0x1f73e</value>
         <object_component_ref idref="oc-17e"/>
      </symbol>
      <symbol id="sm-4eb">
         <name>write</name>
         <value>0x1f371</value>
         <object_component_ref idref="oc-30e"/>
      </symbol>
      <symbol id="sm-4f0">
         <name>_device</name>
         <value>0x202000f0</value>
         <object_component_ref idref="oc-1a3"/>
      </symbol>
      <symbol id="sm-4f1">
         <name>_stream</name>
         <value>0x202001cc</value>
         <object_component_ref idref="oc-30a"/>
      </symbol>
      <symbol id="sm-4fa">
         <name>remove</name>
         <value>0x1f731</value>
         <object_component_ref idref="oc-2af"/>
      </symbol>
      <symbol id="sm-506">
         <name>open</name>
         <value>0x1d341</value>
         <object_component_ref idref="oc-2a1"/>
      </symbol>
      <symbol id="sm-511">
         <name>close</name>
         <value>0x1e831</value>
         <object_component_ref idref="oc-2ab"/>
      </symbol>
      <symbol id="sm-51d">
         <name>add_device</name>
         <value>0x1c591</value>
         <object_component_ref idref="oc-112"/>
      </symbol>
      <symbol id="sm-527">
         <name>unlink</name>
         <value>0x1f2cd</value>
         <object_component_ref idref="oc-317"/>
      </symbol>
      <symbol id="sm-531">
         <name>HOSTclose</name>
         <value>0x1e8cd</value>
         <object_component_ref idref="oc-283"/>
      </symbol>
      <symbol id="sm-53b">
         <name>HOSTlseek</name>
         <value>0x1de89</value>
         <object_component_ref idref="oc-28f"/>
      </symbol>
      <symbol id="sm-545">
         <name>HOSTopen</name>
         <value>0x1e1d5</value>
         <object_component_ref idref="oc-27f"/>
      </symbol>
      <symbol id="sm-546">
         <name>parmbuf</name>
         <value>0x202006bc</value>
         <object_component_ref idref="oc-2f1"/>
      </symbol>
      <symbol id="sm-550">
         <name>HOSTread</name>
         <value>0x1e2ed</value>
         <object_component_ref idref="oc-287"/>
      </symbol>
      <symbol id="sm-561">
         <name>HOSTrename</name>
         <value>0x1def5</value>
         <object_component_ref idref="oc-297"/>
      </symbol>
      <symbol id="sm-56b">
         <name>HOSTunlink</name>
         <value>0x1e915</value>
         <object_component_ref idref="oc-293"/>
      </symbol>
      <symbol id="sm-575">
         <name>HOSTwrite</name>
         <value>0x1e345</value>
         <object_component_ref idref="oc-28b"/>
      </symbol>
      <symbol id="sm-583">
         <name>C$$IO$$</name>
         <value>0x1efc5</value>
         <object_component_ref idref="oc-2ea"/>
      </symbol>
      <symbol id="sm-584">
         <name>__TI_writemsg</name>
         <value>0x1ef99</value>
         <object_component_ref idref="oc-2ea"/>
      </symbol>
      <symbol id="sm-585">
         <name>__CIOBUF_</name>
         <value>0x202004f0</value>
         <object_component_ref idref="oc-327"/>
      </symbol>
      <symbol id="sm-586">
         <name>__TI_readmsg</name>
         <value>0x1ef65</value>
         <object_component_ref idref="oc-2f0"/>
      </symbol>
      <symbol id="sm-587">
         <name>_CIOBUF_</name>
         <value>0x202004f0</value>
         <object_component_ref idref="oc-327"/>
      </symbol>
      <symbol id="sm-58d">
         <name>__aeabi_idiv</name>
         <value>0x1e4a5</value>
         <object_component_ref idref="oc-20a"/>
      </symbol>
      <symbol id="sm-58e">
         <name>__aeabi_idivmod</name>
         <value>0x1e4a5</value>
         <object_component_ref idref="oc-20a"/>
      </symbol>
      <symbol id="sm-594">
         <name>__aeabi_memcpy</name>
         <value>0x1f729</value>
         <object_component_ref idref="oc-52"/>
      </symbol>
      <symbol id="sm-595">
         <name>__aeabi_memcpy4</name>
         <value>0x1f729</value>
         <object_component_ref idref="oc-52"/>
      </symbol>
      <symbol id="sm-596">
         <name>__aeabi_memcpy8</name>
         <value>0x1f729</value>
         <object_component_ref idref="oc-52"/>
      </symbol>
      <symbol id="sm-59d">
         <name>__aeabi_memclr</name>
         <value>0x1f6bd</value>
         <object_component_ref idref="oc-87"/>
      </symbol>
      <symbol id="sm-59e">
         <name>__aeabi_memclr4</name>
         <value>0x1f6bd</value>
         <object_component_ref idref="oc-87"/>
      </symbol>
      <symbol id="sm-59f">
         <name>__aeabi_memclr8</name>
         <value>0x1f6bd</value>
         <object_component_ref idref="oc-87"/>
      </symbol>
      <symbol id="sm-5a5">
         <name>__aeabi_uidiv</name>
         <value>0x1ebc1</value>
         <object_component_ref idref="oc-147"/>
      </symbol>
      <symbol id="sm-5a6">
         <name>__aeabi_uidivmod</name>
         <value>0x1ebc1</value>
         <object_component_ref idref="oc-147"/>
      </symbol>
      <symbol id="sm-5b1">
         <name>__aeabi_idiv0</name>
         <value>0x1e4fb</value>
         <object_component_ref idref="oc-1bf"/>
      </symbol>
      <symbol id="sm-5bf">
         <name>finddevice</name>
         <value>0x1f001</value>
         <object_component_ref idref="oc-19c"/>
      </symbol>
      <symbol id="sm-5c0">
         <name>getdevice</name>
         <value>0x1e039</value>
         <object_component_ref idref="oc-308"/>
      </symbol>
      <symbol id="sm-5c9">
         <name>TI_memcpy_small</name>
         <value>0x1f5fd</value>
         <object_component_ref idref="oc-a2"/>
      </symbol>
      <symbol id="sm-5d2">
         <name>TI_memset_small</name>
         <value>0x1f697</value>
         <object_component_ref idref="oc-103"/>
      </symbol>
      <symbol id="sm-5da">
         <name>strcmp</name>
         <value>0x1d741</value>
         <object_component_ref idref="oc-279"/>
      </symbol>
      <symbol id="sm-5db">
         <name>__TI_static_base__</name>
         <value>0x0</value>
      </symbol>
      <symbol id="sm-5de">
         <name>__mpu_init</name>
         <value>0x0</value>
      </symbol>
      <symbol id="sm-5df">
         <name>_system_post_cinit</name>
         <value>0x0</value>
      </symbol>
   </symbol_table>
   <title>Link successful</title>
</link_info>
