******************************************************************************
            TI ARM Clang Linker PC v4.0.4                      
******************************************************************************
>> Linked Tue Apr 21 23:08:51 2026

OUTPUT FILE NAME:   <ECE319K_Lab9H.out>
ENTRY POINT SYMBOL: "_c_int00_noargs"  address: 0001e029


MEMORY CONFIGURATION

         name            origin    length      used     unused   attr    fill
----------------------  --------  ---------  --------  --------  ----  --------
  FLASH                 00000000   00020000  0001e4b8  00001b48  R  X
  SRAM                  20200000   00008000  000008dd  00007723  RW X
  BCR_CONFIG            41c00000   00000080  00000000  00000080  R   
  BSL_CONFIG            41c00100   00000080  00000000  00000080  R   


SEGMENT ALLOCATION MAP

run origin  load origin   length   init length attrs members
----------  ----------- ---------- ----------- ----- -------
00000000    00000000    0001e4b8   0001e4b8    r-x
  00000000    00000000    000000c0   000000c0    r-- .intvecs
  000000c0    000000c0    00018a08   00018a08    r-- .rodata
  00018ac8    00018ac8    00000008   00000008    r-- .init_array
  00018ad0    00018ad0    000058f0   000058f0    r-x .text
  0001e3c0    0001e3c0    000000f8   000000f8    r-- .cinit
20200000    20200000    000006e0   00000000    rw-
  20200000    20200000    000002ed   00000000    rw- .data
  202002f0    202002f0    00000200   00000000    rw- .sysmem
  202004f0    202004f0    000001f0   00000000    rw- .bss
20207e00    20207e00    00000200   00000000    rw-
  20207e00    20207e00    00000200   00000000    rw- .stack


SECTION ALLOCATION MAP

 output                                  attributes/
section   page    origin      length       input sections
--------  ----  ----------  ----------   ----------------
.intvecs   0    00000000    000000c0     
                  00000000    000000c0     startup_mspm0g3507_ticlang.o (.intvecs)

.binit     0    00000000    00000000     

.text      0    00018ad0    000058f0     
                  00018ad0    000004f0     game.o (.text._ZL12Fruit_Updatev)
                  00018fc0    0000029c     game.o (.text._ZL15Collision_Checkv)
                  0001925c    00000266     LCD2.o (.text._Z9LCD2_Initv)
                  000194c2    00000002     game.o (.text._ZL10Trail_Initv)
                  000194c4    00000210     ST7735.o (.text._Z17ST7735_DrawBitmapssPKtss)
                  000196d4    00000204     LCD2.o (.text._ZL14LCD2_DrawDigithhhtt)
                  000198d8    000001a0     ST7735.o (.text._Z16ST7735_DrawCharSsscssh)
                  00019a78    00000198     game.o (.text._ZL18Fruit_SpawnIsClearhss)
                  00019c10    0000018c     Clock.o (.text.Clock_Init80MHz)
                  00019d9c    00000170     game.o (.text._Z17Instructions_Initv)
                  00019f0c    00000160     LCD2.o (.text._Z17LCD2_ShowReactionh)
                  0001a06c    00000154     libc.a : fopen.c.obj (.text._openfile)
                  0001a1c0    00000148     game.o (.text._ZL11Fruits_Drawv)
                  0001a308    00000138     game.o (.text._Z13Language_Initv)
                  0001a440    00000134     game.o (.text._Z13GameOver_Initv)
                  0001a574    00000130     game.o (.text._Z18Language_Highlightv)
                  0001a6a4    00000128     TExaS.o (.text._Z8ADC_InitP10ADC12_Regsjj)
                  0001a7cc    00000124     ADC.o (.text.ADC_InitDual)
                  0001a8f0    00000118     ST7735.o (.text._Z15ST7735_FillRectsssst)
                  0001aa08    00000118     game.o (.text._Z18Settings_Highlightv)
                  0001ab20    00000118     SPI.o (.text._Z8SPI_Initv)
                  0001ac38    00000114     game.o (.text._Z12Credits_Initv)
                  0001ad4c    00000114     game.o (.text._ZL12DrawScanlinesPKtssss)
                  0001ae60    00000114     libc.a : memory.c.obj (.text.aligned_alloc)
                  0001af74    00000108     game.o (.text._Z13Settings_Initv)
                  0001b07c    000000f4     ST7735.o (.text._Z18ST7735_SetRotationh)
                  0001b170    000000ec     game.o (.text._ZL13Cursor_Samplev)
                  0001b25c    000000ec     libsysbm.a : add_device.c.obj (.text.add_device)
                  0001b348    000000e8     TExaS.o (.text._Z9UART_Initv)
                  0001b430    000000e8     libc.a : memory.c.obj (.text.free)
                  0001b518    000000e0     game.o (.text._ZL27Cursor_IsHoveringSelectablev)
                  0001b5f8    000000e0     libc.a : setvbuf.c.obj (.text.setvbuf)
                  0001b6d8    000000d8     Lab9HMain.o (.text.main)
                  0001b7b0    000000d0     ST7735.o (.text._Z14ST7735_OutCharc)
                  0001b880    000000c4     LCD2.o (.text._ZL13LCD2_FillRecthhhht)
                  0001b944    000000c0     LCD2.o (.text._Z14LCD2_ShowScorej)
                  0001ba04    000000bc     game.o (.text._Z16Game_UpdateFramev)
                  0001bac0    000000b4     game.o (.text._Z13Game_GetInputv)
                  0001bb74    000000b4     Switch.o (.text._Z14Switch_Pressedh)
                  0001bc28    000000b0     ST7735.o (.text._Z20ST7735_DrawFastHLinessst)
                  0001bcd8    000000a8     Timer.o (.text._Z14TimerG7_IntArmtjj)
                  0001bd80    000000a2     ST7735.o (.text._ZL11commandListPKh)
                  0001be22    00000002     game.o (.text._ZL12Trail_Updatev)
                  0001be24    000000a0     ST7735.o (.text._Z12ST7735_InitR10initRFlags)
                  0001bec4    000000a0     ST7735.o (.text._Z17ST7735_InitPrintf10initRFlags)
                  0001bf64    000000a0     libsysbm.a : open.c.obj (.text.open)
                  0001c004    0000009c     LCD2.o (.text._ZL12DrawFaceBasett)
                  0001c0a0    00000094     Timer.o (.text._Z15TimerG12_IntArmjj)
                  0001c134    00000094     game.o (.text._Z19Title_HighlightMenuv)
                  0001c1c8    0000008c     game.o (.text._ZL18Title_RenderButtonhh)
                  0001c254    00000088     ST7735.o (.text._ZL13setAddrWindowhhhh)
                  0001c2dc    00000088     game.o (.text._ZL21Settings_RenderOptionhPKch)
                  0001c364    0000000c     Clock.o (.text.Clock_Freq)
                  0001c370    00000088     libc.a : strcmp-armv6m.S.obj (.text:strcmp)
                  0001c3f8    00000084     game.o (.text._Z10Pause_Initv)
                  0001c47c    00000084     ST7735.o (.text._Z14ST7735_OutUDecj)
                  0001c500    00000084     ST7735.o (.text._Z17ST7735_DrawStringttPcs)
                  0001c584    00000080     Sound.o (.text.SysTick_Handler)
                  0001c604    00000080     game.o (.text._ZL10Fruit_Initv)
                  0001c684    0000007c     LaunchPad.o (.text._Z14LaunchPad_Initv)
                  0001c700    0000007c     game.o (.text._ZL14Title_DrawLogoh)
                  0001c77c    0000007c     SlidePot.o (.text._ZN8SlidePot4InitEv)
                  0001c7f8    0000007c     libc.a : fclose.c.obj (.text.__TI_closefile)
                  0001c874    0000007c            : copy_decompress_lzss.c.obj (.text:decompress:lzss)
                  0001c8f0    00000078     game.o (.text._ZL21Language_RenderOptionhPKch)
                  0001c968    00000074     LCD2.o (.text._Z14LCD2_ShowLivesh)
                  0001c9dc    00000070     ST7735.o (.text._Z16ST7735_DrawPixelsst)
                  0001ca4c    0000006c     libsysbm.a : hostlseek.c.obj (.text.HOSTlseek)
                  0001cab8    0000006c                : hostrename.c.obj (.text.HOSTrename)
                  0001cb24    0000006c     LED.o (.text._Z12LED_SetLivesh)
                  0001cb90    0000006c     game.o (.text._Z13Gameplay_Initv)
                  0001cbfc    0000006c     LCD2.o (.text._ZL14LCD2_SetWindowhhhh)
                  0001cc68    0000006c     libc.a : getdevice.c.obj (.text.getdevice)
                  0001ccd4    00000068     game.o (.text._Z10Title_Initv)
                  0001cd3c    00000064     ADC.o (.text.ADC_InDual)
                  0001cda0    00000064     game.o (.text._ZL25LCD2_UpdateGameplayStatusv)
                  0001ce04    00000064     libc.a : memory.c.obj (.text.split)
                  0001ce68    00000060     libsysbm.a : hostopen.c.obj (.text.HOSTopen)
                  0001cec8    0000005c     Joystick.o (.text._Z21Joystick_ReadSlidePotv)
                  0001cf24    0000005c     LCD2.o (.text._ZL14DrawSleepyEyest)
                  0001cf80    00000058     libsysbm.a : hostread.c.obj (.text.HOSTread)
                  0001cfd8    00000058                : hostwrite.c.obj (.text.HOSTwrite)
                  0001d030    00000058     Sound.o (.text._Z10Sound_Initv)
                  0001d088    00000058     TExaS.o (.text._Z10TExaS_InitP10ADC12_RegsjPFhvE)
                  0001d0e0    00000058     LCD2.o (.text._ZL9DrawFrownt)
                  0001d138    00000056     libclang_rt.builtins.a : aeabi_idivmod.S.obj (.text.__aeabi_idivmod)
                  0001d18e    00000002                            : aeabi_div0.c.obj (.text.__aeabi_idiv0)
                  0001d190    00000054     ST7735.o (.text._Z11fillmessagej)
                  0001d1e4    00000054     game.o (.text._ZL7Clamp16sss)
                  0001d238    00000054     libc.a : autoinit.c.obj (.text:__TI_auto_init_nobinit)
                  0001d28c    00000052            : fflush.c.obj (.text.__TI_doflush)
                  0001d2de    00000002            : _lock.c.obj (.text._nop)
                  0001d2e0    00000050     SPI.o (.text._Z11SPI_OutDatac)
                  0001d330    00000050     Joystick.o (.text._Z13Joystick_ReadPjS_)
                  0001d380    00000050     SPI.o (.text._Z14SPI_OutCommandc)
                  0001d3d0    00000050     game.o (.text._ZL11Cursor_MaxYv)
                  0001d420    00000050     game.o (.text._ZL14Language_Inputv)
                  0001d470    00000050     game.o (.text._ZL18Cursor_UpdateColorv)
                  0001d4c0    00000050     libsysbm.a : close.c.obj (.text.close)
                  0001d510    0000004c     game.o (.text._ZL17LCD2_ShowEventMsgPKcth)
                  0001d55c    00000048     libsysbm.a : hostclose.c.obj (.text.HOSTclose)
                  0001d5a4    00000048                : hostunlink.c.obj (.text.HOSTunlink)
                  0001d5ec    00000048     game.o (.text._Z9Game_Initv)
                  0001d634    00000048     game.o (.text._ZL14Settings_Inputv)
                  0001d67c    00000048     game.o (.text._ZL17Fruit_ActiveCountv)
                  0001d6c4    00000048     game.o (.text._ZL7MapAxisjs)
                  0001d70c    00000044     game.o (.text._ZL17Title_AnimateLogov)
                  0001d750    00000040     TExaS.o (.text.TIMG7_IRQHandler)
                  0001d790    00000040     SPI.o (.text._Z9SPI_Resetv)
                  0001d7d0    00000040     game.o (.text._ZL17LCD2_TickEventMsgv)
                  0001d810    00000040     SPI.o (.text._ZL18SPI_AssertSelectedv)
                  0001d850    00000040     libclang_rt.builtins.a : aeabi_uidivmod.S.obj (.text.__aeabi_uidivmod)
                  0001d890    00000040     libc.a : fopen.c.obj (.text._search_fp)
                  0001d8d0    0000003c     DAC5.o (.text._Z9DAC5_Initv)
                  0001d90c    00000038     LaunchPad.o (.text._Z15ActivatePortA_Bv)
                  0001d944    00000038     game.o (.text._ZL14Gameplay_Inputv)
                  0001d97c    00000038     game.o (.text._ZL15DifficultyLevelv)
                  0001d9b4    00000038     libc.a : rand.c.obj (.text.rand)
                  0001d9ec    00000034     Clock.o (.text.Clock_Delay1ms)
                  0001da20    00000034     ST7735.o (.text._Z12ST7735_writeiPKcj)
                  0001da54    00000034     Joystick.o (.text._Z13Joystick_Initv)
                  0001da88    00000034     ST7735.o (.text._Z16ST7735_SetCursorjj)
                  0001dabc    00000034     SPI.o (.text._Z17SPI_SelectDisplayj)
                  0001daf0    00000034     LED.o (.text._Z8LED_Initv)
                  0001db24    00000034     Sound.o (.text._Z9Sound_Sadv)
                  0001db58    00000034     game.o (.text._ZL11Pause_Inputv)
                  0001db8c    00000034     game.o (.text._ZL11Title_Inputv)
                  0001dbc0    00000034     libc.a : fopen.c.obj (.text.__TI_cleanup)
                  0001dbf4    00000034     libsysbm.a : trgmsg.c.obj (.text.__TI_readmsg)
                  0001dc28    00000034                : trgmsg.c.obj (.text.__TI_writemsg)
                  0001dc5c    00000034     libc.a : exit.c.obj (.text.exit)
                  0001dc90    00000034            : getdevice.c.obj (.text.finddevice)
                  0001dcc4    00000034            : fopen.c.obj (.text.freopen)
                  0001dcf8    00000032     ST7735.o (.text._Z15ST7735_Color565hhh)
                  0001dd2a    00000002     --HOLE-- [fill = 0]
                  0001dd2c    00000030     Lab9HMain.o (.text.TIMG12_IRQHandler)
                  0001dd5c    00000030     Sound.o (.text._Z11Sound_StartPKhj)
                  0001dd8c    00000030     Sound.o (.text._Z15Sound_SetVolumej)
                  0001ddbc    00000030     ST7735.o (.text._ZL10commonInitPKh)
                  0001ddec    00000030     game.o (.text._ZL5Abs16s)
                  0001de1c    00000030     libc.a : fopen.c.obj (.text.fopen)
                  0001de4c    0000002e     game.o (.text._ZL10Back_Inputv)
                  0001de7a    0000002e     LCD2.o (.text._ZL11DrawNeutralt)
                  0001dea8    0000002e     game.o (.text._ZL13Credits_Inputv)
                  0001ded6    00000002     --HOLE-- [fill = 0]
                  0001ded8    0000002c     Sound.o (.text._Z10Sound_Stopv)
                  0001df04    0000002c     ST7735.o (.text._Z17ST7735_FillScreent)
                  0001df30    0000002c     Switch.o (.text._Z9Switch_Inv)
                  0001df5c    0000002c     libsysbm.a : unlink.c.obj (.text.unlink)
                  0001df88    00000028     TExaS.o (.text._Z9ADC_StartP10ADC12_Regs)
                  0001dfb0    00000028     game.o (.text._ZL4langPKcS0_)
                  0001dfd8    00000028     libc.a : memory.c.obj (.text.free_list_insert)
                  0001e000    00000028     libsysbm.a : write.c.obj (.text.write)
                  0001e028    00000028     libc.a : boot_cortex_m.c.obj (.text:_c_int00_noargs)
                  0001e050    00000026     ST7735.o (.text._Z16ST7735_OutStringPc)
                  0001e076    00000022     game.o (.text._ZL7DrawSepst)
                  0001e098    00000020     DAC5.o (.text._Z8DAC5_Outj)
                  0001e0b8    00000020     game.o (.text._ZL12Cursor_Resetss)
                  0001e0d8    0000001e     LCD2.o (.text._Z15LCD2_FillScreent)
                  0001e0f6    0000001e     ST7735.o (.text._ZL9pushColort)
                  0001e114    0000001e     SlidePot.o (.text._ZN8SlidePotC2Ejj)
                  0001e132    00000002     --HOLE-- [fill = 0]
                  0001e134    0000001c     startup_mspm0g3507_ticlang.o (.text.Default_Handler)
                  0001e150    0000001c     startup_mspm0g3507_ticlang.o (.text.HardFault_Handler)
                  0001e16c    0000001c     libc.a : memory.c.obj (.text.free_list_remove)
                  0001e188    00000018     Switch.o (.text._Z11Switch_Initv)
                  0001e1a0    00000018     SPI.o (.text._ZL15SPI_DeassertAllv)
                  0001e1b8    00000018     Lab9HMain.o (.text.__cxx_global_var_init)
                  0001e1d0    00000016     ST7735.o (.text._Z11ST7735_openPKcji)
                  0001e1e6    00000016     ST7735.o (.text._Z11ST7735_readiPcj)
                  0001e1fc    00000016     libc.a : copy_zero_init.c.obj (.text:decompress:ZI:__TI_zero_init_nomemset)
                  0001e212    00000002     --HOLE-- [fill = 0]
                  0001e214    00000014     Sound.o (.text._Z10Sound_Meowv)
                  0001e228    00000014     Sound.o (.text._Z15Sound_Explosionv)
                  0001e23c    00000014     ST7735.o (.text._Z19ST7735_SetTextColort)
                  0001e250    00000014     LCD2.o (.text._ZL8LCD2_Cmdh)
                  0001e264    00000014     LCD2.o (.text._ZL9LCD2_Datah)
                  0001e278    00000012     libc.a : memcpy16.S.obj (.text:TI_memcpy_small)
                  0001e28a    00000012            : copy_decompress_none.c.obj (.text:decompress:none)
                  0001e29c    00000010     Clock.o (.text.Clock_Delay)
                  0001e2ac    00000010     Lab9HMain.o (.text._Z28TExaS_LaunchPadLogicPB27PB26v)
                  0001e2bc    0000000e     libc.a : memory.c.obj (.text.OUTLINED_FUNCTION_0)
                  0001e2ca    0000000e     ST7735.o (.text._Z12ST7735_lseekili)
                  0001e2d8    0000000e     libsysbm.a : hostrename.c.obj (.text.strcpy)
                  0001e2e6    0000000e                : hostrename.c.obj (.text.strlen)
                  0001e2f4    0000000e     libc.a : memset16.S.obj (.text:TI_memset_small)
                  0001e302    0000000c     ST7735.o (.text._Z13ST7735_renamePKcS0_)
                  0001e30e    0000000c     game.o (.text._ZL16Cursor_IsSlicingv)
                  0001e31a    0000000c     game.o (.text._ZL17Fruit_SpawnChancev)
                  0001e326    00000002     --HOLE-- [fill = 0]
                  0001e328    0000000c     libclang_rt.builtins.a : aeabi_memset.S.obj (.text.__aeabi_memclr)
                  0001e334    0000000c     libc.a : memory.c.obj (.text.malloc)
                  0001e340    0000000a     ST7735.o (.text._Z12ST7735_closei)
                  0001e34a    0000000a     ST7735.o (.text._Z13ST7735_unlinkPKc)
                  0001e354    0000000a     LCD2.o (.text._ZL10LCD2_Beginv)
                  0001e35e    0000000a     game.o (.text._ZL11LCD1_Selectv)
                  0001e368    0000000a     LCD2.o (.text._ZL8LCD2_Endv)
                  0001e372    0000000a     game.o (.text._ZL8LCD2_Selv)
                  0001e37c    00000008     Lab9HMain.o (.text._GLOBAL__sub_I_Lab9HMain.cpp)
                  0001e384    00000008     Lab9HMain.o (.text._Z8PLL_Initv)
                  0001e38c    00000008     game.o (.text._ZL19Gameplay_DrawBorderv)
                  0001e394    00000008     libclang_rt.builtins.a : aeabi_memcpy.S.obj (.text.__aeabi_memcpy)
                  0001e39c    00000008     libsysbm.a : remove.c.obj (.text.remove)
                  0001e3a4    00000006     libc.a : exit.c.obj (.text:abort)
                  0001e3aa    00000004     libsysbm.a : hostexit.c.obj (.text.HOSTexit)
                  0001e3ae    00000004     startup_mspm0g3507_ticlang.o (.text.Reset_Handler)
                  0001e3b2    00000004     libc.a : pre_init.c.obj (.text._system_pre_init)
                  0001e3b6    0000000a     --HOLE-- [fill = 0]

.cinit     0    0001e3c0    000000f8     
                  0001e3c0    000000d0     (.cinit..data.load) [load image, compression = lzss]
                  0001e490    0000000c     (__TI_handler_table)
                  0001e49c    00000008     (.cinit..bss.load) [load image, compression = zero_init]
                  0001e4a4    00000010     (__TI_cinit_table)
                  0001e4b4    00000004     --HOLE-- [fill = 0]

.rodata    0    000000c0    00018a08     
                  000000c0    00005622     Sound.o (.rodata._ZL9explosion)
                  000056e2    00002b11     Sound.o (.rodata._ZL3sad)
                  000081f3    00000001     --HOLE-- [fill = 0]
                  000081f4    000024ea     game.o (.rodata._ZL8catlogo3)
                  0000a6de    00001fce     game.o (.rodata._ZL4boom)
                  0000c6ac    00001f7c     game.o (.rodata._ZL8catlogo1)
                  0000e628    00001f7c     game.o (.rodata._ZL8catlogo2)
                  000105a4    000015fd     Sound.o (.rodata._ZL4meow)
                  00011ba1    00000001     --HOLE-- [fill = 0]
                  00011ba2    00000fc0     game.o (.rodata._ZL14wholepineapple)
                  00012b62    00000cc0     game.o (.rodata._ZL13cutstrawberry)
                  00013822    00000c00     game.o (.rodata._ZL4bomb)
                  00014422    00000a2c     game.o (.rodata._ZL14cutpomegranate)
                  00014e4e    00000a18     game.o (.rodata._ZL12cutpineapple)
                  00015866    00000992     game.o (.rodata._ZL13cutwatermelon)
                  000161f8    00000980     game.o (.rodata._ZL15wholewatermelon)
                  00016b78    00000800     game.o (.rodata._ZL15wholestrawberry)
                  00017378    00000800     game.o (.rodata._ZL16wholepomegranate)
                  00017b78    000004fb     ST7735.o (.rodata._ZL4Font)
                  00018073    00000001     --HOLE-- [fill = 0]
                  00018074    000002ac     game.o (.rodata._ZL7cursor2)
                  00018320    000001c2     game.o (.rodata._ZL7cursor1)
                  000184e2    00000002     game.o (.rodata._ZZL21Language_RenderOptionhPKchE4rows)
                  000184e4    000000a0     game.o (.rodata.FSM)
                  00018584    0000003b     ST7735.o (.rodata._ZL5Rcmd1)
                  000185bf    0000002b     ST7735.o (.rodata._ZL5Rcmd3)
                  000185ea    00000028     game.o (.rodata._ZL1P)
                  00018612    00000016     ST7735.o (.rodata.str1.14736978382213673245.1)
                  00018628    00000014     game.o (.rodata.str1.7258948801569304867.1)
                  0001863c    00000013     game.o (.rodata.str1.10403452635666488694.1)
                  0001864f    00000013     game.o (.rodata.str1.7253378935635886728.1)
                  00018662    00000012     game.o (.rodata.str1.11918823877141892253.1)
                  00018674    00000012     LCD2.o (.rodata.str1.1556963780207149912.1)
                  00018686    00000012     game.o (.rodata.str1.2199998179282738362.1)
                  00018698    00000012     game.o (.rodata.str1.6889954360861556497.1)
                  000186aa    00000011     game.o (.rodata.str1.12679136591786368146.1)
                  000186bb    00000011     game.o (.rodata.str1.13275030534916230440.1)
                  000186cc    00000011     game.o (.rodata.str1.15778314312158856208.1)
                  000186dd    00000011     LCD2.o (.rodata.str1.4698020148890011154.1)
                  000186ee    00000011     LCD2.o (.rodata.str1.5802696561701398103.1)
                  000186ff    00000010     game.o (.rodata.str1.11108333820280941987.1)
                  0001870f    00000010     game.o (.rodata.str1.15854970095281689993.1)
                  0001871f    00000010     game.o (.rodata.str1.4481688308045839786.1)
                  0001872f    00000010     game.o (.rodata.str1.5774995680669179636.1)
                  0001873f    0000000f     game.o (.rodata.str1.10794403638768917977.1)
                  0001874e    0000000f     game.o (.rodata.str1.1225402818456057192.1)
                  0001875d    0000000f     game.o (.rodata.str1.13165663304501454472.1)
                  0001876c    0000000f     LCD2.o (.rodata.str1.13806831685747163647.1)
                  0001877b    0000000f     game.o (.rodata.str1.14663297151598632228.1)
                  0001878a    0000000f     game.o (.rodata.str1.1614742763336168658.1)
                  00018799    0000000f     game.o (.rodata.str1.16373844655129967536.1)
                  000187a8    0000000f     game.o (.rodata.str1.17094847853566809237.1)
                  000187b7    0000000f     game.o (.rodata.str1.5139900537256858986.1)
                  000187c6    0000000f     game.o (.rodata.str1.5529731265542149294.1)
                  000187d5    0000000f     game.o (.rodata.str1.6784254412165087105.1)
                  000187e4    0000000f     game.o (.rodata.str1.757528710459687859.1)
                  000187f3    0000000f     game.o (.rodata.str1.8594887354802209522.1)
                  00018802    0000000f     game.o (.rodata.str1.9271192934666527856.1)
                  00018811    0000000f     game.o (.rodata.str1.956832095416839504.1)
                  00018820    0000000e     game.o (.rodata.str1.1117971536828408026.1)
                  0001882e    0000000e     game.o (.rodata.str1.14371565786375286640.1)
                  0001883c    0000000e     game.o (.rodata.str1.14403490484111549897.1)
                  0001884a    0000000e     game.o (.rodata.str1.15538502664723738107.1)
                  00018858    0000000e     game.o (.rodata.str1.17095000517023723387.1)
                  00018866    0000000e     game.o (.rodata.str1.217846236431358815.1)
                  00018874    0000000e     game.o (.rodata.str1.3052841614599428172.1)
                  00018882    0000000e     game.o (.rodata.str1.308595220680458219.1)
                  00018890    0000000e     LCD2.o (.rodata.str1.5061088583069787793.1)
                  0001889e    0000000e     game.o (.rodata.str1.6532576717228740979.1)
                  000188ac    0000000e     game.o (.rodata.str1.791997471374852416.1)
                  000188ba    0000000e     game.o (.rodata.str1.7934551804554883653.1)
                  000188c8    0000000d     ST7735.o (.rodata._ZL10Rcmd2green)
                  000188d5    0000000d     ST7735.o (.rodata._ZL8Rcmd2red)
                  000188e2    0000000d     game.o (.rodata.str1.3270838578870747142.1)
                  000188ef    0000000d     game.o (.rodata.str1.7083552401782681249.1)
                  000188fc    0000000d     game.o (.rodata.str1.7829564414423384720.1)
                  00018909    0000000d     game.o (.rodata.str1.979547378499881123.1)
                  00018916    0000000c     LCD2.o (.rodata.str1.17121630171447398537.1)
                  00018922    0000000c     game.o (.rodata.str1.4504810627130521599.1)
                  0001892e    0000000c     game.o (.rodata.str1.4874996498215415027.1)
                  0001893a    0000000c     game.o (.rodata.str1.7583671888269924804.1)
                  00018946    0000000c     game.o (.rodata.str1.8526445298261728700.1)
                  00018952    0000000c     game.o (.rodata.str1.9105195407866861371.1)
                  0001895e    0000000c     game.o (.rodata.str1.9458011854800828263.1)
                  0001896a    0000000c     game.o (.rodata.str1.9992698800692079309.1)
                  00018976    0000000b     game.o (.rodata.str1.16722638838168008421.1)
                  00018981    0000000b     game.o (.rodata.str1.16756888501146228270.1)
                  0001898c    0000000b     game.o (.rodata.str1.16873170854458179678.1)
                  00018997    0000000b     game.o (.rodata.str1.5237741753333275274.1)
                  000189a2    0000000a     game.o (.rodata._ZL10TitleLogoH)
                  000189ac    0000000a     game.o (.rodata._ZL10TitleLogoW)
                  000189b6    0000000a     LCD2.o (.rodata._ZL8kSegMask)
                  000189c0    0000000a     game.o (.rodata.str1.17564388679715120840.1)
                  000189ca    0000000a     game.o (.rodata.str1.559953352770440900.1)
                  000189d4    00000009     game.o (.rodata.str1.1342751468803880686.1)
                  000189dd    00000009     game.o (.rodata.str1.1711757927580584432.1)
                  000189e6    00000009     game.o (.rodata.str1.17673049562267310073.1)
                  000189ef    00000009     game.o (.rodata.str1.2247539938334879206.1)
                  000189f8    00000009     game.o (.rodata.str1.3031106559547184954.1)
                  00018a01    00000009     game.o (.rodata.str1.3880429772888662928.1)
                  00018a0a    00000009     game.o (.rodata.str1.391108720470308146.1)
                  00018a13    00000009     game.o (.rodata.str1.5423491454368723650.1)
                  00018a1c    00000009     game.o (.rodata.str1.5935445895712156352.1)
                  00018a25    00000009     game.o (.rodata.str1.712626920937441233.1)
                  00018a2e    00000009     game.o (.rodata.str1.799171387175703048.1)
                  00018a37    00000009     game.o (.rodata.str1.8926757068259655955.1)
                  00018a40    00000009     game.o (.rodata.str1.9568885152165946008.1)
                  00018a49    00000008     game.o (.rodata.str1.12274119572843017293.1)
                  00018a51    00000008     game.o (.rodata.str1.14262997000808204614.1)
                  00018a59    00000008     game.o (.rodata.str1.1779468197470963212.1)
                  00018a61    00000008     game.o (.rodata.str1.4142281620164877655.1)
                  00018a69    00000008     ST7735.o (.rodata.str1.7209918599617305731.1)
                  00018a71    00000008     game.o (.rodata.str1.9062030965416229544.1)
                  00018a79    00000008     game.o (.rodata.str1.9794156929520360634.1)
                  00018a81    00000008     game.o (.rodata.str1.9854329341405547939.1)
                  00018a89    00000007     ST7735.o (.rodata.str1.10208736415454880443.1)
                  00018a90    00000007     game.o (.rodata.str1.29013126287955748.1)
                  00018a97    00000007     game.o (.rodata.str1.3904457979709941353.1)
                  00018a9e    00000007     ST7735.o (.rodata.str1.8723687351022562626.1)
                  00018aa5    00000006     game.o (.rodata.str1.18154508853008104860.1)
                  00018aab    00000005     game.o (.rodata.str1.12339137301575941712.1)
                  00018ab0    00000005     game.o (.rodata.str1.15456463322423682333.1)
                  00018ab5    00000003     LCD2.o (.rodata._ZZ14LCD2_ShowLiveshE2xs)
                  00018ab8    00000003     game.o (.rodata._ZZL18Title_RenderButtonhhE4cols)
                  00018abb    00000003     game.o (.rodata._ZZL21Settings_RenderOptionhPKchE4rows)
                  00018abe    00000003     game.o (.rodata.str1.2261614836116834846.1)
                  00018ac1    00000003     game.o (.rodata.str1.3997025822341814853.1)
                  00018ac4    00000002     ST7735.o (.rodata.str1.18358205720993799461.1)
                  00018ac6    00000002     --HOLE-- [fill = 0]

.init_array 
*          0    00018ac8    00000008     
                  00018ac8    00000004     Lab9HMain.o (.init_array)
                  00018acc    00000004     --HOLE-- [fill = 0]

.data      0    20200000    000002ed     UNINITIALIZED
                  20200000    000000f0     libc.a : defs.c.obj (.data._ftable)
                  202000f0    00000078     libsysbm.a : host_device.c.obj (.data._device)
                  20200168    00000064     game.o (.data._ZL6Fruits)
                  202001cc    00000050     libsysbm.a : host_device.c.obj (.data._stream)
                  2020021c    00000028     game.o (.data._ZL9selection)
                  20200244    00000014     Lab9HMain.o (.data.Sensor)
                  20200258    00000014     game.o (.data._ZL10TitleLogos)
                  2020026c    00000008     libc.a : exit.c.obj (.data..L_MergedGlobals)
                  20200274    00000008     game.o (.data._ZZ18Language_HighlightvE6labels)
                  2020027c    00000006     game.o (.data._ZL11BladeCursor)
                  20200282    00000002     ST7735.o (.data.StTextColor)
                  20200284    00000004     Clock.o (.data.BusFreq)
                  20200288    00000004     ST7735.o (.data.StX)
                  2020028c    00000004     ST7735.o (.data.StY)
                  20200290    00000004     Sound.o (.data._ZL10SoundCount)
                  20200294    00000004     Sound.o (.data._ZL10SoundIndex)
                  20200298    00000004     SPI.o (.data._ZL13ActiveDisplay)
                  2020029c    00000004     game.o (.data._ZL13PreviousState)
                  202002a0    00000004     game.o (.data._ZL15LCD2ScoreShadow)
                  202002a4    00000004     game.o (.data._ZL4JoyX)
                  202002a8    00000004     game.o (.data._ZL4JoyY)
                  202002ac    00000004     game.o (.data._ZL5Score)
                  202002b0    00000004     Sound.o (.data._ZL7SoundPt)
                  202002b4    00000004     game.o (.data._ZL9HighScore)
                  202002b8    00000004     libc.a : defs.c.obj (.data.__TI_ft_end)
                  202002bc    00000004            : _lock.c.obj (.data._lock)
                  202002c0    00000004            : _lock.c.obj (.data._unlock)
                  202002c4    00000004            : rand.c.obj (.data.next)
                  202002c8    00000002     game.o (.data._ZL11CursorColor)
                  202002ca    00000002     game.o (.data._ZL11SlowmoTimer)
                  202002cc    00000002     ST7735.o (.data._ZL6_width)
                  202002ce    00000002     ST7735.o (.data._ZL7_height)
                  202002d0    00000001     game.o (.data.CurrentLanguage)
                  202002d1    00000001     Switch.o (.data._ZL10prevBottom)
                  202002d2    00000001     game.o (.data._ZL11GravCounter)
                  202002d3    00000001     game.o (.data._ZL11SlowmoFrame)
                  202002d4    00000001     Sound.o (.data._ZL11SoundVolume)
                  202002d5    00000001     game.o (.data._ZL11titleCursor)
                  202002d6    00000001     game.o (.data._ZL12LCD2MsgTimer)
                  202002d7    00000001     game.o (.data._ZL13prevSelection)
                  202002d8    00000001     game.o (.data._ZL14languageCursor)
                  202002d9    00000001     game.o (.data._ZL14settingsCursor)
                  202002da    00000001     game.o (.data._ZL14titleLogoFrame)
                  202002db    00000001     game.o (.data._ZL14titleLogoTimer)
                  202002dc    00000001     game.o (.data._ZL15LCD2LivesShadow)
                  202002dd    00000001     game.o (.data._ZL17languageSelection)
                  202002de    00000001     game.o (.data._ZL17settingsSelection)
                  202002df    00000001     game.o (.data._ZL5Lives)
                  202002e0    00000001     Switch.o (.data._ZL7prevTop)
                  202002e1    00000001     Sound.o (.data._ZL9SoundLoop)
                  202002e2    00000002     --HOLE--
                  202002e4    00000001     libsysbm.a : add_device.c.obj (.data.add_device.device_init)
                  202002e5    00000003     --HOLE--
                  202002e8    00000001     libc.a : memory.c.obj (.data.memory_is_initialized)
                  202002e9    00000003     --HOLE--
                  202002ec    00000001     libsysbm.a : open.c.obj (.data.open.stream_init)

.sysmem    0    202002f0    00000200     UNINITIALIZED
                  202002f0    00000010     libc.a : memory.c.obj (.sysmem)
                  20200300    000001f0     --HOLE--

.bss       0    202004f0    000001f0     UNINITIALIZED
                  202004f0    00000120     libsysbm.a : trgmsg.c.obj (.bss:_CIOBUF_)
                  20200610    000000a0     libc.a : defs.c.obj (.bss.__TI_tmpnams)
                  202006b0    0000000c     ST7735.o (.bss.Message)
                  202006bc    00000008     libsysbm.a : hostopen.c.obj (.bss.parmbuf)
                  202006c4    00000004     ST7735.o (.bss.Messageindex)
                  202006c8    00000004     game.o (.bss.S)
                  202006cc    00000004     game.o (.bss.Semaphore)
                  202006d0    00000004     TExaS.o (.bss.TExaSLogic)
                  202006d4    00000004     TExaS.o (.bss.TExaSadc)
                  202006d8    00000004     libc.a : memory.c.obj (.bss.sys_free)
                  202006dc    00000001     ST7735.o (.bss._ZL8ColStart)
                  202006dd    00000001     ST7735.o (.bss._ZL8Rotation)
                  202006de    00000001     ST7735.o (.bss._ZL8RowStart)
                  202006df    00000001     ST7735.o (.bss._ZL8TabColor)

.stack     0    20207e00    00000200     UNINITIALIZED
                  20207e00    00000004     libc.a : boot_cortex_m.c.obj (.stack)
                  20207e04    000001fc     --HOLE--

__llvm_prf_cnts 
*          0    20200000    00000000     UNINITIALIZED

__llvm_prf_bits 
*          0    20200000    00000000     UNINITIALIZED

MODULE SUMMARY

       Module                         code    ro data   rw data
       ------                         ----    -------   -------
    .\
       game.o                         8462    60608     224    
       Sound.o                        448     38704     14     
       ST7735.o                       3354    1449      34     
       LCD2.o                         2566    106       0      
       TExaS.o                        720     0         8      
       SPI.o                          644     0         4      
       Clock.o                        476     0         4      
       ADC.o                          392     0         0      
       Lab9HMain.o                    320     4         20     
       Timer.o                        316     0         0      
       Switch.o                       248     0         2      
       Joystick.o                     224     0         0      
       LaunchPad.o                    180     0         0      
       LED.o                          160     0         0      
       SlidePot.o                     154     0         0      
       DAC5.o                         92      0         0      
    +--+------------------------------+-------+---------+---------+
       Total:                         18756   100871    310    
                                                               
    .\ticlang\
       startup_mspm0g3507_ticlang.o   60      192       0      
    +--+------------------------------+-------+---------+---------+
       Total:                         60      192       0      
                                                               
    C:\ti\ccs2040\ccs\tools\compiler\ti-cgt-armllvm_4.0.4.LTS\lib\armv6m-ti-none-eabi/c/libc.a
       memory.c.obj                   702     0         5      
       fopen.c.obj                    556     0         0      
       defs.c.obj                     0       0         404    
       setvbuf.c.obj                  224     0         0      
       getdevice.c.obj                160     0         0      
       strcmp-armv6m.S.obj            136     0         0      
       copy_decompress_lzss.c.obj     124     0         0      
       fclose.c.obj                   124     0         0      
       autoinit.c.obj                 84      0         0      
       fflush.c.obj                   82      0         0      
       exit.c.obj                     58      0         8      
       rand.c.obj                     56      0         4      
       boot_cortex_m.c.obj            40      0         0      
       copy_zero_init.c.obj           22      0         0      
       copy_decompress_none.c.obj     18      0         0      
       memcpy16.S.obj                 18      0         0      
       memset16.S.obj                 14      0         0      
       _lock.c.obj                    2       0         8      
       pre_init.c.obj                 4       0         0      
    +--+------------------------------+-------+---------+---------+
       Total:                         2424    0         429    
                                                               
    C:\ti\ccs2040\ccs\tools\compiler\ti-cgt-armllvm_4.0.4.LTS\lib\armv6m-ti-none-eabi/c/libsysbm.a
       trgmsg.c.obj                   104     0         288    
       add_device.c.obj               236     0         1      
       host_device.c.obj              0       0         200    
       open.c.obj                     160     0         1      
       hostrename.c.obj               136     0         0      
       hostlseek.c.obj                108     0         0      
       hostopen.c.obj                 96      0         8      
       hostread.c.obj                 88      0         0      
       hostwrite.c.obj                88      0         0      
       close.c.obj                    80      0         0      
       hostclose.c.obj                72      0         0      
       hostunlink.c.obj               72      0         0      
       unlink.c.obj                   44      0         0      
       write.c.obj                    40      0         0      
       remove.c.obj                   8       0         0      
       hostexit.c.obj                 4       0         0      
    +--+------------------------------+-------+---------+---------+
       Total:                         1336    0         498    
                                                               
    C:\ti\ccs2040\ccs\tools\compiler\ti-cgt-armllvm_4.0.4.LTS\lib\armv6m-ti-none-eabi/libclang_rt.builtins.a
       aeabi_idivmod.S.obj            86      0         0      
       aeabi_uidivmod.S.obj           64      0         0      
       aeabi_memset.S.obj             12      0         0      
       aeabi_memcpy.S.obj             8       0         0      
       aeabi_div0.c.obj               2       0         0      
    +--+------------------------------+-------+---------+---------+
       Total:                         172     0         0      
                                                               
       Heap:                          0       0         512    
       Stack:                         0       0         512    
       Linker Generated:              0       244       0      
    +--+------------------------------+-------+---------+---------+
       Grand Total:                   22748   101307    2261   


LINKER GENERATED COPY TABLES

__TI_cinit_table @ 0001e4a4 records: 2, size/record: 8, table size: 16
	.data: load addr=0001e3c0, load size=000000d0 bytes, run addr=20200000, run size=000002ed bytes, compression=lzss
	.bss: load addr=0001e49c, load size=00000008 bytes, run addr=202004f0, run size=000001f0 bytes, compression=zero_init


LINKER GENERATED HANDLER TABLE

__TI_handler_table @ 0001e490 records: 3, size/record: 4, table size: 12
	index: 0, handler: __TI_decompress_lzss
	index: 1, handler: __TI_decompress_none
	index: 2, handler: __TI_zero_init


GLOBAL SYMBOLS: SORTED ALPHABETICALLY BY Name 

address   name                             
-------   ----                             
0001e135  ADC0_IRQHandler                  
0001e135  ADC1_IRQHandler                  
0001cd3d  ADC_InDual                       
0001a7cd  ADC_InitDual                     
0001e135  AES_IRQHandler                   
20200284  BusFreq                          
0001e3aa  C$$EXIT                          
0001dc55  C$$IO$$                          
0001e135  CANFD0_IRQHandler                
0001e29d  Clock_Delay                      
0001d9ed  Clock_Delay1ms                   
0001c365  Clock_Freq                       
00019c11  Clock_Init80MHz                  
202002d0  CurrentLanguage                  
0001e135  DAC0_IRQHandler                  
0001e135  DMA_IRQHandler                   
0001e135  Default_Handler                  
000184e4  FSM                              
0001e135  GROUP0_IRQHandler                
0001e135  GROUP1_IRQHandler                
0001d55d  HOSTclose                        
0001e3ab  HOSTexit                         
0001ca4d  HOSTlseek                        
0001ce69  HOSTopen                         
0001cf81  HOSTread                         
0001cab9  HOSTrename                       
0001d5a5  HOSTunlink                       
0001cfd9  HOSTwrite                        
0001e151  HardFault_Handler                
0001e135  I2C0_IRQHandler                  
0001e135  I2C1_IRQHandler                  
202006b0  Message                          
202006c4  Messageindex                     
0001e135  NMI_Handler                      
0001e135  PendSV_Handler                   
0001e135  RTC_IRQHandler                   
0001e3af  Reset_Handler                    
202006c8  S                                
00018ac8  SHT$$INIT_ARRAY$$Base            
00018acc  SHT$$INIT_ARRAY$$Limit           
0001e135  SPI0_IRQHandler                  
0001e135  SPI1_IRQHandler                  
0001e135  SVC_Handler                      
202006cc  Semaphore                        
20200244  Sensor                           
20200282  StTextColor                      
20200288  StX                              
2020028c  StY                              
0001c585  SysTick_Handler                  
202006d0  TExaSLogic                       
202006d4  TExaSadc                         
0001e135  TIMA0_IRQHandler                 
0001e135  TIMA1_IRQHandler                 
0001e135  TIMG0_IRQHandler                 
0001dd2d  TIMG12_IRQHandler                
0001e135  TIMG6_IRQHandler                 
0001d751  TIMG7_IRQHandler                 
0001e135  TIMG8_IRQHandler                 
0001e279  TI_memcpy_small                  
0001e2f5  TI_memset_small                  
0001e135  UART0_IRQHandler                 
0001e135  UART1_IRQHandler                 
0001e135  UART2_IRQHandler                 
0001e135  UART3_IRQHandler                 
202004f0  _CIOBUF_                         
0001c3f9  _Z10Pause_Initv                  
0001d031  _Z10Sound_Initv                  
0001e215  _Z10Sound_Meowv                  
0001ded9  _Z10Sound_Stopv                  
0001d089  _Z10TExaS_InitP10ADC12_RegsjPFhvE
0001ccd5  _Z10Title_Initv                  
0001d2e1  _Z11SPI_OutDatac                 
0001e1d1  _Z11ST7735_openPKcji             
0001e1e7  _Z11ST7735_readiPcj              
0001dd5d  _Z11Sound_StartPKhj              
0001e189  _Z11Switch_Initv                 
0001d191  _Z11fillmessagej                 
0001ac39  _Z12Credits_Initv                
0001cb25  _Z12LED_SetLivesh                
0001be25  _Z12ST7735_InitR10initRFlags     
0001e341  _Z12ST7735_closei                
0001e2cb  _Z12ST7735_lseekili              
0001da21  _Z12ST7735_writeiPKcj            
0001a441  _Z13GameOver_Initv               
0001bac1  _Z13Game_GetInputv               
0001cb91  _Z13Gameplay_Initv               
0001da55  _Z13Joystick_Initv               
0001d331  _Z13Joystick_ReadPjS_            
0001a309  _Z13Language_Initv               
0001e303  _Z13ST7735_renamePKcS0_          
0001e34b  _Z13ST7735_unlinkPKc             
0001af75  _Z13Settings_Initv               
0001c969  _Z14LCD2_ShowLivesh              
0001b945  _Z14LCD2_ShowScorej              
0001c685  _Z14LaunchPad_Initv              
0001d381  _Z14SPI_OutCommandc              
0001b7b1  _Z14ST7735_OutCharc              
0001c47d  _Z14ST7735_OutUDecj              
0001bb75  _Z14Switch_Pressedh              
0001bcd9  _Z14TimerG7_IntArmtjj            
0001d90d  _Z15ActivatePortA_Bv             
0001e0d9  _Z15LCD2_FillScreent             
0001dcf9  _Z15ST7735_Color565hhh           
0001a8f1  _Z15ST7735_FillRectsssst         
0001e229  _Z15Sound_Explosionv             
0001dd8d  _Z15Sound_SetVolumej             
0001c0a1  _Z15TimerG12_IntArmjj            
0001ba05  _Z16Game_UpdateFramev            
000198d9  _Z16ST7735_DrawCharSsscssh       
0001c9dd  _Z16ST7735_DrawPixelsst          
0001e051  _Z16ST7735_OutStringPc           
0001da89  _Z16ST7735_SetCursorjj           
00019d9d  _Z17Instructions_Initv           
00019f0d  _Z17LCD2_ShowReactionh           
0001dabd  _Z17SPI_SelectDisplayj           
000194c5  _Z17ST7735_DrawBitmapssPKtss     
0001c501  _Z17ST7735_DrawStringttPcs       
0001df05  _Z17ST7735_FillScreent           
0001bec5  _Z17ST7735_InitPrintf10initRFlags
0001a575  _Z18Language_Highlightv          
0001b07d  _Z18ST7735_SetRotationh          
0001aa09  _Z18Settings_Highlightv          
0001e23d  _Z19ST7735_SetTextColort         
0001c135  _Z19Title_HighlightMenuv         
0001bc29  _Z20ST7735_DrawFastHLinessst     
0001cec9  _Z21Joystick_ReadSlidePotv       
0001e2ad  _Z28TExaS_LaunchPadLogicPB27PB26v
0001a6a5  _Z8ADC_InitP10ADC12_Regsjj       
0001e099  _Z8DAC5_Outj                     
0001daf1  _Z8LED_Initv                     
0001e385  _Z8PLL_Initv                     
0001ab21  _Z8SPI_Initv                     
0001df89  _Z9ADC_StartP10ADC12_Regs        
0001d8d1  _Z9DAC5_Initv                    
0001d5ed  _Z9Game_Initv                    
0001925d  _Z9LCD2_Initv                    
0001d791  _Z9SPI_Resetv                    
0001db25  _Z9Sound_Sadv                    
0001df31  _Z9Switch_Inv                    
0001b349  _Z9UART_Initv                    
0001c77d  _ZN8SlidePot4InitEv              
0001e115  _ZN8SlidePotC1Ejj                
0001e115  _ZN8SlidePotC2Ejj                
202004f0  __CIOBUF_                        
20208000  __STACK_END                      
00000200  __STACK_SIZE                     
00000200  __SYSMEM_SIZE                    
00000000  __TI_ATRegion0_region_sz         
00000000  __TI_ATRegion0_src_addr          
00000000  __TI_ATRegion0_trg_addr          
00000000  __TI_ATRegion1_region_sz         
00000000  __TI_ATRegion1_src_addr          
00000000  __TI_ATRegion1_trg_addr          
00000000  __TI_ATRegion2_region_sz         
00000000  __TI_ATRegion2_src_addr          
00000000  __TI_ATRegion2_trg_addr          
0001e4a4  __TI_CINIT_Base                  
0001e4b4  __TI_CINIT_Limit                 
0001e4b4  __TI_CINIT_Warm                  
0001e490  __TI_Handler_Table_Base          
0001e49c  __TI_Handler_Table_Limit         
0001d239  __TI_auto_init_nobinit           
0001dbc1  __TI_cleanup                     
2020026c  __TI_cleanup_ptr                 
0001c7f9  __TI_closefile                   
0001c875  __TI_decompress_lzss             
0001e28b  __TI_decompress_none             
0001d28d  __TI_doflush                     
20200270  __TI_dtors_ptr                   
202002b8  __TI_ft_end                      
ffffffff  __TI_pprof_out_hndl              
ffffffff  __TI_prof_data_size              
ffffffff  __TI_prof_data_start             
0001dbf5  __TI_readmsg                     
00000000  __TI_static_base__               
20200610  __TI_tmpnams                     
0001dc29  __TI_writemsg                    
0001e1fd  __TI_zero_init_nomemset          
0001d139  __aeabi_idiv                     
0001d18f  __aeabi_idiv0                    
0001d139  __aeabi_idivmod                  
0001e329  __aeabi_memclr                   
0001e329  __aeabi_memclr4                  
0001e329  __aeabi_memclr8                  
0001e395  __aeabi_memcpy                   
0001e395  __aeabi_memcpy4                  
0001e395  __aeabi_memcpy8                  
0001d851  __aeabi_uidiv                    
0001d851  __aeabi_uidivmod                 
ffffffff  __binit__                        
UNDEFED   __mpu_init                       
20207e00  __stack                          
20200000  __start___llvm_prf_bits          
20200000  __start___llvm_prf_cnts          
20200000  __stop___llvm_prf_bits           
20200000  __stop___llvm_prf_cnts           
0001e029  _c_int00_noargs                  
202000f0  _device                          
20200000  _ftable                          
202002bc  _lock                            
0001d2df  _nop                             
202001cc  _stream                          
202002f0  _sys_memory                      
UNDEFED   _system_post_cinit               
0001e3b3  _system_pre_init                 
202002c0  _unlock                          
0001e3a5  abort                            
0001b25d  add_device                       
0001ae61  aligned_alloc                    
ffffffff  binit                            
0001d4c1  close                            
0001dc5d  exit                             
0001dc91  finddevice                       
0001de1d  fopen                            
0001b431  free                             
0001dcc5  freopen                          
0001cc69  getdevice                        
00000000  interruptVectors                 
0001b6d9  main                             
0001e335  malloc                           
0001ae61  memalign                         
0001bf65  open                             
202006bc  parmbuf                          
0001d9b5  rand                             
0001e39d  remove                           
0001b5f9  setvbuf                          
0001c371  strcmp                           
0001df5d  unlink                           
0001e001  write                            


GLOBAL SYMBOLS: SORTED BY Symbol Address 

address   name                             
-------   ----                             
00000000  __TI_ATRegion0_region_sz         
00000000  __TI_ATRegion0_src_addr          
00000000  __TI_ATRegion0_trg_addr          
00000000  __TI_ATRegion1_region_sz         
00000000  __TI_ATRegion1_src_addr          
00000000  __TI_ATRegion1_trg_addr          
00000000  __TI_ATRegion2_region_sz         
00000000  __TI_ATRegion2_src_addr          
00000000  __TI_ATRegion2_trg_addr          
00000000  __TI_static_base__               
00000000  interruptVectors                 
00000200  __STACK_SIZE                     
00000200  __SYSMEM_SIZE                    
000184e4  FSM                              
00018ac8  SHT$$INIT_ARRAY$$Base            
00018acc  SHT$$INIT_ARRAY$$Limit           
0001925d  _Z9LCD2_Initv                    
000194c5  _Z17ST7735_DrawBitmapssPKtss     
000198d9  _Z16ST7735_DrawCharSsscssh       
00019c11  Clock_Init80MHz                  
00019d9d  _Z17Instructions_Initv           
00019f0d  _Z17LCD2_ShowReactionh           
0001a309  _Z13Language_Initv               
0001a441  _Z13GameOver_Initv               
0001a575  _Z18Language_Highlightv          
0001a6a5  _Z8ADC_InitP10ADC12_Regsjj       
0001a7cd  ADC_InitDual                     
0001a8f1  _Z15ST7735_FillRectsssst         
0001aa09  _Z18Settings_Highlightv          
0001ab21  _Z8SPI_Initv                     
0001ac39  _Z12Credits_Initv                
0001ae61  aligned_alloc                    
0001ae61  memalign                         
0001af75  _Z13Settings_Initv               
0001b07d  _Z18ST7735_SetRotationh          
0001b25d  add_device                       
0001b349  _Z9UART_Initv                    
0001b431  free                             
0001b5f9  setvbuf                          
0001b6d9  main                             
0001b7b1  _Z14ST7735_OutCharc              
0001b945  _Z14LCD2_ShowScorej              
0001ba05  _Z16Game_UpdateFramev            
0001bac1  _Z13Game_GetInputv               
0001bb75  _Z14Switch_Pressedh              
0001bc29  _Z20ST7735_DrawFastHLinessst     
0001bcd9  _Z14TimerG7_IntArmtjj            
0001be25  _Z12ST7735_InitR10initRFlags     
0001bec5  _Z17ST7735_InitPrintf10initRFlags
0001bf65  open                             
0001c0a1  _Z15TimerG12_IntArmjj            
0001c135  _Z19Title_HighlightMenuv         
0001c365  Clock_Freq                       
0001c371  strcmp                           
0001c3f9  _Z10Pause_Initv                  
0001c47d  _Z14ST7735_OutUDecj              
0001c501  _Z17ST7735_DrawStringttPcs       
0001c585  SysTick_Handler                  
0001c685  _Z14LaunchPad_Initv              
0001c77d  _ZN8SlidePot4InitEv              
0001c7f9  __TI_closefile                   
0001c875  __TI_decompress_lzss             
0001c969  _Z14LCD2_ShowLivesh              
0001c9dd  _Z16ST7735_DrawPixelsst          
0001ca4d  HOSTlseek                        
0001cab9  HOSTrename                       
0001cb25  _Z12LED_SetLivesh                
0001cb91  _Z13Gameplay_Initv               
0001cc69  getdevice                        
0001ccd5  _Z10Title_Initv                  
0001cd3d  ADC_InDual                       
0001ce69  HOSTopen                         
0001cec9  _Z21Joystick_ReadSlidePotv       
0001cf81  HOSTread                         
0001cfd9  HOSTwrite                        
0001d031  _Z10Sound_Initv                  
0001d089  _Z10TExaS_InitP10ADC12_RegsjPFhvE
0001d139  __aeabi_idiv                     
0001d139  __aeabi_idivmod                  
0001d18f  __aeabi_idiv0                    
0001d191  _Z11fillmessagej                 
0001d239  __TI_auto_init_nobinit           
0001d28d  __TI_doflush                     
0001d2df  _nop                             
0001d2e1  _Z11SPI_OutDatac                 
0001d331  _Z13Joystick_ReadPjS_            
0001d381  _Z14SPI_OutCommandc              
0001d4c1  close                            
0001d55d  HOSTclose                        
0001d5a5  HOSTunlink                       
0001d5ed  _Z9Game_Initv                    
0001d751  TIMG7_IRQHandler                 
0001d791  _Z9SPI_Resetv                    
0001d851  __aeabi_uidiv                    
0001d851  __aeabi_uidivmod                 
0001d8d1  _Z9DAC5_Initv                    
0001d90d  _Z15ActivatePortA_Bv             
0001d9b5  rand                             
0001d9ed  Clock_Delay1ms                   
0001da21  _Z12ST7735_writeiPKcj            
0001da55  _Z13Joystick_Initv               
0001da89  _Z16ST7735_SetCursorjj           
0001dabd  _Z17SPI_SelectDisplayj           
0001daf1  _Z8LED_Initv                     
0001db25  _Z9Sound_Sadv                    
0001dbc1  __TI_cleanup                     
0001dbf5  __TI_readmsg                     
0001dc29  __TI_writemsg                    
0001dc55  C$$IO$$                          
0001dc5d  exit                             
0001dc91  finddevice                       
0001dcc5  freopen                          
0001dcf9  _Z15ST7735_Color565hhh           
0001dd2d  TIMG12_IRQHandler                
0001dd5d  _Z11Sound_StartPKhj              
0001dd8d  _Z15Sound_SetVolumej             
0001de1d  fopen                            
0001ded9  _Z10Sound_Stopv                  
0001df05  _Z17ST7735_FillScreent           
0001df31  _Z9Switch_Inv                    
0001df5d  unlink                           
0001df89  _Z9ADC_StartP10ADC12_Regs        
0001e001  write                            
0001e029  _c_int00_noargs                  
0001e051  _Z16ST7735_OutStringPc           
0001e099  _Z8DAC5_Outj                     
0001e0d9  _Z15LCD2_FillScreent             
0001e115  _ZN8SlidePotC1Ejj                
0001e115  _ZN8SlidePotC2Ejj                
0001e135  ADC0_IRQHandler                  
0001e135  ADC1_IRQHandler                  
0001e135  AES_IRQHandler                   
0001e135  CANFD0_IRQHandler                
0001e135  DAC0_IRQHandler                  
0001e135  DMA_IRQHandler                   
0001e135  Default_Handler                  
0001e135  GROUP0_IRQHandler                
0001e135  GROUP1_IRQHandler                
0001e135  I2C0_IRQHandler                  
0001e135  I2C1_IRQHandler                  
0001e135  NMI_Handler                      
0001e135  PendSV_Handler                   
0001e135  RTC_IRQHandler                   
0001e135  SPI0_IRQHandler                  
0001e135  SPI1_IRQHandler                  
0001e135  SVC_Handler                      
0001e135  TIMA0_IRQHandler                 
0001e135  TIMA1_IRQHandler                 
0001e135  TIMG0_IRQHandler                 
0001e135  TIMG6_IRQHandler                 
0001e135  TIMG8_IRQHandler                 
0001e135  UART0_IRQHandler                 
0001e135  UART1_IRQHandler                 
0001e135  UART2_IRQHandler                 
0001e135  UART3_IRQHandler                 
0001e151  HardFault_Handler                
0001e189  _Z11Switch_Initv                 
0001e1d1  _Z11ST7735_openPKcji             
0001e1e7  _Z11ST7735_readiPcj              
0001e1fd  __TI_zero_init_nomemset          
0001e215  _Z10Sound_Meowv                  
0001e229  _Z15Sound_Explosionv             
0001e23d  _Z19ST7735_SetTextColort         
0001e279  TI_memcpy_small                  
0001e28b  __TI_decompress_none             
0001e29d  Clock_Delay                      
0001e2ad  _Z28TExaS_LaunchPadLogicPB27PB26v
0001e2cb  _Z12ST7735_lseekili              
0001e2f5  TI_memset_small                  
0001e303  _Z13ST7735_renamePKcS0_          
0001e329  __aeabi_memclr                   
0001e329  __aeabi_memclr4                  
0001e329  __aeabi_memclr8                  
0001e335  malloc                           
0001e341  _Z12ST7735_closei                
0001e34b  _Z13ST7735_unlinkPKc             
0001e385  _Z8PLL_Initv                     
0001e395  __aeabi_memcpy                   
0001e395  __aeabi_memcpy4                  
0001e395  __aeabi_memcpy8                  
0001e39d  remove                           
0001e3a5  abort                            
0001e3aa  C$$EXIT                          
0001e3ab  HOSTexit                         
0001e3af  Reset_Handler                    
0001e3b3  _system_pre_init                 
0001e490  __TI_Handler_Table_Base          
0001e49c  __TI_Handler_Table_Limit         
0001e4a4  __TI_CINIT_Base                  
0001e4b4  __TI_CINIT_Limit                 
0001e4b4  __TI_CINIT_Warm                  
20200000  __start___llvm_prf_bits          
20200000  __start___llvm_prf_cnts          
20200000  __stop___llvm_prf_bits           
20200000  __stop___llvm_prf_cnts           
20200000  _ftable                          
202000f0  _device                          
202001cc  _stream                          
20200244  Sensor                           
2020026c  __TI_cleanup_ptr                 
20200270  __TI_dtors_ptr                   
20200282  StTextColor                      
20200284  BusFreq                          
20200288  StX                              
2020028c  StY                              
202002b8  __TI_ft_end                      
202002bc  _lock                            
202002c0  _unlock                          
202002d0  CurrentLanguage                  
202002f0  _sys_memory                      
202004f0  _CIOBUF_                         
202004f0  __CIOBUF_                        
20200610  __TI_tmpnams                     
202006b0  Message                          
202006bc  parmbuf                          
202006c4  Messageindex                     
202006c8  S                                
202006cc  Semaphore                        
202006d0  TExaSLogic                       
202006d4  TExaSadc                         
20207e00  __stack                          
20208000  __STACK_END                      
ffffffff  __TI_pprof_out_hndl              
ffffffff  __TI_prof_data_size              
ffffffff  __TI_prof_data_start             
ffffffff  __binit__                        
ffffffff  binit                            
UNDEFED   __mpu_init                       
UNDEFED   _system_post_cinit               

[229 symbols]
