******************************************************************************
            TI ARM Clang Linker PC v4.0.4                      
******************************************************************************
>> Linked Wed Apr 22 22:22:19 2026

OUTPUT FILE NAME:   <ECE319K_Lab9H.out>
ENTRY POINT SYMBOL: "_c_int00_noargs"  address: 0001d5b9


MEMORY CONFIGURATION

         name            origin    length      used     unused   attr    fill
----------------------  --------  ---------  --------  --------  ----  --------
  FLASH                 00000000   00020000  0001da68  00002598  R  X
  SRAM                  20200000   00008000  000008dd  00007723  RW X
  BCR_CONFIG            41c00000   00000080  00000000  00000080  R   
  BSL_CONFIG            41c00100   00000080  00000000  00000080  R   


SEGMENT ALLOCATION MAP

run origin  load origin   length   init length attrs members
----------  ----------- ---------- ----------- ----- -------
00000000    00000000    0001da68   0001da68    r-x
  00000000    00000000    000000c0   000000c0    r-- .intvecs
  000000c0    000000c0    000181e8   000181e8    r-- .rodata
  000182a8    000182a8    00000008   00000008    r-- .init_array
  000182b0    000182b0    000056d0   000056d0    r-x .text
  0001d980    0001d980    000000e8   000000e8    r-- .cinit
20200000    20200000    000006e0   00000000    rw-
  20200000    20200000    000002ed   00000000    rw- .data
  202002f0    202002f0    00000200   00000000    rw- .sysmem
  202004f0    202004f0    000001f0   00000000    rw- .bss
20207e00    20207e00    00000200   00000000    rw-
  20207e00    20207e00    00000200   00000000    rw- .stack


SECTION ALLOCATION MAP

 output                                  attributes/
section   page    origin      length       input sections
--------  ----  ----------  ----------   ----------------
.intvecs   0    00000000    000000c0     
                  00000000    000000c0     startup_mspm0g3507_ticlang.o (.intvecs)

.binit     0    00000000    00000000     

.text      0    000182b0    000056d0     
                  000182b0    0000048c     game.o (.text._ZL12Fruit_Updatev)
                  0001873c    000002ac     game.o (.text._ZL15Collision_Checkv)
                  000189e8    00000266     LCD2.o (.text._Z9LCD2_Initv)
                  00018c4e    00000002     libclang_rt.builtins.a : aeabi_div0.c.obj (.text.__aeabi_idiv0)
                  00018c50    00000210     ST7735.o (.text._Z17ST7735_DrawBitmapssPKtss)
                  00018e60    00000204     LCD2.o (.text._ZL14LCD2_DrawDigithhhtt)
                  00019064    000001a4     game.o (.text._Z17Instructions_Initv)
                  00019208    000001a0     ST7735.o (.text._Z16ST7735_DrawCharSsscssh)
                  000193a8    00000198     game.o (.text._ZL18Fruit_SpawnIsClearhss)
                  00019540    0000018c     Clock.o (.text.Clock_Init80MHz)
                  000196cc    00000154     libc.a : fopen.c.obj (.text._openfile)
                  00019820    0000013c     game.o (.text._ZL11Fruits_Drawv)
                  0001995c    00000134     game.o (.text._Z13Language_Initv)
                  00019a90    0000012c     game.o (.text._Z18Language_Highlightv)
                  00019bbc    00000128     game.o (.text._Z13GameOver_Initv)
                  00019ce4    00000128     TExaS.o (.text._Z8ADC_InitP10ADC12_Regsjj)
                  00019e0c    00000124     ADC.o (.text.ADC_InitDual)
                  00019f30    0000011a     LCD2.o (.text._ZL15LCD2_DrawBitmapssPKtss)
                  0001a04a    00000002     libc.a : _lock.c.obj (.text._nop)
                  0001a04c    00000118     ST7735.o (.text._Z15ST7735_FillRectsssst)
                  0001a164    00000118     game.o (.text._Z18Settings_Highlightv)
                  0001a27c    00000118     SPI.o (.text._Z8SPI_Initv)
                  0001a394    00000118     game.o (.text._ZL12DrawScanlinesPKtssss)
                  0001a4ac    00000114     game.o (.text._Z12Credits_Initv)
                  0001a5c0    00000114     libc.a : memory.c.obj (.text.aligned_alloc)
                  0001a6d4    00000108     game.o (.text._Z13Settings_Initv)
                  0001a7dc    00000104     game.o (.text._ZL14Wood_DrawBgRows)
                  0001a8e0    000000fc     game.o (.text._Z16Game_UpdateFramev)
                  0001a9dc    000000f4     ST7735.o (.text._Z18ST7735_SetRotationh)
                  0001aad0    000000ec     game.o (.text._ZL13Cursor_Samplev)
                  0001abbc    000000ec     libsysbm.a : add_device.c.obj (.text.add_device)
                  0001aca8    000000e8     TExaS.o (.text._Z9UART_Initv)
                  0001ad90    000000e8     libc.a : memory.c.obj (.text.free)
                  0001ae78    000000e4     Lab9HMain.o (.text.main)
                  0001af5c    000000e0     libc.a : setvbuf.c.obj (.text.setvbuf)
                  0001b03c    000000d0     ST7735.o (.text._Z14ST7735_OutCharc)
                  0001b10c    000000c4     LCD2.o (.text._ZL13LCD2_FillRecthhhht)
                  0001b1d0    000000bc     LCD2.o (.text._Z14LCD2_ShowScorej)
                  0001b28c    000000b4     game.o (.text._Z13Game_GetInputv)
                  0001b340    000000b4     Switch.o (.text._Z14Switch_Pressedh)
                  0001b3f4    000000b0     ST7735.o (.text._Z20ST7735_DrawFastHLinessst)
                  0001b4a4    000000a8     Timer.o (.text._Z14TimerG7_IntArmtjj)
                  0001b54c    000000a2     ST7735.o (.text._ZL11commandListPKh)
                  0001b5ee    00000002     --HOLE-- [fill = 0]
                  0001b5f0    000000a0     ST7735.o (.text._Z12ST7735_InitR10initRFlags)
                  0001b690    000000a0     ST7735.o (.text._Z17ST7735_InitPrintf10initRFlags)
                  0001b730    000000a0     libsysbm.a : open.c.obj (.text.open)
                  0001b7d0    00000094     Timer.o (.text._Z15TimerG12_IntArmjj)
                  0001b864    00000094     game.o (.text._Z19Title_HighlightMenuv)
                  0001b8f8    0000008c     game.o (.text._ZL18Title_RenderButtonhh)
                  0001b984    00000088     game.o (.text._Z10Pause_Initv)
                  0001ba0c    00000088     ST7735.o (.text._ZL13setAddrWindowhhhh)
                  0001ba94    00000088     game.o (.text._ZL21Settings_RenderOptionhPKch)
                  0001bb1c    00000004     libsysbm.a : hostexit.c.obj (.text.HOSTexit)
                  0001bb20    00000088     libc.a : strcmp-armv6m.S.obj (.text:strcmp)
                  0001bba8    00000084     ST7735.o (.text._Z14ST7735_OutUDecj)
                  0001bc2c    00000084     ST7735.o (.text._Z17ST7735_DrawStringttPcs)
                  0001bcb0    0000007c     LaunchPad.o (.text._Z14LaunchPad_Initv)
                  0001bd2c    0000007c     SlidePot.o (.text._ZN8SlidePot4InitEv)
                  0001bda8    0000007c     libc.a : fclose.c.obj (.text.__TI_closefile)
                  0001be24    0000007c            : copy_decompress_lzss.c.obj (.text:decompress:lzss)
                  0001bea0    00000078     Sound.o (.text.SysTick_Handler)
                  0001bf18    00000078     game.o (.text._ZL21Language_RenderOptionhPKch)
                  0001bf90    00000074     Lab9HMain.o (.text.Fault_Capture)
                  0001c004    00000070     ST7735.o (.text._Z16ST7735_DrawPixelsst)
                  0001c074    0000006c     libsysbm.a : hostlseek.c.obj (.text.HOSTlseek)
                  0001c0e0    0000006c                : hostrename.c.obj (.text.HOSTrename)
                  0001c14c    0000006c     game.o (.text._Z10Title_Initv)
                  0001c1b8    0000006c     LED.o (.text._Z12LED_SetLivesh)
                  0001c224    0000006c     game.o (.text._Z13Gameplay_Initv)
                  0001c290    0000006c     LCD2.o (.text._ZL14LCD2_SetWindowhhhh)
                  0001c2fc    0000006c     libc.a : getdevice.c.obj (.text.getdevice)
                  0001c368    00000064     ADC.o (.text.ADC_InDual)
                  0001c3cc    00000064     game.o (.text._ZL10Fruit_Initv)
                  0001c430    00000064     game.o (.text._ZL25LCD2_UpdateGameplayStatusv)
                  0001c494    00000064     libc.a : memory.c.obj (.text.split)
                  0001c4f8    00000060     libsysbm.a : hostopen.c.obj (.text.HOSTopen)
                  0001c558    0000005c     Joystick.o (.text._Z21Joystick_ReadSlidePotv)
                  0001c5b4    00000058     libsysbm.a : hostread.c.obj (.text.HOSTread)
                  0001c60c    00000058                : hostwrite.c.obj (.text.HOSTwrite)
                  0001c664    00000058     Sound.o (.text._Z10Sound_Initv)
                  0001c6bc    00000058     TExaS.o (.text._Z10TExaS_InitP10ADC12_RegsjPFhvE)
                  0001c714    00000058     game.o (.text._ZL14Title_DrawLogov)
                  0001c76c    00000056     libclang_rt.builtins.a : aeabi_idivmod.S.obj (.text.__aeabi_idivmod)
                  0001c7c2    00000002     --HOLE-- [fill = 0]
                  0001c7c4    00000054     ST7735.o (.text._Z11fillmessagej)
                  0001c818    00000054     LCD2.o (.text._Z17LCD2_ShowReactionPKtss)
                  0001c86c    00000054     game.o (.text._ZL7Clamp16sss)
                  0001c8c0    00000054     libc.a : autoinit.c.obj (.text:__TI_auto_init_nobinit)
                  0001c914    00000052            : fflush.c.obj (.text.__TI_doflush)
                  0001c966    00000002     --HOLE-- [fill = 0]
                  0001c968    00000050     SPI.o (.text._Z11SPI_OutDatac)
                  0001c9b8    00000050     Joystick.o (.text._Z13Joystick_ReadPjS_)
                  0001ca08    00000050     SPI.o (.text._Z14SPI_OutCommandc)
                  0001ca58    00000050     game.o (.text._ZL11Cursor_MaxYv)
                  0001caa8    00000050     game.o (.text._ZL14Language_Inputv)
                  0001caf8    00000050     libsysbm.a : close.c.obj (.text.close)
                  0001cb48    0000004c     game.o (.text._ZL17LCD2_ShowEventMsgPKcth)
                  0001cb94    00000048     libsysbm.a : hostclose.c.obj (.text.HOSTclose)
                  0001cbdc    00000048                : hostunlink.c.obj (.text.HOSTunlink)
                  0001cc24    00000048     game.o (.text._Z9Game_Initv)
                  0001cc6c    00000048     game.o (.text._ZL14Settings_Inputv)
                  0001ccb4    00000048     game.o (.text._ZL17Fruit_ActiveCountv)
                  0001ccfc    00000048     game.o (.text._ZL7MapAxisjs)
                  0001cd44    00000040     TExaS.o (.text.TIMG7_IRQHandler)
                  0001cd84    00000040     SPI.o (.text._Z9SPI_Resetv)
                  0001cdc4    00000040     game.o (.text._ZL17LCD2_TickEventMsgv)
                  0001ce04    00000040     SPI.o (.text._ZL18SPI_AssertSelectedv)
                  0001ce44    00000040     libclang_rt.builtins.a : aeabi_uidivmod.S.obj (.text.__aeabi_uidivmod)
                  0001ce84    00000040     libc.a : fopen.c.obj (.text._search_fp)
                  0001cec4    0000003c     DAC5.o (.text._Z9DAC5_Initv)
                  0001cf00    00000038     LaunchPad.o (.text._Z15ActivatePortA_Bv)
                  0001cf38    00000038     game.o (.text._ZL14Gameplay_Inputv)
                  0001cf70    00000038     game.o (.text._ZL15DifficultyLevelv)
                  0001cfa8    00000038     libc.a : rand.c.obj (.text.rand)
                  0001cfe0    00000034     Clock.o (.text.Clock_Delay1ms)
                  0001d014    00000034     ST7735.o (.text._Z12ST7735_writeiPKcj)
                  0001d048    00000034     Joystick.o (.text._Z13Joystick_Initv)
                  0001d07c    00000034     ST7735.o (.text._Z16ST7735_SetCursorjj)
                  0001d0b0    00000034     SPI.o (.text._Z17SPI_SelectDisplayj)
                  0001d0e4    00000034     LED.o (.text._Z8LED_Initv)
                  0001d118    00000034     Sound.o (.text._Z9Sound_Sadv)
                  0001d14c    00000034     game.o (.text._ZL11Pause_Inputv)
                  0001d180    00000034     game.o (.text._ZL11Title_Inputv)
                  0001d1b4    00000034     libc.a : fopen.c.obj (.text.__TI_cleanup)
                  0001d1e8    00000034     libsysbm.a : trgmsg.c.obj (.text.__TI_readmsg)
                  0001d21c    00000034                : trgmsg.c.obj (.text.__TI_writemsg)
                  0001d250    00000034     libc.a : exit.c.obj (.text.exit)
                  0001d284    00000034            : getdevice.c.obj (.text.finddevice)
                  0001d2b8    00000034            : fopen.c.obj (.text.freopen)
                  0001d2ec    00000030     Lab9HMain.o (.text.TIMG12_IRQHandler)
                  0001d31c    00000030     Sound.o (.text._Z11Sound_StartPKhj)
                  0001d34c    00000030     Sound.o (.text._Z15Sound_SetVolumej)
                  0001d37c    00000030     ST7735.o (.text._ZL10commonInitPKh)
                  0001d3ac    00000030     game.o (.text._ZL5Abs16s)
                  0001d3dc    00000030     libc.a : fopen.c.obj (.text.fopen)
                  0001d40c    0000002e     game.o (.text._ZL10Back_Inputv)
                  0001d43a    0000002e     game.o (.text._ZL13Credits_Inputv)
                  0001d468    0000002c     Sound.o (.text._Z10Sound_Stopv)
                  0001d494    0000002c     ST7735.o (.text._Z17ST7735_FillScreent)
                  0001d4c0    0000002c     Switch.o (.text._Z9Switch_Inv)
                  0001d4ec    0000002c     libsysbm.a : unlink.c.obj (.text.unlink)
                  0001d518    00000028     TExaS.o (.text._Z9ADC_StartP10ADC12_Regs)
                  0001d540    00000028     game.o (.text._ZL4langPKcS0_)
                  0001d568    00000028     libc.a : memory.c.obj (.text.free_list_insert)
                  0001d590    00000028     libsysbm.a : write.c.obj (.text.write)
                  0001d5b8    00000028     libc.a : boot_cortex_m.c.obj (.text:_c_int00_noargs)
                  0001d5e0    00000026     ST7735.o (.text._Z16ST7735_OutStringPc)
                  0001d606    00000022     game.o (.text._ZL7DrawSepst)
                  0001d628    00000020     DAC5.o (.text._Z8DAC5_Outj)
                  0001d648    0000001e     LCD2.o (.text._Z15LCD2_FillScreent)
                  0001d666    0000001e     ST7735.o (.text._ZL9pushColort)
                  0001d684    0000001e     SlidePot.o (.text._ZN8SlidePotC2Ejj)
                  0001d6a2    00000002     --HOLE-- [fill = 0]
                  0001d6a4    0000001c     startup_mspm0g3507_ticlang.o (.text.Default_Handler)
                  0001d6c0    0000001c     startup_mspm0g3507_ticlang.o (.text.HardFault_Handler)
                  0001d6dc    0000001c     game.o (.text._ZL12Cursor_Resetss)
                  0001d6f8    0000001c     libc.a : memory.c.obj (.text.free_list_remove)
                  0001d714    00000018     Switch.o (.text._Z11Switch_Initv)
                  0001d72c    00000018     SPI.o (.text._ZL15SPI_DeassertAllv)
                  0001d744    00000018     Lab9HMain.o (.text.__cxx_global_var_init)
                  0001d75c    00000016     Lab9HMain.o (.text.HardFault_Handler)
                  0001d772    00000016     ST7735.o (.text._Z11ST7735_openPKcji)
                  0001d788    00000016     ST7735.o (.text._Z11ST7735_readiPcj)
                  0001d79e    00000016     libc.a : copy_zero_init.c.obj (.text:decompress:ZI:__TI_zero_init_nomemset)
                  0001d7b4    00000014     Sound.o (.text._Z10Sound_Meowv)
                  0001d7c8    00000014     Sound.o (.text._Z11Sound_Slicev)
                  0001d7dc    00000014     Sound.o (.text._Z15Sound_Explosionv)
                  0001d7f0    00000014     ST7735.o (.text._Z19ST7735_SetTextColort)
                  0001d804    00000014     LCD2.o (.text._ZL8LCD2_Cmdh)
                  0001d818    00000014     LCD2.o (.text._ZL9LCD2_Datah)
                  0001d82c    00000012     libc.a : memcpy16.S.obj (.text:TI_memcpy_small)
                  0001d83e    00000012            : copy_decompress_none.c.obj (.text:decompress:none)
                  0001d850    00000010     Clock.o (.text.Clock_Delay)
                  0001d860    00000010     Lab9HMain.o (.text._Z28TExaS_LaunchPadLogicPB27PB26v)
                  0001d870    00000010     game.o (.text._ZL16Cursor_IsSlicingv)
                  0001d880    0000000e     libc.a : memory.c.obj (.text.OUTLINED_FUNCTION_0)
                  0001d88e    0000000e     ST7735.o (.text._Z12ST7735_lseekili)
                  0001d89c    0000000e     game.o (.text._ZL17Fruit_SpawnChancev)
                  0001d8aa    0000000e     libsysbm.a : hostrename.c.obj (.text.strcpy)
                  0001d8b8    0000000e                : hostrename.c.obj (.text.strlen)
                  0001d8c6    0000000e     libc.a : memset16.S.obj (.text:TI_memset_small)
                  0001d8d4    0000000c     Clock.o (.text.Clock_Freq)
                  0001d8e0    0000000c     ST7735.o (.text._Z13ST7735_renamePKcS0_)
                  0001d8ec    0000000c     libclang_rt.builtins.a : aeabi_memset.S.obj (.text.__aeabi_memclr)
                  0001d8f8    0000000c     libc.a : memory.c.obj (.text.malloc)
                  0001d904    0000000a     ST7735.o (.text._Z12ST7735_closei)
                  0001d90e    0000000a     ST7735.o (.text._Z13ST7735_unlinkPKc)
                  0001d918    0000000a     LCD2.o (.text._Z14LCD2_ShowLivesh)
                  0001d922    0000000a     LCD2.o (.text._ZL10LCD2_Beginv)
                  0001d92c    0000000a     game.o (.text._ZL11LCD1_Selectv)
                  0001d936    0000000a     LCD2.o (.text._ZL8LCD2_Endv)
                  0001d940    0000000a     game.o (.text._ZL8LCD2_Selv)
                  0001d94a    00000008     Lab9HMain.o (.text._GLOBAL__sub_I_Lab9HMain.cpp)
                  0001d952    00000008     Lab9HMain.o (.text._Z8PLL_Initv)
                  0001d95a    00000002     --HOLE-- [fill = 0]
                  0001d95c    00000008     libclang_rt.builtins.a : aeabi_memcpy.S.obj (.text.__aeabi_memcpy)
                  0001d964    00000008     libsysbm.a : remove.c.obj (.text.remove)
                  0001d96c    00000006     libc.a : exit.c.obj (.text:abort)
                  0001d972    00000004     startup_mspm0g3507_ticlang.o (.text.Reset_Handler)
                  0001d976    00000004     libc.a : pre_init.c.obj (.text._system_pre_init)
                  0001d97a    00000006     --HOLE-- [fill = 0]

.cinit     0    0001d980    000000e8     
                  0001d980    000000c2     (.cinit..data.load) [load image, compression = lzss]
                  0001da42    00000002     --HOLE-- [fill = 0]
                  0001da44    0000000c     (__TI_handler_table)
                  0001da50    00000008     (.cinit..bss.load) [load image, compression = zero_init]
                  0001da58    00000010     (__TI_cinit_table)

.rodata    0    000000c0    000181e8     
                  000000c0    00005622     Sound.o (.rodata._ZL9explosion)
                  000056e2    000033ae     game.o (.rodata._ZL9titlecat4)
                  00008a90    000032c8     game.o (.rodata._ZL12sleeping_cat)
                  0000bd58    00002d32     game.o (.rodata._ZL11excited_cat)
                  0000ea8a    00001fce     game.o (.rodata._ZL4boom)
                  00010a58    000015fd     Sound.o (.rodata._ZL4meow)
                  00012055    00000d48     Sound.o (.rodata._ZL5slice)
                  00012d9d    00000001     --HOLE-- [fill = 0]
                  00012d9e    00000c00     game.o (.rodata._ZL4bomb)
                  0001399e    00000a50     game.o (.rodata._ZL13cutorangefish)
                  000143ee    00000924     game.o (.rodata._ZL12cutgreenfish)
                  00014d12    00000870     game.o (.rodata._ZL15wholeorangefish)
                  00015582    000007bc     game.o (.rodata._ZL14wholegreenfish)
                  00015d3e    000005e8     game.o (.rodata._ZL12cutjellyfish)
                  00016326    000005a0     game.o (.rodata._ZL11cutbluefish)
                  000168c6    00000578     game.o (.rodata._ZL14wholejellyfish)
                  00016e3e    00000540     game.o (.rodata._ZL13wholebluefish)
                  0001737e    000004fb     ST7735.o (.rodata._ZL4Font)
                  00017879    00000001     --HOLE-- [fill = 0]
                  0001787a    000002ac     game.o (.rodata._ZL7cursor2)
                  00017b26    000001c2     game.o (.rodata._ZL7cursor1)
                  00017ce8    000000a0     game.o (.rodata.FSM)
                  00017d88    0000003b     ST7735.o (.rodata._ZL5Rcmd1)
                  00017dc3    0000002b     ST7735.o (.rodata._ZL5Rcmd3)
                  00017dee    00000028     game.o (.rodata._ZL1P)
                  00017e16    00000016     ST7735.o (.rodata.str1.14736978382213673245.1)
                  00017e2c    00000016     game.o (.rodata.str1.17673049562267310073.1)
                  00017e42    00000016     game.o (.rodata.str1.7829564414423384720.1)
                  00017e58    00000013     game.o (.rodata.str1.15778314312158856208.1)
                  00017e6b    00000013     game.o (.rodata.str1.1711757927580584432.1)
                  00017e7e    00000013     game.o (.rodata.str1.4504810627130521599.1)
                  00017e91    00000013     game.o (.rodata.str1.559953352770440900.1)
                  00017ea4    00000013     game.o (.rodata.str1.7258948801569304867.1)
                  00017eb7    00000012     game.o (.rodata.str1.1225402818456057192.1)
                  00017ec9    00000012     game.o (.rodata.str1.12339137301575941712.1)
                  00017edb    00000012     game.o (.rodata.str1.4142281620164877655.1)
                  00017eed    00000011     game.o (.rodata.str1.12274119572843017293.1)
                  00017efe    00000011     game.o (.rodata.str1.217846236431358815.1)
                  00017f0f    00000011     game.o (.rodata.str1.2247539938334879206.1)
                  00017f20    00000011     game.o (.rodata.str1.4481688308045839786.1)
                  00017f31    00000011     game.o (.rodata.str1.757528710459687859.1)
                  00017f42    00000011     game.o (.rodata.str1.956832095416839504.1)
                  00017f53    00000010     game.o (.rodata.str1.1246772126678370760.1)
                  00017f63    00000010     game.o (.rodata.str1.12679136591786368146.1)
                  00017f73    0000000f     game.o (.rodata.str1.1342751468803880686.1)
                  00017f82    0000000f     game.o (.rodata.str1.16373844655129967536.1)
                  00017f91    0000000f     game.o (.rodata.str1.16756888501146228270.1)
                  00017fa0    0000000f     game.o (.rodata.str1.17094847853566809237.1)
                  00017faf    0000000f     game.o (.rodata.str1.3052841614599428172.1)
                  00017fbe    0000000f     game.o (.rodata.str1.4874996498215415027.1)
                  00017fcd    0000000f     game.o (.rodata.str1.5135243982701386552.1)
                  00017fdc    0000000f     game.o (.rodata.str1.799171387175703048.1)
                  00017feb    0000000f     game.o (.rodata.str1.9729080741005127517.1)
                  00017ffa    0000000e     game.o (.rodata.str1.11108333820280941987.1)
                  00018008    0000000e     game.o (.rodata.str1.11918823877141892253.1)
                  00018016    0000000e     game.o (.rodata.str1.1192055364483609745.1)
                  00018024    0000000e     game.o (.rodata.str1.13165663304501454472.1)
                  00018032    0000000e     game.o (.rodata.str1.14371565786375286640.1)
                  00018040    0000000e     game.o (.rodata.str1.3270838578870747142.1)
                  0001804e    0000000e     game.o (.rodata.str1.4968454145488309807.1)
                  0001805c    0000000e     game.o (.rodata.str1.5237741753333275274.1)
                  0001806a    0000000e     game.o (.rodata.str1.5774995680669179636.1)
                  00018078    0000000e     game.o (.rodata.str1.5935445895712156352.1)
                  00018086    0000000e     game.o (.rodata.str1.6784254412165087105.1)
                  00018094    0000000e     game.o (.rodata.str1.6889954360861556497.1)
                  000180a2    0000000e     game.o (.rodata.str1.7253378935635886728.1)
                  000180b0    0000000e     game.o (.rodata.str1.9271192934666527856.1)
                  000180be    0000000d     ST7735.o (.rodata._ZL10Rcmd2green)
                  000180cb    0000000d     ST7735.o (.rodata._ZL8Rcmd2red)
                  000180d8    0000000d     game.o (.rodata.str1.1117971536828408026.1)
                  000180e5    0000000d     game.o (.rodata.str1.3904457979709941353.1)
                  000180f2    0000000d     game.o (.rodata.str1.7583671888269924804.1)
                  000180ff    0000000c     game.o (.rodata.str1.14403490484111549897.1)
                  0001810b    0000000c     game.o (.rodata.str1.15538502664723738107.1)
                  00018117    0000000c     game.o (.rodata.str1.15854970095281689993.1)
                  00018123    0000000c     game.o (.rodata.str1.16873170854458179678.1)
                  0001812f    0000000c     game.o (.rodata.str1.1779468197470963212.1)
                  0001813b    0000000c     game.o (.rodata.str1.308595220680458219.1)
                  00018147    0000000c     game.o (.rodata.str1.5139900537256858986.1)
                  00018153    0000000c     game.o (.rodata.str1.9105195407866861371.1)
                  0001815f    0000000b     game.o (.rodata.str1.14262997000808204614.1)
                  0001816a    0000000b     game.o (.rodata.str1.1614742763336168658.1)
                  00018175    0000000b     game.o (.rodata.str1.8526445298261728700.1)
                  00018180    0000000b     game.o (.rodata.str1.8594887354802209522.1)
                  0001818b    0000000a     LCD2.o (.rodata._ZL8kSegMask)
                  00018195    0000000a     game.o (.rodata.str1.14663297151598632228.1)
                  0001819f    0000000a     game.o (.rodata.str1.16722638838168008421.1)
                  000181a9    0000000a     game.o (.rodata.str1.5529731265542149294.1)
                  000181b3    00000009     game.o (.rodata.str1.10403452635666488694.1)
                  000181bc    00000009     game.o (.rodata.str1.10794403638768917977.1)
                  000181c5    00000009     game.o (.rodata.str1.13275030534916230440.1)
                  000181ce    00000009     game.o (.rodata.str1.18154508853008104860.1)
                  000181d7    00000009     game.o (.rodata.str1.2199998179282738362.1)
                  000181e0    00000009     game.o (.rodata.str1.3880429772888662928.1)
                  000181e9    00000009     game.o (.rodata.str1.391108720470308146.1)
                  000181f2    00000009     game.o (.rodata.str1.5423491454368723650.1)
                  000181fb    00000009     game.o (.rodata.str1.9458011854800828263.1)
                  00018204    00000009     game.o (.rodata.str1.9568885152165946008.1)
                  0001820d    00000009     game.o (.rodata.str1.979547378499881123.1)
                  00018216    00000009     game.o (.rodata.str1.9854329341405547939.1)
                  0001821f    00000009     game.o (.rodata.str1.9992698800692079309.1)
                  00018228    00000008     game.o (.rodata.str1.17564388679715120840.1)
                  00018230    00000008     game.o (.rodata.str1.204473320616271905.1)
                  00018238    00000008     game.o (.rodata.str1.29013126287955748.1)
                  00018240    00000008     game.o (.rodata.str1.3031106559547184954.1)
                  00018248    00000008     game.o (.rodata.str1.3997025822341814853.1)
                  00018250    00000008     ST7735.o (.rodata.str1.7209918599617305731.1)
                  00018258    00000008     game.o (.rodata.str1.9062030965416229544.1)
                  00018260    00000008     game.o (.rodata.str1.9794156929520360634.1)
                  00018268    00000007     ST7735.o (.rodata.str1.10208736415454880443.1)
                  0001826f    00000007     ST7735.o (.rodata.str1.8723687351022562626.1)
                  00018276    00000007     game.o (.rodata.str1.8926757068259655955.1)
                  0001827d    00000007     game.o (.rodata.str1.9423215549214862171.1)
                  00018284    00000006     game.o (.rodata.str1.17095000517023723387.1)
                  0001828a    00000005     game.o (.rodata.str1.15456463322423682333.1)
                  0001828f    00000005     game.o (.rodata.str1.2261614836116834846.1)
                  00018294    00000003     game.o (.rodata._ZZL18Title_RenderButtonhhE4cols)
                  00018297    00000003     game.o (.rodata._ZZL21Settings_RenderOptionhPKchE4rows)
                  0001829a    00000003     game.o (.rodata.str1.7083552401782681249.1)
                  0001829d    00000003     game.o (.rodata.str1.791997471374852416.1)
                  000182a0    00000002     game.o (.rodata._ZL10TitleLogoH)
                  000182a2    00000002     game.o (.rodata._ZL10TitleLogoW)
                  000182a4    00000002     game.o (.rodata._ZZL21Language_RenderOptionhPKchE4rows)
                  000182a6    00000002     ST7735.o (.rodata.str1.18358205720993799461.1)

.init_array 
*          0    000182a8    00000008     
                  000182a8    00000004     Lab9HMain.o (.init_array)
                  000182ac    00000004     --HOLE-- [fill = 0]

.data      0    20200000    000002ed     UNINITIALIZED
                  20200000    000000f0     libc.a : defs.c.obj (.data._ftable)
                  202000f0    00000078     libsysbm.a : host_device.c.obj (.data._device)
                  20200168    00000064     game.o (.data._ZL6Fruits)
                  202001cc    00000050     libsysbm.a : host_device.c.obj (.data._stream)
                  2020021c    00000028     game.o (.data._ZL9selection)
                  20200244    00000014     Lab9HMain.o (.data.Sensor)
                  20200258    00000008     libc.a : exit.c.obj (.data..L_MergedGlobals)
                  20200260    00000008     game.o (.data._ZZ18Language_HighlightvE6labels)
                  20200268    00000004     Clock.o (.data.BusFreq)
                  2020026c    00000004     ST7735.o (.data.StX)
                  20200270    00000004     ST7735.o (.data.StY)
                  20200274    00000004     Sound.o (.data._ZL10SoundCount)
                  20200278    00000004     Sound.o (.data._ZL10SoundIndex)
                  2020027c    00000004     game.o (.data._ZL10TitleLogos)
                  20200280    00000004     game.o (.data._ZL11BladeCursor)
                  20200284    00000004     SPI.o (.data._ZL13ActiveDisplay)
                  20200288    00000004     game.o (.data._ZL13PreviousState)
                  2020028c    00000004     game.o (.data._ZL15LCD2ScoreShadow)
                  20200290    00000004     game.o (.data._ZL4JoyX)
                  20200294    00000004     game.o (.data._ZL4JoyY)
                  20200298    00000004     game.o (.data._ZL5Score)
                  2020029c    00000004     Sound.o (.data._ZL7SoundPt)
                  202002a0    00000004     game.o (.data._ZL9HighScore)
                  202002a4    00000004     libc.a : defs.c.obj (.data.__TI_ft_end)
                  202002a8    00000004            : _lock.c.obj (.data._lock)
                  202002ac    00000004            : _lock.c.obj (.data._unlock)
                  202002b0    00000004     Lab9HMain.o (.data.g_fault_ipsr)
                  202002b4    00000004     Lab9HMain.o (.data.g_fault_lr)
                  202002b8    00000004     Lab9HMain.o (.data.g_fault_pc)
                  202002bc    00000004     Lab9HMain.o (.data.g_fault_sp)
                  202002c0    00000004     Lab9HMain.o (.data.g_fault_vector)
                  202002c4    00000004     Lab9HMain.o (.data.g_fault_xpsr)
                  202002c8    00000004     libc.a : rand.c.obj (.data.next)
                  202002cc    00000002     ST7735.o (.data.StTextColor)
                  202002ce    00000002     ST7735.o (.data._ZL6_width)
                  202002d0    00000002     ST7735.o (.data._ZL7_height)
                  202002d2    00000001     game.o (.data.CurrentLanguage)
                  202002d3    00000001     Switch.o (.data._ZL10prevBottom)
                  202002d4    00000001     game.o (.data._ZL11GravCounter)
                  202002d5    00000001     Sound.o (.data._ZL11SoundVolume)
                  202002d6    00000001     game.o (.data._ZL11titleCursor)
                  202002d7    00000001     game.o (.data._ZL12LCD2MsgTimer)
                  202002d8    00000001     game.o (.data._ZL13prevSelection)
                  202002d9    00000001     game.o (.data._ZL14languageCursor)
                  202002da    00000001     game.o (.data._ZL14settingsCursor)
                  202002db    00000001     game.o (.data._ZL15LCD2LivesShadow)
                  202002dc    00000001     game.o (.data._ZL17languageSelection)
                  202002dd    00000001     game.o (.data._ZL17settingsSelection)
                  202002de    00000001     game.o (.data._ZL5Lives)
                  202002df    00000001     Switch.o (.data._ZL7prevTop)
                  202002e0    00000001     Sound.o (.data._ZL9SoundLoop)
                  202002e1    00000003     --HOLE--
                  202002e4    00000001     libsysbm.a : add_device.c.obj (.data.add_device.device_init)
                  202002e5    00000003     --HOLE--
                  202002e8    00000001     libc.a : memory.c.obj (.data.memory_is_initialized)
                  202002e9    00000003     --HOLE--
                  202002ec    00000001     libsysbm.a : open.c.obj (.data.open.stream_init)

.sysmem    0    202002f0    00000200     UNINITIALIZED
                  202002f0    00000010     libc.a : memory.c.obj (.sysmem)
                  20200300    000001f0     --HOLE--

.bss       0    202004f0    000001f0     UNINITIALIZED
                  202004f0    00000120     libsysbm.a : trgmsg.c.obj (.bss:_CIOBUF_)
                  20200610    000000a0     libc.a : defs.c.obj (.bss.__TI_tmpnams)
                  202006b0    0000000c     ST7735.o (.bss.Message)
                  202006bc    00000008     libsysbm.a : hostopen.c.obj (.bss.parmbuf)
                  202006c4    00000004     ST7735.o (.bss.Messageindex)
                  202006c8    00000004     game.o (.bss.S)
                  202006cc    00000004     game.o (.bss.Semaphore)
                  202006d0    00000004     TExaS.o (.bss.TExaSLogic)
                  202006d4    00000004     TExaS.o (.bss.TExaSadc)
                  202006d8    00000004     libc.a : memory.c.obj (.bss.sys_free)
                  202006dc    00000001     ST7735.o (.bss._ZL8ColStart)
                  202006dd    00000001     ST7735.o (.bss._ZL8Rotation)
                  202006de    00000001     ST7735.o (.bss._ZL8RowStart)
                  202006df    00000001     ST7735.o (.bss._ZL8TabColor)

.stack     0    20207e00    00000200     UNINITIALIZED
                  20207e00    00000004     libc.a : boot_cortex_m.c.obj (.stack)
                  20207e04    000001fc     --HOLE--

__llvm_prf_cnts 
*          0    20200000    00000000     UNINITIALIZED

__llvm_prf_bits 
*          0    20200000    00000000     UNINITIALIZED

MODULE SUMMARY

       Module                         code    ro data   rw data
       ------                         ----    -------   -------
    .\
       game.o                         8288    66252     199    
       Sound.o                        460     31079     14     
       ST7735.o                       3304    1449      34     
       LCD2.o                         2088    10        0      
       TExaS.o                        720     0         8      
       SPI.o                          644     0         4      
       Lab9HMain.o                    470     4         44     
       Clock.o                        476     0         4      
       ADC.o                          392     0         0      
       Timer.o                        316     0         0      
       Switch.o                       248     0         2      
       Joystick.o                     224     0         0      
       LaunchPad.o                    180     0         0      
       LED.o                          160     0         0      
       SlidePot.o                     154     0         0      
       DAC5.o                         92      0         0      
    +--+------------------------------+-------+---------+---------+
       Total:                         18216   98794     309    
                                                               
    .\ticlang\
       startup_mspm0g3507_ticlang.o   60      192       0      
    +--+------------------------------+-------+---------+---------+
       Total:                         60      192       0      
                                                               
    C:\ti\ccs2040\ccs\tools\compiler\ti-cgt-armllvm_4.0.4.LTS\lib\armv6m-ti-none-eabi/c/libc.a
       memory.c.obj                   702     0         5      
       fopen.c.obj                    556     0         0      
       defs.c.obj                     0       0         404    
       setvbuf.c.obj                  224     0         0      
       getdevice.c.obj                160     0         0      
       strcmp-armv6m.S.obj            136     0         0      
       copy_decompress_lzss.c.obj     124     0         0      
       fclose.c.obj                   124     0         0      
       autoinit.c.obj                 84      0         0      
       fflush.c.obj                   82      0         0      
       exit.c.obj                     58      0         8      
       rand.c.obj                     56      0         4      
       boot_cortex_m.c.obj            40      0         0      
       copy_zero_init.c.obj           22      0         0      
       copy_decompress_none.c.obj     18      0         0      
       memcpy16.S.obj                 18      0         0      
       memset16.S.obj                 14      0         0      
       _lock.c.obj                    2       0         8      
       pre_init.c.obj                 4       0         0      
    +--+------------------------------+-------+---------+---------+
       Total:                         2424    0         429    
                                                               
    C:\ti\ccs2040\ccs\tools\compiler\ti-cgt-armllvm_4.0.4.LTS\lib\armv6m-ti-none-eabi/c/libsysbm.a
       trgmsg.c.obj                   104     0         288    
       add_device.c.obj               236     0         1      
       host_device.c.obj              0       0         200    
       open.c.obj                     160     0         1      
       hostrename.c.obj               136     0         0      
       hostlseek.c.obj                108     0         0      
       hostopen.c.obj                 96      0         8      
       hostread.c.obj                 88      0         0      
       hostwrite.c.obj                88      0         0      
       close.c.obj                    80      0         0      
       hostclose.c.obj                72      0         0      
       hostunlink.c.obj               72      0         0      
       unlink.c.obj                   44      0         0      
       write.c.obj                    40      0         0      
       remove.c.obj                   8       0         0      
       hostexit.c.obj                 4       0         0      
    +--+------------------------------+-------+---------+---------+
       Total:                         1336    0         498    
                                                               
    C:\ti\ccs2040\ccs\tools\compiler\ti-cgt-armllvm_4.0.4.LTS\lib\armv6m-ti-none-eabi/libclang_rt.builtins.a
       aeabi_idivmod.S.obj            86      0         0      
       aeabi_uidivmod.S.obj           64      0         0      
       aeabi_memset.S.obj             12      0         0      
       aeabi_memcpy.S.obj             8       0         0      
       aeabi_div0.c.obj               2       0         0      
    +--+------------------------------+-------+---------+---------+
       Total:                         172     0         0      
                                                               
       Heap:                          0       0         512    
       Stack:                         0       0         512    
       Linker Generated:              0       230       0      
    +--+------------------------------+-------+---------+---------+
       Grand Total:                   22208   99216     2260   


LINKER GENERATED COPY TABLES

__TI_cinit_table @ 0001da58 records: 2, size/record: 8, table size: 16
	.data: load addr=0001d980, load size=000000c2 bytes, run addr=20200000, run size=000002ed bytes, compression=lzss
	.bss: load addr=0001da50, load size=00000008 bytes, run addr=202004f0, run size=000001f0 bytes, compression=zero_init


LINKER GENERATED HANDLER TABLE

__TI_handler_table @ 0001da44 records: 3, size/record: 4, table size: 12
	index: 0, handler: __TI_decompress_lzss
	index: 1, handler: __TI_decompress_none
	index: 2, handler: __TI_zero_init


GLOBAL SYMBOLS: SORTED ALPHABETICALLY BY Name 

address   name                             
-------   ----                             
0001d6a5  ADC0_IRQHandler                  
0001d6a5  ADC1_IRQHandler                  
0001c369  ADC_InDual                       
00019e0d  ADC_InitDual                     
0001d6a5  AES_IRQHandler                   
20200268  BusFreq                          
0001bb1c  C$$EXIT                          
0001d249  C$$IO$$                          
0001d6a5  CANFD0_IRQHandler                
0001d851  Clock_Delay                      
0001cfe1  Clock_Delay1ms                   
0001d8d5  Clock_Freq                       
00019541  Clock_Init80MHz                  
202002d2  CurrentLanguage                  
0001d6a5  DAC0_IRQHandler                  
0001d6a5  DMA_IRQHandler                   
00017ce8  FSM                              
0001bf91  Fault_Capture                    
0001d6a5  GROUP0_IRQHandler                
0001d6a5  GROUP1_IRQHandler                
0001cb95  HOSTclose                        
0001bb1d  HOSTexit                         
0001c075  HOSTlseek                        
0001c4f9  HOSTopen                         
0001c5b5  HOSTread                         
0001c0e1  HOSTrename                       
0001cbdd  HOSTunlink                       
0001c60d  HOSTwrite                        
0001d75d  HardFault_Handler                
0001d6a5  I2C0_IRQHandler                  
0001d6a5  I2C1_IRQHandler                  
202006b0  Message                          
202006c4  Messageindex                     
0001d6a5  NMI_Handler                      
0001d6a5  PendSV_Handler                   
0001d6a5  RTC_IRQHandler                   
0001d973  Reset_Handler                    
202006c8  S                                
000182a8  SHT$$INIT_ARRAY$$Base            
000182ac  SHT$$INIT_ARRAY$$Limit           
0001d6a5  SPI0_IRQHandler                  
0001d6a5  SPI1_IRQHandler                  
0001d6a5  SVC_Handler                      
202006cc  Semaphore                        
20200244  Sensor                           
202002cc  StTextColor                      
2020026c  StX                              
20200270  StY                              
0001bea1  SysTick_Handler                  
202006d0  TExaSLogic                       
202006d4  TExaSadc                         
0001d6a5  TIMA0_IRQHandler                 
0001d6a5  TIMA1_IRQHandler                 
0001d6a5  TIMG0_IRQHandler                 
0001d2ed  TIMG12_IRQHandler                
0001d6a5  TIMG6_IRQHandler                 
0001cd45  TIMG7_IRQHandler                 
0001d6a5  TIMG8_IRQHandler                 
0001d82d  TI_memcpy_small                  
0001d8c7  TI_memset_small                  
0001d6a5  UART0_IRQHandler                 
0001d6a5  UART1_IRQHandler                 
0001d6a5  UART2_IRQHandler                 
0001d6a5  UART3_IRQHandler                 
202004f0  _CIOBUF_                         
0001b985  _Z10Pause_Initv                  
0001c665  _Z10Sound_Initv                  
0001d7b5  _Z10Sound_Meowv                  
0001d469  _Z10Sound_Stopv                  
0001c6bd  _Z10TExaS_InitP10ADC12_RegsjPFhvE
0001c14d  _Z10Title_Initv                  
0001c969  _Z11SPI_OutDatac                 
0001d773  _Z11ST7735_openPKcji             
0001d789  _Z11ST7735_readiPcj              
0001d7c9  _Z11Sound_Slicev                 
0001d31d  _Z11Sound_StartPKhj              
0001d715  _Z11Switch_Initv                 
0001c7c5  _Z11fillmessagej                 
0001a4ad  _Z12Credits_Initv                
0001c1b9  _Z12LED_SetLivesh                
0001b5f1  _Z12ST7735_InitR10initRFlags     
0001d905  _Z12ST7735_closei                
0001d88f  _Z12ST7735_lseekili              
0001d015  _Z12ST7735_writeiPKcj            
00019bbd  _Z13GameOver_Initv               
0001b28d  _Z13Game_GetInputv               
0001c225  _Z13Gameplay_Initv               
0001d049  _Z13Joystick_Initv               
0001c9b9  _Z13Joystick_ReadPjS_            
0001995d  _Z13Language_Initv               
0001d8e1  _Z13ST7735_renamePKcS0_          
0001d90f  _Z13ST7735_unlinkPKc             
0001a6d5  _Z13Settings_Initv               
0001d919  _Z14LCD2_ShowLivesh              
0001b1d1  _Z14LCD2_ShowScorej              
0001bcb1  _Z14LaunchPad_Initv              
0001ca09  _Z14SPI_OutCommandc              
0001b03d  _Z14ST7735_OutCharc              
0001bba9  _Z14ST7735_OutUDecj              
0001b341  _Z14Switch_Pressedh              
0001b4a5  _Z14TimerG7_IntArmtjj            
0001cf01  _Z15ActivatePortA_Bv             
0001d649  _Z15LCD2_FillScreent             
0001a04d  _Z15ST7735_FillRectsssst         
0001d7dd  _Z15Sound_Explosionv             
0001d34d  _Z15Sound_SetVolumej             
0001b7d1  _Z15TimerG12_IntArmjj            
0001a8e1  _Z16Game_UpdateFramev            
00019209  _Z16ST7735_DrawCharSsscssh       
0001c005  _Z16ST7735_DrawPixelsst          
0001d5e1  _Z16ST7735_OutStringPc           
0001d07d  _Z16ST7735_SetCursorjj           
00019065  _Z17Instructions_Initv           
0001c819  _Z17LCD2_ShowReactionPKtss       
0001d0b1  _Z17SPI_SelectDisplayj           
00018c51  _Z17ST7735_DrawBitmapssPKtss     
0001bc2d  _Z17ST7735_DrawStringttPcs       
0001d495  _Z17ST7735_FillScreent           
0001b691  _Z17ST7735_InitPrintf10initRFlags
00019a91  _Z18Language_Highlightv          
0001a9dd  _Z18ST7735_SetRotationh          
0001a165  _Z18Settings_Highlightv          
0001d7f1  _Z19ST7735_SetTextColort         
0001b865  _Z19Title_HighlightMenuv         
0001b3f5  _Z20ST7735_DrawFastHLinessst     
0001c559  _Z21Joystick_ReadSlidePotv       
0001d861  _Z28TExaS_LaunchPadLogicPB27PB26v
00019ce5  _Z8ADC_InitP10ADC12_Regsjj       
0001d629  _Z8DAC5_Outj                     
0001d0e5  _Z8LED_Initv                     
0001d953  _Z8PLL_Initv                     
0001a27d  _Z8SPI_Initv                     
0001d519  _Z9ADC_StartP10ADC12_Regs        
0001cec5  _Z9DAC5_Initv                    
0001cc25  _Z9Game_Initv                    
000189e9  _Z9LCD2_Initv                    
0001cd85  _Z9SPI_Resetv                    
0001d119  _Z9Sound_Sadv                    
0001d4c1  _Z9Switch_Inv                    
0001aca9  _Z9UART_Initv                    
0001bd2d  _ZN8SlidePot4InitEv              
0001d685  _ZN8SlidePotC1Ejj                
0001d685  _ZN8SlidePotC2Ejj                
202004f0  __CIOBUF_                        
20208000  __STACK_END                      
00000200  __STACK_SIZE                     
00000200  __SYSMEM_SIZE                    
00000000  __TI_ATRegion0_region_sz         
00000000  __TI_ATRegion0_src_addr          
00000000  __TI_ATRegion0_trg_addr          
00000000  __TI_ATRegion1_region_sz         
00000000  __TI_ATRegion1_src_addr          
00000000  __TI_ATRegion1_trg_addr          
00000000  __TI_ATRegion2_region_sz         
00000000  __TI_ATRegion2_src_addr          
00000000  __TI_ATRegion2_trg_addr          
0001da58  __TI_CINIT_Base                  
0001da68  __TI_CINIT_Limit                 
0001da68  __TI_CINIT_Warm                  
0001da44  __TI_Handler_Table_Base          
0001da50  __TI_Handler_Table_Limit         
0001c8c1  __TI_auto_init_nobinit           
0001d1b5  __TI_cleanup                     
20200258  __TI_cleanup_ptr                 
0001bda9  __TI_closefile                   
0001be25  __TI_decompress_lzss             
0001d83f  __TI_decompress_none             
0001c915  __TI_doflush                     
2020025c  __TI_dtors_ptr                   
202002a4  __TI_ft_end                      
ffffffff  __TI_pprof_out_hndl              
ffffffff  __TI_prof_data_size              
ffffffff  __TI_prof_data_start             
0001d1e9  __TI_readmsg                     
00000000  __TI_static_base__               
20200610  __TI_tmpnams                     
0001d21d  __TI_writemsg                    
0001d79f  __TI_zero_init_nomemset          
0001c76d  __aeabi_idiv                     
00018c4f  __aeabi_idiv0                    
0001c76d  __aeabi_idivmod                  
0001d8ed  __aeabi_memclr                   
0001d8ed  __aeabi_memclr4                  
0001d8ed  __aeabi_memclr8                  
0001d95d  __aeabi_memcpy                   
0001d95d  __aeabi_memcpy4                  
0001d95d  __aeabi_memcpy8                  
0001ce45  __aeabi_uidiv                    
0001ce45  __aeabi_uidivmod                 
ffffffff  __binit__                        
UNDEFED   __mpu_init                       
20207e00  __stack                          
20200000  __start___llvm_prf_bits          
20200000  __start___llvm_prf_cnts          
20200000  __stop___llvm_prf_bits           
20200000  __stop___llvm_prf_cnts           
0001d5b9  _c_int00_noargs                  
202000f0  _device                          
20200000  _ftable                          
202002a8  _lock                            
0001a04b  _nop                             
202001cc  _stream                          
202002f0  _sys_memory                      
UNDEFED   _system_post_cinit               
0001d977  _system_pre_init                 
202002ac  _unlock                          
0001d96d  abort                            
0001abbd  add_device                       
0001a5c1  aligned_alloc                    
ffffffff  binit                            
0001caf9  close                            
0001d251  exit                             
0001d285  finddevice                       
0001d3dd  fopen                            
0001ad91  free                             
0001d2b9  freopen                          
202002b0  g_fault_ipsr                     
202002b4  g_fault_lr                       
202002b8  g_fault_pc                       
202002bc  g_fault_sp                       
202002c0  g_fault_vector                   
202002c4  g_fault_xpsr                     
0001c2fd  getdevice                        
00000000  interruptVectors                 
0001ae79  main                             
0001d8f9  malloc                           
0001a5c1  memalign                         
0001b731  open                             
202006bc  parmbuf                          
0001cfa9  rand                             
0001d965  remove                           
0001af5d  setvbuf                          
0001bb21  strcmp                           
0001d4ed  unlink                           
0001d591  write                            


GLOBAL SYMBOLS: SORTED BY Symbol Address 

address   name                             
-------   ----                             
00000000  __TI_ATRegion0_region_sz         
00000000  __TI_ATRegion0_src_addr          
00000000  __TI_ATRegion0_trg_addr          
00000000  __TI_ATRegion1_region_sz         
00000000  __TI_ATRegion1_src_addr          
00000000  __TI_ATRegion1_trg_addr          
00000000  __TI_ATRegion2_region_sz         
00000000  __TI_ATRegion2_src_addr          
00000000  __TI_ATRegion2_trg_addr          
00000000  __TI_static_base__               
00000000  interruptVectors                 
00000200  __STACK_SIZE                     
00000200  __SYSMEM_SIZE                    
00017ce8  FSM                              
000182a8  SHT$$INIT_ARRAY$$Base            
000182ac  SHT$$INIT_ARRAY$$Limit           
000189e9  _Z9LCD2_Initv                    
00018c4f  __aeabi_idiv0                    
00018c51  _Z17ST7735_DrawBitmapssPKtss     
00019065  _Z17Instructions_Initv           
00019209  _Z16ST7735_DrawCharSsscssh       
00019541  Clock_Init80MHz                  
0001995d  _Z13Language_Initv               
00019a91  _Z18Language_Highlightv          
00019bbd  _Z13GameOver_Initv               
00019ce5  _Z8ADC_InitP10ADC12_Regsjj       
00019e0d  ADC_InitDual                     
0001a04b  _nop                             
0001a04d  _Z15ST7735_FillRectsssst         
0001a165  _Z18Settings_Highlightv          
0001a27d  _Z8SPI_Initv                     
0001a4ad  _Z12Credits_Initv                
0001a5c1  aligned_alloc                    
0001a5c1  memalign                         
0001a6d5  _Z13Settings_Initv               
0001a8e1  _Z16Game_UpdateFramev            
0001a9dd  _Z18ST7735_SetRotationh          
0001abbd  add_device                       
0001aca9  _Z9UART_Initv                    
0001ad91  free                             
0001ae79  main                             
0001af5d  setvbuf                          
0001b03d  _Z14ST7735_OutCharc              
0001b1d1  _Z14LCD2_ShowScorej              
0001b28d  _Z13Game_GetInputv               
0001b341  _Z14Switch_Pressedh              
0001b3f5  _Z20ST7735_DrawFastHLinessst     
0001b4a5  _Z14TimerG7_IntArmtjj            
0001b5f1  _Z12ST7735_InitR10initRFlags     
0001b691  _Z17ST7735_InitPrintf10initRFlags
0001b731  open                             
0001b7d1  _Z15TimerG12_IntArmjj            
0001b865  _Z19Title_HighlightMenuv         
0001b985  _Z10Pause_Initv                  
0001bb1c  C$$EXIT                          
0001bb1d  HOSTexit                         
0001bb21  strcmp                           
0001bba9  _Z14ST7735_OutUDecj              
0001bc2d  _Z17ST7735_DrawStringttPcs       
0001bcb1  _Z14LaunchPad_Initv              
0001bd2d  _ZN8SlidePot4InitEv              
0001bda9  __TI_closefile                   
0001be25  __TI_decompress_lzss             
0001bea1  SysTick_Handler                  
0001bf91  Fault_Capture                    
0001c005  _Z16ST7735_DrawPixelsst          
0001c075  HOSTlseek                        
0001c0e1  HOSTrename                       
0001c14d  _Z10Title_Initv                  
0001c1b9  _Z12LED_SetLivesh                
0001c225  _Z13Gameplay_Initv               
0001c2fd  getdevice                        
0001c369  ADC_InDual                       
0001c4f9  HOSTopen                         
0001c559  _Z21Joystick_ReadSlidePotv       
0001c5b5  HOSTread                         
0001c60d  HOSTwrite                        
0001c665  _Z10Sound_Initv                  
0001c6bd  _Z10TExaS_InitP10ADC12_RegsjPFhvE
0001c76d  __aeabi_idiv                     
0001c76d  __aeabi_idivmod                  
0001c7c5  _Z11fillmessagej                 
0001c819  _Z17LCD2_ShowReactionPKtss       
0001c8c1  __TI_auto_init_nobinit           
0001c915  __TI_doflush                     
0001c969  _Z11SPI_OutDatac                 
0001c9b9  _Z13Joystick_ReadPjS_            
0001ca09  _Z14SPI_OutCommandc              
0001caf9  close                            
0001cb95  HOSTclose                        
0001cbdd  HOSTunlink                       
0001cc25  _Z9Game_Initv                    
0001cd45  TIMG7_IRQHandler                 
0001cd85  _Z9SPI_Resetv                    
0001ce45  __aeabi_uidiv                    
0001ce45  __aeabi_uidivmod                 
0001cec5  _Z9DAC5_Initv                    
0001cf01  _Z15ActivatePortA_Bv             
0001cfa9  rand                             
0001cfe1  Clock_Delay1ms                   
0001d015  _Z12ST7735_writeiPKcj            
0001d049  _Z13Joystick_Initv               
0001d07d  _Z16ST7735_SetCursorjj           
0001d0b1  _Z17SPI_SelectDisplayj           
0001d0e5  _Z8LED_Initv                     
0001d119  _Z9Sound_Sadv                    
0001d1b5  __TI_cleanup                     
0001d1e9  __TI_readmsg                     
0001d21d  __TI_writemsg                    
0001d249  C$$IO$$                          
0001d251  exit                             
0001d285  finddevice                       
0001d2b9  freopen                          
0001d2ed  TIMG12_IRQHandler                
0001d31d  _Z11Sound_StartPKhj              
0001d34d  _Z15Sound_SetVolumej             
0001d3dd  fopen                            
0001d469  _Z10Sound_Stopv                  
0001d495  _Z17ST7735_FillScreent           
0001d4c1  _Z9Switch_Inv                    
0001d4ed  unlink                           
0001d519  _Z9ADC_StartP10ADC12_Regs        
0001d591  write                            
0001d5b9  _c_int00_noargs                  
0001d5e1  _Z16ST7735_OutStringPc           
0001d629  _Z8DAC5_Outj                     
0001d649  _Z15LCD2_FillScreent             
0001d685  _ZN8SlidePotC1Ejj                
0001d685  _ZN8SlidePotC2Ejj                
0001d6a5  ADC0_IRQHandler                  
0001d6a5  ADC1_IRQHandler                  
0001d6a5  AES_IRQHandler                   
0001d6a5  CANFD0_IRQHandler                
0001d6a5  DAC0_IRQHandler                  
0001d6a5  DMA_IRQHandler                   
0001d6a5  GROUP0_IRQHandler                
0001d6a5  GROUP1_IRQHandler                
0001d6a5  I2C0_IRQHandler                  
0001d6a5  I2C1_IRQHandler                  
0001d6a5  NMI_Handler                      
0001d6a5  PendSV_Handler                   
0001d6a5  RTC_IRQHandler                   
0001d6a5  SPI0_IRQHandler                  
0001d6a5  SPI1_IRQHandler                  
0001d6a5  SVC_Handler                      
0001d6a5  TIMA0_IRQHandler                 
0001d6a5  TIMA1_IRQHandler                 
0001d6a5  TIMG0_IRQHandler                 
0001d6a5  TIMG6_IRQHandler                 
0001d6a5  TIMG8_IRQHandler                 
0001d6a5  UART0_IRQHandler                 
0001d6a5  UART1_IRQHandler                 
0001d6a5  UART2_IRQHandler                 
0001d6a5  UART3_IRQHandler                 
0001d715  _Z11Switch_Initv                 
0001d75d  HardFault_Handler                
0001d773  _Z11ST7735_openPKcji             
0001d789  _Z11ST7735_readiPcj              
0001d79f  __TI_zero_init_nomemset          
0001d7b5  _Z10Sound_Meowv                  
0001d7c9  _Z11Sound_Slicev                 
0001d7dd  _Z15Sound_Explosionv             
0001d7f1  _Z19ST7735_SetTextColort         
0001d82d  TI_memcpy_small                  
0001d83f  __TI_decompress_none             
0001d851  Clock_Delay                      
0001d861  _Z28TExaS_LaunchPadLogicPB27PB26v
0001d88f  _Z12ST7735_lseekili              
0001d8c7  TI_memset_small                  
0001d8d5  Clock_Freq                       
0001d8e1  _Z13ST7735_renamePKcS0_          
0001d8ed  __aeabi_memclr                   
0001d8ed  __aeabi_memclr4                  
0001d8ed  __aeabi_memclr8                  
0001d8f9  malloc                           
0001d905  _Z12ST7735_closei                
0001d90f  _Z13ST7735_unlinkPKc             
0001d919  _Z14LCD2_ShowLivesh              
0001d953  _Z8PLL_Initv                     
0001d95d  __aeabi_memcpy                   
0001d95d  __aeabi_memcpy4                  
0001d95d  __aeabi_memcpy8                  
0001d965  remove                           
0001d96d  abort                            
0001d973  Reset_Handler                    
0001d977  _system_pre_init                 
0001da44  __TI_Handler_Table_Base          
0001da50  __TI_Handler_Table_Limit         
0001da58  __TI_CINIT_Base                  
0001da68  __TI_CINIT_Limit                 
0001da68  __TI_CINIT_Warm                  
20200000  __start___llvm_prf_bits          
20200000  __start___llvm_prf_cnts          
20200000  __stop___llvm_prf_bits           
20200000  __stop___llvm_prf_cnts           
20200000  _ftable                          
202000f0  _device                          
202001cc  _stream                          
20200244  Sensor                           
20200258  __TI_cleanup_ptr                 
2020025c  __TI_dtors_ptr                   
20200268  BusFreq                          
2020026c  StX                              
20200270  StY                              
202002a4  __TI_ft_end                      
202002a8  _lock                            
202002ac  _unlock                          
202002b0  g_fault_ipsr                     
202002b4  g_fault_lr                       
202002b8  g_fault_pc                       
202002bc  g_fault_sp                       
202002c0  g_fault_vector                   
202002c4  g_fault_xpsr                     
202002cc  StTextColor                      
202002d2  CurrentLanguage                  
202002f0  _sys_memory                      
202004f0  _CIOBUF_                         
202004f0  __CIOBUF_                        
20200610  __TI_tmpnams                     
202006b0  Message                          
202006bc  parmbuf                          
202006c4  Messageindex                     
202006c8  S                                
202006cc  Semaphore                        
202006d0  TExaSLogic                       
202006d4  TExaSadc                         
20207e00  __stack                          
20208000  __STACK_END                      
ffffffff  __TI_pprof_out_hndl              
ffffffff  __TI_prof_data_size              
ffffffff  __TI_prof_data_start             
ffffffff  __binit__                        
ffffffff  binit                            
UNDEFED   __mpu_init                       
UNDEFED   _system_post_cinit               

[235 symbols]
