<?xml version="1.0" encoding="ISO-8859-1" ?>
<link_info>
   <banner>TI ARM Clang Linker PC v4.0.4.LTS</banner>
   <copyright>Copyright (c) 1996-2018 Texas Instruments Incorporated</copyright>
   <command_line>C:\ti\ccs2040\ccs\tools\compiler\ti-cgt-armllvm_4.0.4.LTS\bin\tiarmlnk -IC:\ti\ccs2040\ccs\tools\compiler\ti-cgt-armllvm_4.0.4.LTS\lib -o ECE319K_Lab9H.out -mECE319K_Lab9H.map --heap_size=512 --stack_size=512 -iC:/MSPM0_ValvanoWare/ECE319K_Lab9H/Debug/syscfg -iC:/ti/ccs2040/ccs/tools/compiler/ti-cgt-armllvm_4.0.4.LTS/lib --diag_wrap=off --display_error_number --warn_sections --xml_link_info=ECE319K_Lab9H_linkInfo.xml --rom_model ./ADC.o ./Clock.o ./DAC5.o ./Fruit.o ./Joystick.o ./LCD2.o ./LED.o ./Lab9HMain.o ./Language.o ./LaunchPad.o ./SPI.o ./ST7735.o ./SlidePot.o ./Sound.o ./Switch.o ./TExaS.o ./Timer.o ./game.o ./ticlang/startup_mspm0g3507_ticlang.o ../mspm0g3507.cmd -lC:/ti/mspm0_sdk_2_09_00_01/source/ti/driverlib/lib/ticlang/m0p/mspm0g1x0x_g3x0x/driverlib.a -llibc.a --start-group -llibc++.a -llibc++abi.a -llibc.a -llibsys.a -llibsysbm.a -llibclang_rt.builtins.a -llibclang_rt.profile.a --end-group --cg_opt_level=0</command_line>
   <link_time>0x69e9325a</link_time>
   <link_errors>0x0</link_errors>
   <output_file>C:\MSPM0_ValvanoWare\ECE319K_Lab9H\Debug\ECE319K_Lab9H.out</output_file>
   <entry_point>
      <name>_c_int00_noargs</name>
      <address>0x1f1dd</address>
   </entry_point>
   <input_file_list>
      <input_file id="fl-1">
         <path>C:\MSPM0_ValvanoWare\ECE319K_Lab9H\Debug\.\</path>
         <kind>object</kind>
         <file>ADC.o</file>
         <name>ADC.o</name>
      </input_file>
      <input_file id="fl-2">
         <path>C:\MSPM0_ValvanoWare\ECE319K_Lab9H\Debug\.\</path>
         <kind>object</kind>
         <file>Clock.o</file>
         <name>Clock.o</name>
      </input_file>
      <input_file id="fl-3">
         <path>C:\MSPM0_ValvanoWare\ECE319K_Lab9H\Debug\.\</path>
         <kind>object</kind>
         <file>DAC5.o</file>
         <name>DAC5.o</name>
      </input_file>
      <input_file id="fl-4">
         <path>C:\MSPM0_ValvanoWare\ECE319K_Lab9H\Debug\.\</path>
         <kind>object</kind>
         <file>Fruit.o</file>
         <name>Fruit.o</name>
      </input_file>
      <input_file id="fl-5">
         <path>C:\MSPM0_ValvanoWare\ECE319K_Lab9H\Debug\.\</path>
         <kind>object</kind>
         <file>Joystick.o</file>
         <name>Joystick.o</name>
      </input_file>
      <input_file id="fl-6">
         <path>C:\MSPM0_ValvanoWare\ECE319K_Lab9H\Debug\.\</path>
         <kind>object</kind>
         <file>LCD2.o</file>
         <name>LCD2.o</name>
      </input_file>
      <input_file id="fl-7">
         <path>C:\MSPM0_ValvanoWare\ECE319K_Lab9H\Debug\.\</path>
         <kind>object</kind>
         <file>LED.o</file>
         <name>LED.o</name>
      </input_file>
      <input_file id="fl-8">
         <path>C:\MSPM0_ValvanoWare\ECE319K_Lab9H\Debug\.\</path>
         <kind>object</kind>
         <file>Lab9HMain.o</file>
         <name>Lab9HMain.o</name>
      </input_file>
      <input_file id="fl-9">
         <path>C:\MSPM0_ValvanoWare\ECE319K_Lab9H\Debug\.\</path>
         <kind>object</kind>
         <file>Language.o</file>
         <name>Language.o</name>
      </input_file>
      <input_file id="fl-a">
         <path>C:\MSPM0_ValvanoWare\ECE319K_Lab9H\Debug\.\</path>
         <kind>object</kind>
         <file>LaunchPad.o</file>
         <name>LaunchPad.o</name>
      </input_file>
      <input_file id="fl-b">
         <path>C:\MSPM0_ValvanoWare\ECE319K_Lab9H\Debug\.\</path>
         <kind>object</kind>
         <file>SPI.o</file>
         <name>SPI.o</name>
      </input_file>
      <input_file id="fl-c">
         <path>C:\MSPM0_ValvanoWare\ECE319K_Lab9H\Debug\.\</path>
         <kind>object</kind>
         <file>ST7735.o</file>
         <name>ST7735.o</name>
      </input_file>
      <input_file id="fl-d">
         <path>C:\MSPM0_ValvanoWare\ECE319K_Lab9H\Debug\.\</path>
         <kind>object</kind>
         <file>SlidePot.o</file>
         <name>SlidePot.o</name>
      </input_file>
      <input_file id="fl-e">
         <path>C:\MSPM0_ValvanoWare\ECE319K_Lab9H\Debug\.\</path>
         <kind>object</kind>
         <file>Sound.o</file>
         <name>Sound.o</name>
      </input_file>
      <input_file id="fl-f">
         <path>C:\MSPM0_ValvanoWare\ECE319K_Lab9H\Debug\.\</path>
         <kind>object</kind>
         <file>Switch.o</file>
         <name>Switch.o</name>
      </input_file>
      <input_file id="fl-10">
         <path>C:\MSPM0_ValvanoWare\ECE319K_Lab9H\Debug\.\</path>
         <kind>object</kind>
         <file>TExaS.o</file>
         <name>TExaS.o</name>
      </input_file>
      <input_file id="fl-11">
         <path>C:\MSPM0_ValvanoWare\ECE319K_Lab9H\Debug\.\</path>
         <kind>object</kind>
         <file>Timer.o</file>
         <name>Timer.o</name>
      </input_file>
      <input_file id="fl-12">
         <path>C:\MSPM0_ValvanoWare\ECE319K_Lab9H\Debug\.\</path>
         <kind>object</kind>
         <file>game.o</file>
         <name>game.o</name>
      </input_file>
      <input_file id="fl-13">
         <path>C:\MSPM0_ValvanoWare\ECE319K_Lab9H\Debug\.\ticlang\</path>
         <kind>object</kind>
         <file>startup_mspm0g3507_ticlang.o</file>
         <name>startup_mspm0g3507_ticlang.o</name>
      </input_file>
      <input_file id="fl-1f">
         <path>C:\MSPM0_ValvanoWare\ECE319K_Lab9H\Debug\</path>
         <kind>object</kind>
         <file>&lt;internal&gt;</file>
         <name>&lt;internal&gt;</name>
      </input_file>
      <input_file id="fl-36">
         <path>C:\ti\ccs2040\ccs\tools\compiler\ti-cgt-armllvm_4.0.4.LTS\lib\armv6m-ti-none-eabi\c\</path>
         <kind>archive</kind>
         <file>libc.a</file>
         <name>fopen.c.obj</name>
      </input_file>
      <input_file id="fl-37">
         <path>C:\ti\ccs2040\ccs\tools\compiler\ti-cgt-armllvm_4.0.4.LTS\lib\armv6m-ti-none-eabi\c\</path>
         <kind>archive</kind>
         <file>libc.a</file>
         <name>setvbuf.c.obj</name>
      </input_file>
      <input_file id="fl-38">
         <path>C:\ti\ccs2040\ccs\tools\compiler\ti-cgt-armllvm_4.0.4.LTS\lib\armv6m-ti-none-eabi\c\</path>
         <kind>archive</kind>
         <file>libc.a</file>
         <name>aeabi_portable.c.obj</name>
      </input_file>
      <input_file id="fl-39">
         <path>C:\ti\ccs2040\ccs\tools\compiler\ti-cgt-armllvm_4.0.4.LTS\lib\armv6m-ti-none-eabi\c\</path>
         <kind>archive</kind>
         <file>libc.a</file>
         <name>exit.c.obj</name>
      </input_file>
      <input_file id="fl-3a">
         <path>C:\ti\ccs2040\ccs\tools\compiler\ti-cgt-armllvm_4.0.4.LTS\lib\armv6m-ti-none-eabi\c\</path>
         <kind>archive</kind>
         <file>libc.a</file>
         <name>_lock.c.obj</name>
      </input_file>
      <input_file id="fl-3b">
         <path>C:\ti\ccs2040\ccs\tools\compiler\ti-cgt-armllvm_4.0.4.LTS\lib\armv6m-ti-none-eabi\c\</path>
         <kind>archive</kind>
         <file>libc.a</file>
         <name>assert.c.obj</name>
      </input_file>
      <input_file id="fl-3c">
         <path>C:\ti\ccs2040\ccs\tools\compiler\ti-cgt-armllvm_4.0.4.LTS\lib\armv6m-ti-none-eabi\c\</path>
         <kind>archive</kind>
         <file>libc.a</file>
         <name>defs.c.obj</name>
      </input_file>
      <input_file id="fl-3d">
         <path>C:\ti\ccs2040\ccs\tools\compiler\ti-cgt-armllvm_4.0.4.LTS\lib\armv6m-ti-none-eabi\c\</path>
         <kind>archive</kind>
         <file>libc.a</file>
         <name>memory.c.obj</name>
      </input_file>
      <input_file id="fl-3e">
         <path>C:\ti\ccs2040\ccs\tools\compiler\ti-cgt-armllvm_4.0.4.LTS\lib\armv6m-ti-none-eabi\c\</path>
         <kind>archive</kind>
         <file>libc.a</file>
         <name>rand.c.obj</name>
      </input_file>
      <input_file id="fl-3f">
         <path>C:\ti\ccs2040\ccs\tools\compiler\ti-cgt-armllvm_4.0.4.LTS\lib\armv6m-ti-none-eabi\c\</path>
         <kind>archive</kind>
         <file>libc.a</file>
         <name>boot_cortex_m.c.obj</name>
      </input_file>
      <input_file id="fl-40">
         <path>C:\ti\ccs2040\ccs\tools\compiler\ti-cgt-armllvm_4.0.4.LTS\lib\armv6m-ti-none-eabi\c\</path>
         <kind>archive</kind>
         <file>libc.a</file>
         <name>mathacl_init.c.obj</name>
      </input_file>
      <input_file id="fl-41">
         <path>C:\ti\ccs2040\ccs\tools\compiler\ti-cgt-armllvm_4.0.4.LTS\lib\armv6m-ti-none-eabi\c\</path>
         <kind>archive</kind>
         <file>libc.a</file>
         <name>autoinit.c.obj</name>
      </input_file>
      <input_file id="fl-42">
         <path>C:\ti\ccs2040\ccs\tools\compiler\ti-cgt-armllvm_4.0.4.LTS\lib\armv6m-ti-none-eabi\c\</path>
         <kind>archive</kind>
         <file>libc.a</file>
         <name>pre_init.c.obj</name>
      </input_file>
      <input_file id="fl-43">
         <path>C:\ti\ccs2040\ccs\tools\compiler\ti-cgt-armllvm_4.0.4.LTS\lib\armv6m-ti-none-eabi\c\</path>
         <kind>archive</kind>
         <file>libc.a</file>
         <name>cpy_tbl.c.obj</name>
      </input_file>
      <input_file id="fl-44">
         <path>C:\ti\ccs2040\ccs\tools\compiler\ti-cgt-armllvm_4.0.4.LTS\lib\armv6m-ti-none-eabi\c\</path>
         <kind>archive</kind>
         <file>libc.a</file>
         <name>copy_zero_init.c.obj</name>
      </input_file>
      <input_file id="fl-45">
         <path>C:\ti\ccs2040\ccs\tools\compiler\ti-cgt-armllvm_4.0.4.LTS\lib\armv6m-ti-none-eabi\c\</path>
         <kind>archive</kind>
         <file>libc.a</file>
         <name>copy_decompress_none.c.obj</name>
      </input_file>
      <input_file id="fl-46">
         <path>C:\ti\ccs2040\ccs\tools\compiler\ti-cgt-armllvm_4.0.4.LTS\lib\armv6m-ti-none-eabi\c\</path>
         <kind>archive</kind>
         <file>libc.a</file>
         <name>copy_decompress_lzss.c.obj</name>
      </input_file>
      <input_file id="fl-47">
         <path>C:\ti\ccs2040\ccs\tools\compiler\ti-cgt-armllvm_4.0.4.LTS\lib\armv6m-ti-none-eabi\c\</path>
         <kind>archive</kind>
         <file>libc.a</file>
         <name>sprintf.c.obj</name>
      </input_file>
      <input_file id="fl-48">
         <path>C:\ti\ccs2040\ccs\tools\compiler\ti-cgt-armllvm_4.0.4.LTS\lib\armv6m-ti-none-eabi\c\</path>
         <kind>archive</kind>
         <file>libc.a</file>
         <name>fclose.c.obj</name>
      </input_file>
      <input_file id="fl-49">
         <path>C:\ti\ccs2040\ccs\tools\compiler\ti-cgt-armllvm_4.0.4.LTS\lib\armv6m-ti-none-eabi\c\</path>
         <kind>archive</kind>
         <file>libc.a</file>
         <name>fflush.c.obj</name>
      </input_file>
      <input_file id="fl-4a">
         <path>C:\ti\ccs2040\ccs\tools\compiler\ti-cgt-armllvm_4.0.4.LTS\lib\armv6m-ti-none-eabi\c\</path>
         <kind>archive</kind>
         <file>libc.a</file>
         <name>fputs.c.obj</name>
      </input_file>
      <input_file id="fl-4b">
         <path>C:\ti\ccs2040\ccs\tools\compiler\ti-cgt-armllvm_4.0.4.LTS\lib\armv6m-ti-none-eabi\c\</path>
         <kind>archive</kind>
         <file>libc.a</file>
         <name>_io_perm.c.obj</name>
      </input_file>
      <input_file id="fl-4c">
         <path>C:\ti\ccs2040\ccs\tools\compiler\ti-cgt-armllvm_4.0.4.LTS\lib\armv6m-ti-none-eabi\c\</path>
         <kind>archive</kind>
         <file>libc.a</file>
         <name>args_main.c.obj</name>
      </input_file>
      <input_file id="fl-4d">
         <path>C:\ti\ccs2040\ccs\tools\compiler\ti-cgt-armllvm_4.0.4.LTS\lib\armv6m-ti-none-eabi\c\</path>
         <kind>archive</kind>
         <file>libc.a</file>
         <name>_printfi.c.obj</name>
      </input_file>
      <input_file id="fl-4e">
         <path>C:\ti\ccs2040\ccs\tools\compiler\ti-cgt-armllvm_4.0.4.LTS\lib\armv6m-ti-none-eabi\c\</path>
         <kind>archive</kind>
         <file>libc.a</file>
         <name>fseek.c.obj</name>
      </input_file>
      <input_file id="fl-4f">
         <path>C:\ti\ccs2040\ccs\tools\compiler\ti-cgt-armllvm_4.0.4.LTS\lib\armv6m-ti-none-eabi\c\</path>
         <kind>archive</kind>
         <file>libc.a</file>
         <name>_ltoa.c.obj</name>
      </input_file>
      <input_file id="fl-50">
         <path>C:\ti\ccs2040\ccs\tools\compiler\ti-cgt-armllvm_4.0.4.LTS\lib\armv6m-ti-none-eabi\c\</path>
         <kind>archive</kind>
         <file>libc.a</file>
         <name>atoi.c.obj</name>
      </input_file>
      <input_file id="fl-51">
         <path>C:\ti\ccs2040\ccs\tools\compiler\ti-cgt-armllvm_4.0.4.LTS\lib\armv6m-ti-none-eabi\c\</path>
         <kind>archive</kind>
         <file>libc.a</file>
         <name>memccpy.c.obj</name>
      </input_file>
      <input_file id="fl-52">
         <path>C:\ti\ccs2040\ccs\tools\compiler\ti-cgt-armllvm_4.0.4.LTS\lib\armv6m-ti-none-eabi\c\</path>
         <kind>archive</kind>
         <file>libc.a</file>
         <name>s_frexp.c.obj</name>
      </input_file>
      <input_file id="fl-53">
         <path>C:\ti\ccs2040\ccs\tools\compiler\ti-cgt-armllvm_4.0.4.LTS\lib\armv6m-ti-none-eabi\c\</path>
         <kind>archive</kind>
         <file>libc.a</file>
         <name>s_scalbn.c.obj</name>
      </input_file>
      <input_file id="fl-54">
         <path>C:\ti\ccs2040\ccs\tools\compiler\ti-cgt-armllvm_4.0.4.LTS\lib\armv6m-ti-none-eabi\c\</path>
         <kind>archive</kind>
         <file>libc.a</file>
         <name>wcslen.c.obj</name>
      </input_file>
      <input_file id="fl-55">
         <path>C:\ti\ccs2040\ccs\tools\compiler\ti-cgt-armllvm_4.0.4.LTS\lib\armv6m-ti-none-eabi\c\</path>
         <kind>archive</kind>
         <file>libc.a</file>
         <name>aeabi_ctype.S.obj</name>
      </input_file>
      <input_file id="fl-f5">
         <path>C:\ti\ccs2040\ccs\tools\compiler\ti-cgt-armllvm_4.0.4.LTS\lib\armv6m-ti-none-eabi\c\</path>
         <kind>archive</kind>
         <file>libsysbm.a</file>
         <name>hostexit.c.obj</name>
      </input_file>
      <input_file id="fl-f6">
         <path>C:\ti\ccs2040\ccs\tools\compiler\ti-cgt-armllvm_4.0.4.LTS\lib\armv6m-ti-none-eabi\c\</path>
         <kind>archive</kind>
         <file>libsysbm.a</file>
         <name>write.c.obj</name>
      </input_file>
      <input_file id="fl-f7">
         <path>C:\ti\ccs2040\ccs\tools\compiler\ti-cgt-armllvm_4.0.4.LTS\lib\armv6m-ti-none-eabi\c\</path>
         <kind>archive</kind>
         <file>libsysbm.a</file>
         <name>host_device.c.obj</name>
      </input_file>
      <input_file id="fl-f8">
         <path>C:\ti\ccs2040\ccs\tools\compiler\ti-cgt-armllvm_4.0.4.LTS\lib\armv6m-ti-none-eabi\c\</path>
         <kind>archive</kind>
         <file>libsysbm.a</file>
         <name>remove.c.obj</name>
      </input_file>
      <input_file id="fl-f9">
         <path>C:\ti\ccs2040\ccs\tools\compiler\ti-cgt-armllvm_4.0.4.LTS\lib\armv6m-ti-none-eabi\c\</path>
         <kind>archive</kind>
         <file>libsysbm.a</file>
         <name>open.c.obj</name>
      </input_file>
      <input_file id="fl-fa">
         <path>C:\ti\ccs2040\ccs\tools\compiler\ti-cgt-armllvm_4.0.4.LTS\lib\armv6m-ti-none-eabi\c\</path>
         <kind>archive</kind>
         <file>libsysbm.a</file>
         <name>lseek.c.obj</name>
      </input_file>
      <input_file id="fl-fb">
         <path>C:\ti\ccs2040\ccs\tools\compiler\ti-cgt-armllvm_4.0.4.LTS\lib\armv6m-ti-none-eabi\c\</path>
         <kind>archive</kind>
         <file>libsysbm.a</file>
         <name>close.c.obj</name>
      </input_file>
      <input_file id="fl-fc">
         <path>C:\ti\ccs2040\ccs\tools\compiler\ti-cgt-armllvm_4.0.4.LTS\lib\armv6m-ti-none-eabi\c\</path>
         <kind>archive</kind>
         <file>libsysbm.a</file>
         <name>add_device.c.obj</name>
      </input_file>
      <input_file id="fl-fd">
         <path>C:\ti\ccs2040\ccs\tools\compiler\ti-cgt-armllvm_4.0.4.LTS\lib\armv6m-ti-none-eabi\c\</path>
         <kind>archive</kind>
         <file>libsysbm.a</file>
         <name>unlink.c.obj</name>
      </input_file>
      <input_file id="fl-fe">
         <path>C:\ti\ccs2040\ccs\tools\compiler\ti-cgt-armllvm_4.0.4.LTS\lib\armv6m-ti-none-eabi\c\</path>
         <kind>archive</kind>
         <file>libsysbm.a</file>
         <name>hostclose.c.obj</name>
      </input_file>
      <input_file id="fl-ff">
         <path>C:\ti\ccs2040\ccs\tools\compiler\ti-cgt-armllvm_4.0.4.LTS\lib\armv6m-ti-none-eabi\c\</path>
         <kind>archive</kind>
         <file>libsysbm.a</file>
         <name>hostlseek.c.obj</name>
      </input_file>
      <input_file id="fl-100">
         <path>C:\ti\ccs2040\ccs\tools\compiler\ti-cgt-armllvm_4.0.4.LTS\lib\armv6m-ti-none-eabi\c\</path>
         <kind>archive</kind>
         <file>libsysbm.a</file>
         <name>hostopen.c.obj</name>
      </input_file>
      <input_file id="fl-101">
         <path>C:\ti\ccs2040\ccs\tools\compiler\ti-cgt-armllvm_4.0.4.LTS\lib\armv6m-ti-none-eabi\c\</path>
         <kind>archive</kind>
         <file>libsysbm.a</file>
         <name>hostread.c.obj</name>
      </input_file>
      <input_file id="fl-102">
         <path>C:\ti\ccs2040\ccs\tools\compiler\ti-cgt-armllvm_4.0.4.LTS\lib\armv6m-ti-none-eabi\c\</path>
         <kind>archive</kind>
         <file>libsysbm.a</file>
         <name>hostrename.c.obj</name>
      </input_file>
      <input_file id="fl-103">
         <path>C:\ti\ccs2040\ccs\tools\compiler\ti-cgt-armllvm_4.0.4.LTS\lib\armv6m-ti-none-eabi\c\</path>
         <kind>archive</kind>
         <file>libsysbm.a</file>
         <name>hostunlink.c.obj</name>
      </input_file>
      <input_file id="fl-104">
         <path>C:\ti\ccs2040\ccs\tools\compiler\ti-cgt-armllvm_4.0.4.LTS\lib\armv6m-ti-none-eabi\c\</path>
         <kind>archive</kind>
         <file>libsysbm.a</file>
         <name>hostwrite.c.obj</name>
      </input_file>
      <input_file id="fl-105">
         <path>C:\ti\ccs2040\ccs\tools\compiler\ti-cgt-armllvm_4.0.4.LTS\lib\armv6m-ti-none-eabi\c\</path>
         <kind>archive</kind>
         <file>libsysbm.a</file>
         <name>trgmsg.c.obj</name>
      </input_file>
      <input_file id="fl-106">
         <path>C:\ti\ccs2040\ccs\tools\compiler\ti-cgt-armllvm_4.0.4.LTS\lib\armv6m-ti-none-eabi\</path>
         <kind>archive</kind>
         <file>libclang_rt.builtins.a</file>
         <name>adddf3.S.obj</name>
      </input_file>
      <input_file id="fl-107">
         <path>C:\ti\ccs2040\ccs\tools\compiler\ti-cgt-armllvm_4.0.4.LTS\lib\armv6m-ti-none-eabi\</path>
         <kind>archive</kind>
         <file>libclang_rt.builtins.a</file>
         <name>muldf3.S.obj</name>
      </input_file>
      <input_file id="fl-108">
         <path>C:\ti\ccs2040\ccs\tools\compiler\ti-cgt-armllvm_4.0.4.LTS\lib\armv6m-ti-none-eabi\</path>
         <kind>archive</kind>
         <file>libclang_rt.builtins.a</file>
         <name>muldsi3.S.obj</name>
      </input_file>
      <input_file id="fl-109">
         <path>C:\ti\ccs2040\ccs\tools\compiler\ti-cgt-armllvm_4.0.4.LTS\lib\armv6m-ti-none-eabi\</path>
         <kind>archive</kind>
         <file>libclang_rt.builtins.a</file>
         <name>divdf3.S.obj</name>
      </input_file>
      <input_file id="fl-10a">
         <path>C:\ti\ccs2040\ccs\tools\compiler\ti-cgt-armllvm_4.0.4.LTS\lib\armv6m-ti-none-eabi\</path>
         <kind>archive</kind>
         <file>libclang_rt.builtins.a</file>
         <name>fixdfsi.S.obj</name>
      </input_file>
      <input_file id="fl-10b">
         <path>C:\ti\ccs2040\ccs\tools\compiler\ti-cgt-armllvm_4.0.4.LTS\lib\armv6m-ti-none-eabi\</path>
         <kind>archive</kind>
         <file>libclang_rt.builtins.a</file>
         <name>floatsidf.S.obj</name>
      </input_file>
      <input_file id="fl-10c">
         <path>C:\ti\ccs2040\ccs\tools\compiler\ti-cgt-armllvm_4.0.4.LTS\lib\armv6m-ti-none-eabi\</path>
         <kind>archive</kind>
         <file>libclang_rt.builtins.a</file>
         <name>floatunsidf.S.obj</name>
      </input_file>
      <input_file id="fl-10d">
         <path>C:\ti\ccs2040\ccs\tools\compiler\ti-cgt-armllvm_4.0.4.LTS\lib\armv6m-ti-none-eabi\</path>
         <kind>archive</kind>
         <file>libclang_rt.builtins.a</file>
         <name>muldi3.S.obj</name>
      </input_file>
      <input_file id="fl-10e">
         <path>C:\ti\ccs2040\ccs\tools\compiler\ti-cgt-armllvm_4.0.4.LTS\lib\armv6m-ti-none-eabi\</path>
         <kind>archive</kind>
         <file>libclang_rt.builtins.a</file>
         <name>truncdfsf2.S.obj</name>
      </input_file>
      <input_file id="fl-10f">
         <path>C:\ti\ccs2040\ccs\tools\compiler\ti-cgt-armllvm_4.0.4.LTS\lib\armv6m-ti-none-eabi\</path>
         <kind>archive</kind>
         <file>libclang_rt.builtins.a</file>
         <name>aeabi_dcmp.S.obj</name>
      </input_file>
      <input_file id="fl-110">
         <path>C:\ti\ccs2040\ccs\tools\compiler\ti-cgt-armllvm_4.0.4.LTS\lib\armv6m-ti-none-eabi\</path>
         <kind>archive</kind>
         <file>libclang_rt.builtins.a</file>
         <name>aeabi_idivmod.S.obj</name>
      </input_file>
      <input_file id="fl-111">
         <path>C:\ti\ccs2040\ccs\tools\compiler\ti-cgt-armllvm_4.0.4.LTS\lib\armv6m-ti-none-eabi\</path>
         <kind>archive</kind>
         <file>libclang_rt.builtins.a</file>
         <name>aeabi_memcpy.S.obj</name>
      </input_file>
      <input_file id="fl-112">
         <path>C:\ti\ccs2040\ccs\tools\compiler\ti-cgt-armllvm_4.0.4.LTS\lib\armv6m-ti-none-eabi\</path>
         <kind>archive</kind>
         <file>libclang_rt.builtins.a</file>
         <name>aeabi_memset.S.obj</name>
      </input_file>
      <input_file id="fl-113">
         <path>C:\ti\ccs2040\ccs\tools\compiler\ti-cgt-armllvm_4.0.4.LTS\lib\armv6m-ti-none-eabi\</path>
         <kind>archive</kind>
         <file>libclang_rt.builtins.a</file>
         <name>aeabi_uidivmod.S.obj</name>
      </input_file>
      <input_file id="fl-114">
         <path>C:\ti\ccs2040\ccs\tools\compiler\ti-cgt-armllvm_4.0.4.LTS\lib\armv6m-ti-none-eabi\</path>
         <kind>archive</kind>
         <file>libclang_rt.builtins.a</file>
         <name>aeabi_uldivmod.S.obj</name>
      </input_file>
      <input_file id="fl-115">
         <path>C:\ti\ccs2040\ccs\tools\compiler\ti-cgt-armllvm_4.0.4.LTS\lib\armv6m-ti-none-eabi\</path>
         <kind>archive</kind>
         <file>libclang_rt.builtins.a</file>
         <name>udivmoddi4.S.obj</name>
      </input_file>
      <input_file id="fl-116">
         <path>C:\ti\ccs2040\ccs\tools\compiler\ti-cgt-armllvm_4.0.4.LTS\lib\armv6m-ti-none-eabi\</path>
         <kind>archive</kind>
         <file>libclang_rt.builtins.a</file>
         <name>ashldi3.S.obj</name>
      </input_file>
      <input_file id="fl-117">
         <path>C:\ti\ccs2040\ccs\tools\compiler\ti-cgt-armllvm_4.0.4.LTS\lib\armv6m-ti-none-eabi\</path>
         <kind>archive</kind>
         <file>libclang_rt.builtins.a</file>
         <name>comparedf2.c.obj</name>
      </input_file>
      <input_file id="fl-118">
         <path>C:\ti\ccs2040\ccs\tools\compiler\ti-cgt-armllvm_4.0.4.LTS\lib\armv6m-ti-none-eabi\</path>
         <kind>archive</kind>
         <file>libclang_rt.builtins.a</file>
         <name>aeabi_div0.c.obj</name>
      </input_file>
      <input_file id="fl-119">
         <path>C:\ti\ccs2040\ccs\tools\compiler\ti-cgt-armllvm_4.0.4.LTS\lib\armv6m-ti-none-eabi\c\</path>
         <kind>archive</kind>
         <file>libc.a</file>
         <name>getdevice.c.obj</name>
      </input_file>
      <input_file id="fl-11a">
         <path>C:\ti\ccs2040\ccs\tools\compiler\ti-cgt-armllvm_4.0.4.LTS\lib\armv6m-ti-none-eabi\c\</path>
         <kind>archive</kind>
         <file>libc.a</file>
         <name>memcpy16.S.obj</name>
      </input_file>
      <input_file id="fl-11b">
         <path>C:\ti\ccs2040\ccs\tools\compiler\ti-cgt-armllvm_4.0.4.LTS\lib\armv6m-ti-none-eabi\c\</path>
         <kind>archive</kind>
         <file>libc.a</file>
         <name>memset16.S.obj</name>
      </input_file>
      <input_file id="fl-11c">
         <path>C:\ti\ccs2040\ccs\tools\compiler\ti-cgt-armllvm_4.0.4.LTS\lib\armv6m-ti-none-eabi\c\</path>
         <kind>archive</kind>
         <file>libc.a</file>
         <name>strcmp-armv6m.S.obj</name>
      </input_file>
   </input_file_list>
   <object_component_list>
      <object_component id="oc-18">
         <name>.intvecs</name>
         <load_address>0x0</load_address>
         <readonly>true</readonly>
         <run_address>0x0</run_address>
         <size>0xc0</size>
         <alignment>0x4</alignment>
         <input_file_ref idref="fl-13"/>
      </object_component>
      <object_component id="oc-171">
         <name>.text._ZL12Fruit_Updatev</name>
         <load_address>0x19c70</load_address>
         <readonly>true</readonly>
         <executable>true</executable>
         <run_address>0x19c70</run_address>
         <size>0x4a4</size>
         <alignment>0x4</alignment>
         <input_file_ref idref="fl-12"/>
      </object_component>
      <object_component id="oc-172">
         <name>.text._ZL15Collision_Checkv</name>
         <load_address>0x1a114</load_address>
         <readonly>true</readonly>
         <executable>true</executable>
         <run_address>0x1a114</run_address>
         <size>0x2ac</size>
         <alignment>0x4</alignment>
         <input_file_ref idref="fl-12"/>
      </object_component>
      <object_component id="oc-dc">
         <name>.text._Z9LCD2_Initv</name>
         <load_address>0x1a3c0</load_address>
         <readonly>true</readonly>
         <executable>true</executable>
         <run_address>0x1a3c0</run_address>
         <size>0x266</size>
         <alignment>0x2</alignment>
         <input_file_ref idref="fl-6"/>
      </object_component>
      <object_component id="oc-248">
         <name>.text._ZL10Trail_Initv</name>
         <load_address>0x1a626</load_address>
         <readonly>true</readonly>
         <executable>true</executable>
         <run_address>0x1a626</run_address>
         <size>0x2</size>
         <alignment>0x2</alignment>
         <input_file_ref idref="fl-12"/>
      </object_component>
      <object_component id="oc-2c5">
         <name>.text._Z17ST7735_DrawBitmapssPKtss</name>
         <load_address>0x1a628</load_address>
         <readonly>true</readonly>
         <executable>true</executable>
         <run_address>0x1a628</run_address>
         <size>0x210</size>
         <alignment>0x4</alignment>
         <input_file_ref idref="fl-c"/>
      </object_component>
      <object_component id="oc-2e1">
         <name>.text._ZL14LCD2_DrawDigithhhtt</name>
         <load_address>0x1a838</load_address>
         <readonly>true</readonly>
         <executable>true</executable>
         <run_address>0x1a838</run_address>
         <size>0x204</size>
         <alignment>0x4</alignment>
         <input_file_ref idref="fl-6"/>
      </object_component>
      <object_component id="oc-2bc">
         <name>.text._Z16ST7735_DrawCharSsscssh</name>
         <load_address>0x1aa3c</load_address>
         <readonly>true</readonly>
         <executable>true</executable>
         <run_address>0x1aa3c</run_address>
         <size>0x1a0</size>
         <alignment>0x4</alignment>
         <input_file_ref idref="fl-c"/>
      </object_component>
      <object_component id="oc-210">
         <name>.text._ZL18Fruit_SpawnIsClearhss</name>
         <load_address>0x1abdc</load_address>
         <readonly>true</readonly>
         <executable>true</executable>
         <run_address>0x1abdc</run_address>
         <size>0x198</size>
         <alignment>0x4</alignment>
         <input_file_ref idref="fl-12"/>
      </object_component>
      <object_component id="oc-116">
         <name>.text.Clock_Init80MHz</name>
         <load_address>0x1ad74</load_address>
         <readonly>true</readonly>
         <executable>true</executable>
         <run_address>0x1ad74</run_address>
         <size>0x18c</size>
         <alignment>0x4</alignment>
         <input_file_ref idref="fl-2"/>
      </object_component>
      <object_component id="oc-184">
         <name>.text._Z17Instructions_Initv</name>
         <load_address>0x1af00</load_address>
         <readonly>true</readonly>
         <executable>true</executable>
         <run_address>0x1af00</run_address>
         <size>0x170</size>
         <alignment>0x4</alignment>
         <input_file_ref idref="fl-12"/>
      </object_component>
      <object_component id="oc-1b3">
         <name>.text._openfile</name>
         <load_address>0x1b070</load_address>
         <readonly>true</readonly>
         <executable>true</executable>
         <run_address>0x1b070</run_address>
         <size>0x154</size>
         <alignment>0x4</alignment>
         <input_file_ref idref="fl-36"/>
      </object_component>
      <object_component id="oc-173">
         <name>.text._ZL11Fruits_Drawv</name>
         <load_address>0x1b1c4</load_address>
         <readonly>true</readonly>
         <executable>true</executable>
         <run_address>0x1b1c4</run_address>
         <size>0x148</size>
         <alignment>0x4</alignment>
         <input_file_ref idref="fl-12"/>
      </object_component>
      <object_component id="oc-188">
         <name>.text._Z13GameOver_Initv</name>
         <load_address>0x1b30c</load_address>
         <readonly>true</readonly>
         <executable>true</executable>
         <run_address>0x1b30c</run_address>
         <size>0x13c</size>
         <alignment>0x4</alignment>
         <input_file_ref idref="fl-12"/>
      </object_component>
      <object_component id="oc-189">
         <name>.text._Z13Language_Initv</name>
         <load_address>0x1b448</load_address>
         <readonly>true</readonly>
         <executable>true</executable>
         <run_address>0x1b448</run_address>
         <size>0x138</size>
         <alignment>0x4</alignment>
         <input_file_ref idref="fl-12"/>
      </object_component>
      <object_component id="oc-170">
         <name>.text._Z18Language_Highlightv</name>
         <load_address>0x1b580</load_address>
         <readonly>true</readonly>
         <executable>true</executable>
         <run_address>0x1b580</run_address>
         <size>0x130</size>
         <alignment>0x4</alignment>
         <input_file_ref idref="fl-12"/>
      </object_component>
      <object_component id="oc-14c">
         <name>.text._Z8ADC_InitP10ADC12_Regsjj</name>
         <load_address>0x1b6b0</load_address>
         <readonly>true</readonly>
         <executable>true</executable>
         <run_address>0x1b6b0</run_address>
         <size>0x128</size>
         <alignment>0x4</alignment>
         <input_file_ref idref="fl-10"/>
      </object_component>
      <object_component id="oc-176">
         <name>.text._ZL25LCD2_UpdateGameplayStatusv</name>
         <load_address>0x1b7d8</load_address>
         <readonly>true</readonly>
         <executable>true</executable>
         <run_address>0x1b7d8</run_address>
         <size>0x128</size>
         <alignment>0x4</alignment>
         <input_file_ref idref="fl-12"/>
      </object_component>
      <object_component id="oc-1d0">
         <name>.text.ADC_InitDual</name>
         <load_address>0x1b900</load_address>
         <readonly>true</readonly>
         <executable>true</executable>
         <run_address>0x1b900</run_address>
         <size>0x124</size>
         <alignment>0x4</alignment>
         <input_file_ref idref="fl-1"/>
      </object_component>
      <object_component id="oc-1dd">
         <name>.text._ZL15LCD2_DrawBitmapssPKtss</name>
         <load_address>0x1ba24</load_address>
         <readonly>true</readonly>
         <executable>true</executable>
         <run_address>0x1ba24</run_address>
         <size>0x11a</size>
         <alignment>0x2</alignment>
         <input_file_ref idref="fl-6"/>
      </object_component>
      <object_component id="oc-174">
         <name>.text._ZL12Trail_Updatev</name>
         <load_address>0x1bb3e</load_address>
         <readonly>true</readonly>
         <executable>true</executable>
         <run_address>0x1bb3e</run_address>
         <size>0x2</size>
         <alignment>0x2</alignment>
         <input_file_ref idref="fl-12"/>
      </object_component>
      <object_component id="oc-143">
         <name>.text._Z15ST7735_FillRectsssst</name>
         <load_address>0x1bb40</load_address>
         <readonly>true</readonly>
         <executable>true</executable>
         <run_address>0x1bb40</run_address>
         <size>0x118</size>
         <alignment>0x4</alignment>
         <input_file_ref idref="fl-c"/>
      </object_component>
      <object_component id="oc-16f">
         <name>.text._Z18Settings_Highlightv</name>
         <load_address>0x1bc58</load_address>
         <readonly>true</readonly>
         <executable>true</executable>
         <run_address>0x1bc58</run_address>
         <size>0x118</size>
         <alignment>0x4</alignment>
         <input_file_ref idref="fl-12"/>
      </object_component>
      <object_component id="oc-277">
         <name>.text._Z8SPI_Initv</name>
         <load_address>0x1bd70</load_address>
         <readonly>true</readonly>
         <executable>true</executable>
         <run_address>0x1bd70</run_address>
         <size>0x118</size>
         <alignment>0x4</alignment>
         <input_file_ref idref="fl-b"/>
      </object_component>
      <object_component id="oc-222">
         <name>.text._ZL12DrawScanlinesPKtssss</name>
         <load_address>0x1be88</load_address>
         <readonly>true</readonly>
         <executable>true</executable>
         <run_address>0x1be88</run_address>
         <size>0x118</size>
         <alignment>0x4</alignment>
         <input_file_ref idref="fl-12"/>
      </object_component>
      <object_component id="oc-18a">
         <name>.text._Z12Credits_Initv</name>
         <load_address>0x1bfa0</load_address>
         <readonly>true</readonly>
         <executable>true</executable>
         <run_address>0x1bfa0</run_address>
         <size>0x114</size>
         <alignment>0x4</alignment>
         <input_file_ref idref="fl-12"/>
      </object_component>
      <object_component id="oc-2ba">
         <name>.text.aligned_alloc</name>
         <load_address>0x1c0b4</load_address>
         <readonly>true</readonly>
         <executable>true</executable>
         <run_address>0x1c0b4</run_address>
         <size>0x114</size>
         <alignment>0x4</alignment>
         <input_file_ref idref="fl-3d"/>
      </object_component>
      <object_component id="oc-185">
         <name>.text._Z13Settings_Initv</name>
         <load_address>0x1c1c8</load_address>
         <readonly>true</readonly>
         <executable>true</executable>
         <run_address>0x1c1c8</run_address>
         <size>0x108</size>
         <alignment>0x4</alignment>
         <input_file_ref idref="fl-12"/>
      </object_component>
      <object_component id="oc-ee">
         <name>.text._Z16Game_UpdateFramev</name>
         <load_address>0x1c2d0</load_address>
         <readonly>true</readonly>
         <executable>true</executable>
         <run_address>0x1c2d0</run_address>
         <size>0x108</size>
         <alignment>0x4</alignment>
         <input_file_ref idref="fl-12"/>
      </object_component>
      <object_component id="oc-c4">
         <name>.text._Z18ST7735_SetRotationh</name>
         <load_address>0x1c3d8</load_address>
         <readonly>true</readonly>
         <executable>true</executable>
         <run_address>0x1c3d8</run_address>
         <size>0xf4</size>
         <alignment>0x4</alignment>
         <input_file_ref idref="fl-c"/>
      </object_component>
      <object_component id="oc-169">
         <name>.text._ZL13Cursor_Samplev</name>
         <load_address>0x1c4cc</load_address>
         <readonly>true</readonly>
         <executable>true</executable>
         <run_address>0x1c4cc</run_address>
         <size>0xec</size>
         <alignment>0x4</alignment>
         <input_file_ref idref="fl-12"/>
      </object_component>
      <object_component id="oc-11b">
         <name>.text.add_device</name>
         <load_address>0x1c5b8</load_address>
         <readonly>true</readonly>
         <executable>true</executable>
         <run_address>0x1c5b8</run_address>
         <size>0xec</size>
         <alignment>0x4</alignment>
         <input_file_ref idref="fl-fc"/>
      </object_component>
      <object_component id="oc-14e">
         <name>.text._Z9UART_Initv</name>
         <load_address>0x1c6a4</load_address>
         <readonly>true</readonly>
         <executable>true</executable>
         <run_address>0x1c6a4</run_address>
         <size>0xe8</size>
         <alignment>0x4</alignment>
         <input_file_ref idref="fl-10"/>
      </object_component>
      <object_component id="oc-1bc">
         <name>.text.free</name>
         <load_address>0x1c78c</load_address>
         <readonly>true</readonly>
         <executable>true</executable>
         <run_address>0x1c78c</run_address>
         <size>0xe8</size>
         <alignment>0x4</alignment>
         <input_file_ref idref="fl-3d"/>
      </object_component>
      <object_component id="oc-92">
         <name>.text.main</name>
         <load_address>0x1c874</load_address>
         <readonly>true</readonly>
         <executable>true</executable>
         <run_address>0x1c874</run_address>
         <size>0xe4</size>
         <alignment>0x4</alignment>
         <input_file_ref idref="fl-8"/>
      </object_component>
      <object_component id="oc-1df">
         <name>.text._ZL27Cursor_IsHoveringSelectablev</name>
         <load_address>0x1c958</load_address>
         <readonly>true</readonly>
         <executable>true</executable>
         <run_address>0x1c958</run_address>
         <size>0xe0</size>
         <alignment>0x4</alignment>
         <input_file_ref idref="fl-12"/>
      </object_component>
      <object_component id="oc-126">
         <name>.text.setvbuf</name>
         <load_address>0x1ca38</load_address>
         <readonly>true</readonly>
         <executable>true</executable>
         <run_address>0x1ca38</run_address>
         <size>0xe0</size>
         <alignment>0x4</alignment>
         <input_file_ref idref="fl-37"/>
      </object_component>
      <object_component id="oc-1c3">
         <name>.text._Z14ST7735_OutCharc</name>
         <load_address>0x1cb18</load_address>
         <readonly>true</readonly>
         <executable>true</executable>
         <run_address>0x1cb18</run_address>
         <size>0xd0</size>
         <alignment>0x4</alignment>
         <input_file_ref idref="fl-c"/>
      </object_component>
      <object_component id="oc-1cf">
         <name>.text._ZL13LCD2_FillRecthhhht</name>
         <load_address>0x1cbe8</load_address>
         <readonly>true</readonly>
         <executable>true</executable>
         <run_address>0x1cbe8</run_address>
         <size>0xc4</size>
         <alignment>0x2</alignment>
         <input_file_ref idref="fl-6"/>
      </object_component>
      <object_component id="oc-226">
         <name>.text._Z14LCD2_ShowScorej</name>
         <load_address>0x1ccac</load_address>
         <readonly>true</readonly>
         <executable>true</executable>
         <run_address>0x1ccac</run_address>
         <size>0xc0</size>
         <alignment>0x4</alignment>
         <input_file_ref idref="fl-6"/>
      </object_component>
      <object_component id="oc-ef">
         <name>.text._Z13Game_GetInputv</name>
         <load_address>0x1cd6c</load_address>
         <readonly>true</readonly>
         <executable>true</executable>
         <run_address>0x1cd6c</run_address>
         <size>0xb4</size>
         <alignment>0x4</alignment>
         <input_file_ref idref="fl-12"/>
      </object_component>
      <object_component id="oc-22e">
         <name>.text._Z14Switch_Pressedh</name>
         <load_address>0x1ce20</load_address>
         <readonly>true</readonly>
         <executable>true</executable>
         <run_address>0x1ce20</run_address>
         <size>0xb4</size>
         <alignment>0x4</alignment>
         <input_file_ref idref="fl-f"/>
      </object_component>
      <object_component id="oc-221">
         <name>.text._Z20ST7735_DrawFastHLinessst</name>
         <load_address>0x1ced4</load_address>
         <readonly>true</readonly>
         <executable>true</executable>
         <run_address>0x1ced4</run_address>
         <size>0xb0</size>
         <alignment>0x4</alignment>
         <input_file_ref idref="fl-c"/>
      </object_component>
      <object_component id="oc-228">
         <name>.text._Z14LCD2_ShowLevelh</name>
         <load_address>0x1cf84</load_address>
         <readonly>true</readonly>
         <executable>true</executable>
         <run_address>0x1cf84</run_address>
         <size>0xa8</size>
         <alignment>0x4</alignment>
         <input_file_ref idref="fl-6"/>
      </object_component>
      <object_component id="oc-154">
         <name>.text._Z14TimerG7_IntArmtjj</name>
         <load_address>0x1d02c</load_address>
         <readonly>true</readonly>
         <executable>true</executable>
         <run_address>0x1d02c</run_address>
         <size>0xa8</size>
         <alignment>0x4</alignment>
         <input_file_ref idref="fl-11"/>
      </object_component>
      <object_component id="oc-19d">
         <name>.text._ZL11commandListPKh</name>
         <load_address>0x1d0d4</load_address>
         <readonly>true</readonly>
         <executable>true</executable>
         <run_address>0x1d0d4</run_address>
         <size>0xa2</size>
         <alignment>0x2</alignment>
         <input_file_ref idref="fl-c"/>
      </object_component>
      <object_component id="oc-1c9">
         <name>.text.__aeabi_idiv0</name>
         <load_address>0x1d176</load_address>
         <readonly>true</readonly>
         <executable>true</executable>
         <run_address>0x1d176</run_address>
         <size>0x2</size>
         <alignment>0x2</alignment>
         <input_file_ref idref="fl-118"/>
      </object_component>
      <object_component id="oc-11a">
         <name>.text._Z12ST7735_InitR10initRFlags</name>
         <load_address>0x1d178</load_address>
         <readonly>true</readonly>
         <executable>true</executable>
         <run_address>0x1d178</run_address>
         <size>0xa0</size>
         <alignment>0x4</alignment>
         <input_file_ref idref="fl-c"/>
      </object_component>
      <object_component id="oc-ba">
         <name>.text._Z17ST7735_InitPrintf10initRFlags</name>
         <load_address>0x1d218</load_address>
         <readonly>true</readonly>
         <executable>true</executable>
         <run_address>0x1d218</run_address>
         <size>0xa0</size>
         <alignment>0x4</alignment>
         <input_file_ref idref="fl-c"/>
      </object_component>
      <object_component id="oc-2a2">
         <name>.text.open</name>
         <load_address>0x1d2b8</load_address>
         <readonly>true</readonly>
         <executable>true</executable>
         <run_address>0x1d2b8</run_address>
         <size>0xa0</size>
         <alignment>0x4</alignment>
         <input_file_ref idref="fl-f9"/>
      </object_component>
      <object_component id="oc-d7">
         <name>.text._Z15TimerG12_IntArmjj</name>
         <load_address>0x1d358</load_address>
         <readonly>true</readonly>
         <executable>true</executable>
         <run_address>0x1d358</run_address>
         <size>0x94</size>
         <alignment>0x4</alignment>
         <input_file_ref idref="fl-11"/>
      </object_component>
      <object_component id="oc-16e">
         <name>.text._Z19Title_HighlightMenuv</name>
         <load_address>0x1d3ec</load_address>
         <readonly>true</readonly>
         <executable>true</executable>
         <run_address>0x1d3ec</run_address>
         <size>0x94</size>
         <alignment>0x4</alignment>
         <input_file_ref idref="fl-12"/>
      </object_component>
      <object_component id="oc-1e4">
         <name>.text._ZL18Title_RenderButtonhh</name>
         <load_address>0x1d480</load_address>
         <readonly>true</readonly>
         <executable>true</executable>
         <run_address>0x1d480</run_address>
         <size>0x8c</size>
         <alignment>0x4</alignment>
         <input_file_ref idref="fl-12"/>
      </object_component>
      <object_component id="oc-1c8">
         <name>.text._ZL13setAddrWindowhhhh</name>
         <load_address>0x1d50c</load_address>
         <readonly>true</readonly>
         <executable>true</executable>
         <run_address>0x1d50c</run_address>
         <size>0x88</size>
         <alignment>0x4</alignment>
         <input_file_ref idref="fl-c"/>
      </object_component>
      <object_component id="oc-1eb">
         <name>.text._ZL21Settings_RenderOptionhPKch</name>
         <load_address>0x1d594</load_address>
         <readonly>true</readonly>
         <executable>true</executable>
         <run_address>0x1d594</run_address>
         <size>0x88</size>
         <alignment>0x4</alignment>
         <input_file_ref idref="fl-12"/>
      </object_component>
      <object_component id="oc-18b">
         <name>.text.HOSTexit</name>
         <load_address>0x1d61c</load_address>
         <readonly>true</readonly>
         <executable>true</executable>
         <run_address>0x1d61c</run_address>
         <size>0x4</size>
         <alignment>0x2</alignment>
         <input_file_ref idref="fl-f5"/>
      </object_component>
      <object_component id="oc-27a">
         <name>.text:strcmp</name>
         <load_address>0x1d620</load_address>
         <readonly>true</readonly>
         <executable>true</executable>
         <run_address>0x1d620</run_address>
         <size>0x88</size>
         <alignment>0x10</alignment>
         <input_file_ref idref="fl-11c"/>
      </object_component>
      <object_component id="oc-187">
         <name>.text._Z10Pause_Initv</name>
         <load_address>0x1d6a8</load_address>
         <readonly>true</readonly>
         <executable>true</executable>
         <run_address>0x1d6a8</run_address>
         <size>0x84</size>
         <alignment>0x4</alignment>
         <input_file_ref idref="fl-12"/>
      </object_component>
      <object_component id="oc-251">
         <name>.text._Z14ST7735_OutUDecj</name>
         <load_address>0x1d72c</load_address>
         <readonly>true</readonly>
         <executable>true</executable>
         <run_address>0x1d72c</run_address>
         <size>0x84</size>
         <alignment>0x4</alignment>
         <input_file_ref idref="fl-c"/>
      </object_component>
      <object_component id="oc-2bb">
         <name>.text._Z17ST7735_DrawStringttPcs</name>
         <load_address>0x1d7b0</load_address>
         <readonly>true</readonly>
         <executable>true</executable>
         <run_address>0x1d7b0</run_address>
         <size>0x84</size>
         <alignment>0x2</alignment>
         <input_file_ref idref="fl-c"/>
      </object_component>
      <object_component id="oc-249">
         <name>.text._ZL10Fruit_Initv</name>
         <load_address>0x1d834</load_address>
         <readonly>true</readonly>
         <executable>true</executable>
         <run_address>0x1d834</run_address>
         <size>0x80</size>
         <alignment>0x4</alignment>
         <input_file_ref idref="fl-12"/>
      </object_component>
      <object_component id="oc-186">
         <name>.text._Z13Gameplay_Initv</name>
         <load_address>0x1d8b4</load_address>
         <readonly>true</readonly>
         <executable>true</executable>
         <run_address>0x1d8b4</run_address>
         <size>0x7c</size>
         <alignment>0x4</alignment>
         <input_file_ref idref="fl-12"/>
      </object_component>
      <object_component id="oc-b5">
         <name>.text._Z14LaunchPad_Initv</name>
         <load_address>0x1d930</load_address>
         <readonly>true</readonly>
         <executable>true</executable>
         <run_address>0x1d930</run_address>
         <size>0x7c</size>
         <alignment>0x4</alignment>
         <input_file_ref idref="fl-a"/>
      </object_component>
      <object_component id="oc-1e1">
         <name>.text._ZL14Title_DrawLogoh</name>
         <load_address>0x1d9ac</load_address>
         <readonly>true</readonly>
         <executable>true</executable>
         <run_address>0x1d9ac</run_address>
         <size>0x7c</size>
         <alignment>0x4</alignment>
         <input_file_ref idref="fl-12"/>
      </object_component>
      <object_component id="oc-c6">
         <name>.text._ZN8SlidePot4InitEv</name>
         <load_address>0x1da28</load_address>
         <readonly>true</readonly>
         <executable>true</executable>
         <run_address>0x1da28</run_address>
         <size>0x7c</size>
         <alignment>0x4</alignment>
         <input_file_ref idref="fl-d"/>
      </object_component>
      <object_component id="oc-1b6">
         <name>.text.__TI_closefile</name>
         <load_address>0x1daa4</load_address>
         <readonly>true</readonly>
         <executable>true</executable>
         <run_address>0x1daa4</run_address>
         <size>0x7c</size>
         <alignment>0x4</alignment>
         <input_file_ref idref="fl-48"/>
      </object_component>
      <object_component id="oc-1c">
         <name>.text:decompress:lzss</name>
         <load_address>0x1db20</load_address>
         <readonly>true</readonly>
         <executable>true</executable>
         <run_address>0x1db20</run_address>
         <size>0x7c</size>
         <alignment>0x4</alignment>
         <input_file_ref idref="fl-46"/>
      </object_component>
      <object_component id="oc-3c">
         <name>.text.SysTick_Handler</name>
         <load_address>0x1db9c</load_address>
         <readonly>true</readonly>
         <executable>true</executable>
         <run_address>0x1db9c</run_address>
         <size>0x78</size>
         <alignment>0x4</alignment>
         <input_file_ref idref="fl-e"/>
      </object_component>
      <object_component id="oc-1f7">
         <name>.text._ZL21Language_RenderOptionhPKch</name>
         <load_address>0x1dc14</load_address>
         <readonly>true</readonly>
         <executable>true</executable>
         <run_address>0x1dc14</run_address>
         <size>0x78</size>
         <alignment>0x4</alignment>
         <input_file_ref idref="fl-12"/>
      </object_component>
      <object_component id="oc-70">
         <name>.text.Fault_Capture</name>
         <load_address>0x1dc8c</load_address>
         <readonly>true</readonly>
         <executable>true</executable>
         <run_address>0x1dc8c</run_address>
         <size>0x74</size>
         <alignment>0x4</alignment>
         <input_file_ref idref="fl-8"/>
      </object_component>
      <object_component id="oc-321">
         <name>.text._Z16ST7735_DrawPixelsst</name>
         <load_address>0x1dd00</load_address>
         <readonly>true</readonly>
         <executable>true</executable>
         <run_address>0x1dd00</run_address>
         <size>0x70</size>
         <alignment>0x4</alignment>
         <input_file_ref idref="fl-c"/>
      </object_component>
      <object_component id="oc-290">
         <name>.text.HOSTlseek</name>
         <load_address>0x1dd70</load_address>
         <readonly>true</readonly>
         <executable>true</executable>
         <run_address>0x1dd70</run_address>
         <size>0x6c</size>
         <alignment>0x4</alignment>
         <input_file_ref idref="fl-ff"/>
      </object_component>
      <object_component id="oc-298">
         <name>.text.HOSTrename</name>
         <load_address>0x1dddc</load_address>
         <readonly>true</readonly>
         <executable>true</executable>
         <run_address>0x1dddc</run_address>
         <size>0x6c</size>
         <alignment>0x4</alignment>
         <input_file_ref idref="fl-102"/>
      </object_component>
      <object_component id="oc-175">
         <name>.text._Z12LED_SetLivesh</name>
         <load_address>0x1de48</load_address>
         <readonly>true</readonly>
         <executable>true</executable>
         <run_address>0x1de48</run_address>
         <size>0x6c</size>
         <alignment>0x4</alignment>
         <input_file_ref idref="fl-7"/>
      </object_component>
      <object_component id="oc-2c1">
         <name>.text._ZL14LCD2_SetWindowhhhh</name>
         <load_address>0x1deb4</load_address>
         <readonly>true</readonly>
         <executable>true</executable>
         <run_address>0x1deb4</run_address>
         <size>0x6c</size>
         <alignment>0x2</alignment>
         <input_file_ref idref="fl-6"/>
      </object_component>
      <object_component id="oc-308">
         <name>.text.getdevice</name>
         <load_address>0x1df20</load_address>
         <readonly>true</readonly>
         <executable>true</executable>
         <run_address>0x1df20</run_address>
         <size>0x6c</size>
         <alignment>0x4</alignment>
         <input_file_ref idref="fl-119"/>
      </object_component>
      <object_component id="oc-183">
         <name>.text._Z10Title_Initv</name>
         <load_address>0x1df8c</load_address>
         <readonly>true</readonly>
         <executable>true</executable>
         <run_address>0x1df8c</run_address>
         <size>0x68</size>
         <alignment>0x4</alignment>
         <input_file_ref idref="fl-12"/>
      </object_component>
      <object_component id="oc-2c4">
         <name>.text.ADC_InDual</name>
         <load_address>0x1dff4</load_address>
         <readonly>true</readonly>
         <executable>true</executable>
         <run_address>0x1dff4</run_address>
         <size>0x64</size>
         <alignment>0x4</alignment>
         <input_file_ref idref="fl-1"/>
      </object_component>
      <object_component id="oc-31f">
         <name>.text.split</name>
         <load_address>0x1e058</load_address>
         <readonly>true</readonly>
         <executable>true</executable>
         <run_address>0x1e058</run_address>
         <size>0x64</size>
         <alignment>0x4</alignment>
         <input_file_ref idref="fl-3d"/>
      </object_component>
      <object_component id="oc-280">
         <name>.text.HOSTopen</name>
         <load_address>0x1e0bc</load_address>
         <readonly>true</readonly>
         <executable>true</executable>
         <run_address>0x1e0bc</run_address>
         <size>0x60</size>
         <alignment>0x4</alignment>
         <input_file_ref idref="fl-100"/>
      </object_component>
      <object_component id="oc-e8">
         <name>.text._Z21Joystick_ReadSlidePotv</name>
         <load_address>0x1e11c</load_address>
         <readonly>true</readonly>
         <executable>true</executable>
         <run_address>0x1e11c</run_address>
         <size>0x5c</size>
         <alignment>0x4</alignment>
         <input_file_ref idref="fl-5"/>
      </object_component>
      <object_component id="oc-288">
         <name>.text.HOSTread</name>
         <load_address>0x1e178</load_address>
         <readonly>true</readonly>
         <executable>true</executable>
         <run_address>0x1e178</run_address>
         <size>0x58</size>
         <alignment>0x4</alignment>
         <input_file_ref idref="fl-101"/>
      </object_component>
      <object_component id="oc-28c">
         <name>.text.HOSTwrite</name>
         <load_address>0x1e1d0</load_address>
         <readonly>true</readonly>
         <executable>true</executable>
         <run_address>0x1e1d0</run_address>
         <size>0x58</size>
         <alignment>0x4</alignment>
         <input_file_ref idref="fl-104"/>
      </object_component>
      <object_component id="oc-d5">
         <name>.text._Z10Sound_Initv</name>
         <load_address>0x1e228</load_address>
         <readonly>true</readonly>
         <executable>true</executable>
         <run_address>0x1e228</run_address>
         <size>0x58</size>
         <alignment>0x4</alignment>
         <input_file_ref idref="fl-e"/>
      </object_component>
      <object_component id="oc-d6">
         <name>.text._Z10TExaS_InitP10ADC12_RegsjPFhvE</name>
         <load_address>0x1e280</load_address>
         <readonly>true</readonly>
         <executable>true</executable>
         <run_address>0x1e280</run_address>
         <size>0x58</size>
         <alignment>0x4</alignment>
         <input_file_ref idref="fl-10"/>
      </object_component>
      <object_component id="oc-20b">
         <name>.text.__aeabi_idivmod</name>
         <load_address>0x1e2d8</load_address>
         <readonly>true</readonly>
         <executable>true</executable>
         <run_address>0x1e2d8</run_address>
         <size>0x56</size>
         <alignment>0x4</alignment>
         <input_file_ref idref="fl-110"/>
      </object_component>
      <object_component id="oc-26e">
         <name>.text._nop</name>
         <load_address>0x1e32e</load_address>
         <readonly>true</readonly>
         <executable>true</executable>
         <run_address>0x1e32e</run_address>
         <size>0x2</size>
         <alignment>0x2</alignment>
         <input_file_ref idref="fl-3a"/>
      </object_component>
      <object_component id="oc-2e5">
         <name>.text._Z11fillmessagej</name>
         <load_address>0x1e330</load_address>
         <readonly>true</readonly>
         <executable>true</executable>
         <run_address>0x1e330</run_address>
         <size>0x54</size>
         <alignment>0x4</alignment>
         <input_file_ref idref="fl-c"/>
      </object_component>
      <object_component id="oc-16a">
         <name>.text._Z17LCD2_ShowReactionPKtss</name>
         <load_address>0x1e384</load_address>
         <readonly>true</readonly>
         <executable>true</executable>
         <run_address>0x1e384</run_address>
         <size>0x54</size>
         <alignment>0x2</alignment>
         <input_file_ref idref="fl-6"/>
      </object_component>
      <object_component id="oc-16c">
         <name>.text._ZL18Cursor_UpdateColorv</name>
         <load_address>0x1e3d8</load_address>
         <readonly>true</readonly>
         <executable>true</executable>
         <run_address>0x1e3d8</run_address>
         <size>0x54</size>
         <alignment>0x4</alignment>
         <input_file_ref idref="fl-12"/>
      </object_component>
      <object_component id="oc-1d8">
         <name>.text._ZL7Clamp16sss</name>
         <load_address>0x1e42c</load_address>
         <readonly>true</readonly>
         <executable>true</executable>
         <run_address>0x1e42c</run_address>
         <size>0x54</size>
         <alignment>0x2</alignment>
         <input_file_ref idref="fl-12"/>
      </object_component>
      <object_component id="oc-102">
         <name>.text:__TI_auto_init_nobinit</name>
         <load_address>0x1e480</load_address>
         <readonly>true</readonly>
         <executable>true</executable>
         <run_address>0x1e480</run_address>
         <size>0x54</size>
         <alignment>0x4</alignment>
         <input_file_ref idref="fl-41"/>
      </object_component>
      <object_component id="oc-2a6">
         <name>.text.__TI_doflush</name>
         <load_address>0x1e4d4</load_address>
         <readonly>true</readonly>
         <executable>true</executable>
         <run_address>0x1e4d4</run_address>
         <size>0x52</size>
         <alignment>0x2</alignment>
         <input_file_ref idref="fl-49"/>
      </object_component>
      <object_component id="oc-13e">
         <name>.text._Z11SPI_OutDatac</name>
         <load_address>0x1e528</load_address>
         <readonly>true</readonly>
         <executable>true</executable>
         <run_address>0x1e528</run_address>
         <size>0x50</size>
         <alignment>0x4</alignment>
         <input_file_ref idref="fl-b"/>
      </object_component>
      <object_component id="oc-1d6">
         <name>.text._Z13Joystick_ReadPjS_</name>
         <load_address>0x1e578</load_address>
         <readonly>true</readonly>
         <executable>true</executable>
         <run_address>0x1e578</run_address>
         <size>0x50</size>
         <alignment>0x4</alignment>
         <input_file_ref idref="fl-5"/>
      </object_component>
      <object_component id="oc-13d">
         <name>.text._Z14SPI_OutCommandc</name>
         <load_address>0x1e5c8</load_address>
         <readonly>true</readonly>
         <executable>true</executable>
         <run_address>0x1e5c8</run_address>
         <size>0x50</size>
         <alignment>0x4</alignment>
         <input_file_ref idref="fl-b"/>
      </object_component>
      <object_component id="oc-1d9">
         <name>.text._ZL11Cursor_MaxYv</name>
         <load_address>0x1e618</load_address>
         <readonly>true</readonly>
         <executable>true</executable>
         <run_address>0x1e618</run_address>
         <size>0x50</size>
         <alignment>0x4</alignment>
         <input_file_ref idref="fl-12"/>
      </object_component>
      <object_component id="oc-17f">
         <name>.text._ZL14Language_Inputv</name>
         <load_address>0x1e668</load_address>
         <readonly>true</readonly>
         <executable>true</executable>
         <run_address>0x1e668</run_address>
         <size>0x50</size>
         <alignment>0x4</alignment>
         <input_file_ref idref="fl-12"/>
      </object_component>
      <object_component id="oc-2ac">
         <name>.text.close</name>
         <load_address>0x1e6b8</load_address>
         <readonly>true</readonly>
         <executable>true</executable>
         <run_address>0x1e6b8</run_address>
         <size>0x50</size>
         <alignment>0x4</alignment>
         <input_file_ref idref="fl-fb"/>
      </object_component>
      <object_component id="oc-218">
         <name>.text._ZL17LCD2_ShowEventMsgPKcth</name>
         <load_address>0x1e708</load_address>
         <readonly>true</readonly>
         <executable>true</executable>
         <run_address>0x1e708</run_address>
         <size>0x4c</size>
         <alignment>0x4</alignment>
         <input_file_ref idref="fl-12"/>
      </object_component>
      <object_component id="oc-284">
         <name>.text.HOSTclose</name>
         <load_address>0x1e754</load_address>
         <readonly>true</readonly>
         <executable>true</executable>
         <run_address>0x1e754</run_address>
         <size>0x48</size>
         <alignment>0x4</alignment>
         <input_file_ref idref="fl-fe"/>
      </object_component>
      <object_component id="oc-294">
         <name>.text.HOSTunlink</name>
         <load_address>0x1e79c</load_address>
         <readonly>true</readonly>
         <executable>true</executable>
         <run_address>0x1e79c</run_address>
         <size>0x48</size>
         <alignment>0x4</alignment>
         <input_file_ref idref="fl-103"/>
      </object_component>
      <object_component id="oc-e1">
         <name>.text._Z9Game_Initv</name>
         <load_address>0x1e7e4</load_address>
         <readonly>true</readonly>
         <executable>true</executable>
         <run_address>0x1e7e4</run_address>
         <size>0x48</size>
         <alignment>0x4</alignment>
         <input_file_ref idref="fl-12"/>
      </object_component>
      <object_component id="oc-17c">
         <name>.text._ZL14Settings_Inputv</name>
         <load_address>0x1e82c</load_address>
         <readonly>true</readonly>
         <executable>true</executable>
         <run_address>0x1e82c</run_address>
         <size>0x48</size>
         <alignment>0x4</alignment>
         <input_file_ref idref="fl-12"/>
      </object_component>
      <object_component id="oc-204">
         <name>.text._ZL17Fruit_ActiveCountv</name>
         <load_address>0x1e874</load_address>
         <readonly>true</readonly>
         <executable>true</executable>
         <run_address>0x1e874</run_address>
         <size>0x48</size>
         <alignment>0x4</alignment>
         <input_file_ref idref="fl-12"/>
      </object_component>
      <object_component id="oc-1d7">
         <name>.text._ZL7MapAxisjs</name>
         <load_address>0x1e8bc</load_address>
         <readonly>true</readonly>
         <executable>true</executable>
         <run_address>0x1e8bc</run_address>
         <size>0x48</size>
         <alignment>0x4</alignment>
         <input_file_ref idref="fl-12"/>
      </object_component>
      <object_component id="oc-41">
         <name>.text.TIMG7_IRQHandler</name>
         <load_address>0x1e904</load_address>
         <readonly>true</readonly>
         <executable>true</executable>
         <run_address>0x1e904</run_address>
         <size>0x40</size>
         <alignment>0x4</alignment>
         <input_file_ref idref="fl-10"/>
      </object_component>
      <object_component id="oc-2e8">
         <name>.text._Z9SPI_Resetv</name>
         <load_address>0x1e944</load_address>
         <readonly>true</readonly>
         <executable>true</executable>
         <run_address>0x1e944</run_address>
         <size>0x40</size>
         <alignment>0x4</alignment>
         <input_file_ref idref="fl-b"/>
      </object_component>
      <object_component id="oc-177">
         <name>.text._ZL17LCD2_TickEventMsgv</name>
         <load_address>0x1e984</load_address>
         <readonly>true</readonly>
         <executable>true</executable>
         <run_address>0x1e984</run_address>
         <size>0x40</size>
         <alignment>0x4</alignment>
         <input_file_ref idref="fl-12"/>
      </object_component>
      <object_component id="oc-1c7">
         <name>.text._ZL18SPI_AssertSelectedv</name>
         <load_address>0x1e9c4</load_address>
         <readonly>true</readonly>
         <executable>true</executable>
         <run_address>0x1e9c4</run_address>
         <size>0x40</size>
         <alignment>0x4</alignment>
         <input_file_ref idref="fl-b"/>
      </object_component>
      <object_component id="oc-150">
         <name>.text.__aeabi_uidivmod</name>
         <load_address>0x1ea04</load_address>
         <readonly>true</readonly>
         <executable>true</executable>
         <run_address>0x1ea04</run_address>
         <size>0x40</size>
         <alignment>0x4</alignment>
         <input_file_ref idref="fl-113"/>
      </object_component>
      <object_component id="oc-1b2">
         <name>.text._search_fp</name>
         <load_address>0x1ea44</load_address>
         <readonly>true</readonly>
         <executable>true</executable>
         <run_address>0x1ea44</run_address>
         <size>0x40</size>
         <alignment>0x4</alignment>
         <input_file_ref idref="fl-36"/>
      </object_component>
      <object_component id="oc-14b">
         <name>.text._Z9DAC5_Initv</name>
         <load_address>0x1ea84</load_address>
         <readonly>true</readonly>
         <executable>true</executable>
         <run_address>0x1ea84</run_address>
         <size>0x3c</size>
         <alignment>0x4</alignment>
         <input_file_ref idref="fl-3"/>
      </object_component>
      <object_component id="oc-117">
         <name>.text._Z15ActivatePortA_Bv</name>
         <load_address>0x1eac0</load_address>
         <readonly>true</readonly>
         <executable>true</executable>
         <run_address>0x1eac0</run_address>
         <size>0x38</size>
         <alignment>0x4</alignment>
         <input_file_ref idref="fl-a"/>
      </object_component>
      <object_component id="oc-17d">
         <name>.text._ZL14Gameplay_Inputv</name>
         <load_address>0x1eaf8</load_address>
         <readonly>true</readonly>
         <executable>true</executable>
         <run_address>0x1eaf8</run_address>
         <size>0x38</size>
         <alignment>0x4</alignment>
         <input_file_ref idref="fl-12"/>
      </object_component>
      <object_component id="oc-203">
         <name>.text._ZL15DifficultyLevelv</name>
         <load_address>0x1eb30</load_address>
         <readonly>true</readonly>
         <executable>true</executable>
         <run_address>0x1eb30</run_address>
         <size>0x38</size>
         <alignment>0x4</alignment>
         <input_file_ref idref="fl-12"/>
      </object_component>
      <object_component id="oc-205">
         <name>.text.rand</name>
         <load_address>0x1eb68</load_address>
         <readonly>true</readonly>
         <executable>true</executable>
         <run_address>0x1eb68</run_address>
         <size>0x38</size>
         <alignment>0x4</alignment>
         <input_file_ref idref="fl-3e"/>
      </object_component>
      <object_component id="oc-e3">
         <name>.text.Clock_Delay1ms</name>
         <load_address>0x1eba0</load_address>
         <readonly>true</readonly>
         <executable>true</executable>
         <run_address>0x1eba0</run_address>
         <size>0x34</size>
         <alignment>0x4</alignment>
         <input_file_ref idref="fl-2"/>
      </object_component>
      <object_component id="oc-12d">
         <name>.text._Z12ST7735_writeiPKcj</name>
         <load_address>0x1ebd4</load_address>
         <readonly>true</readonly>
         <executable>true</executable>
         <run_address>0x1ebd4</run_address>
         <size>0x34</size>
         <alignment>0x2</alignment>
         <input_file_ref idref="fl-c"/>
      </object_component>
      <object_component id="oc-15e">
         <name>.text._Z13Joystick_Initv</name>
         <load_address>0x1ec08</load_address>
         <readonly>true</readonly>
         <executable>true</executable>
         <run_address>0x1ec08</run_address>
         <size>0x34</size>
         <alignment>0x4</alignment>
         <input_file_ref idref="fl-5"/>
      </object_component>
      <object_component id="oc-19e">
         <name>.text._Z16ST7735_SetCursorjj</name>
         <load_address>0x1ec3c</load_address>
         <readonly>true</readonly>
         <executable>true</executable>
         <run_address>0x1ec3c</run_address>
         <size>0x34</size>
         <alignment>0x4</alignment>
         <input_file_ref idref="fl-c"/>
      </object_component>
      <object_component id="oc-bf">
         <name>.text._Z17SPI_SelectDisplayj</name>
         <load_address>0x1ec70</load_address>
         <readonly>true</readonly>
         <executable>true</executable>
         <run_address>0x1ec70</run_address>
         <size>0x34</size>
         <alignment>0x4</alignment>
         <input_file_ref idref="fl-b"/>
      </object_component>
      <object_component id="oc-d0">
         <name>.text._Z8LED_Initv</name>
         <load_address>0x1eca4</load_address>
         <readonly>true</readonly>
         <executable>true</executable>
         <run_address>0x1eca4</run_address>
         <size>0x34</size>
         <alignment>0x4</alignment>
         <input_file_ref idref="fl-7"/>
      </object_component>
      <object_component id="oc-250">
         <name>.text._Z9Sound_Sadv</name>
         <load_address>0x1ecd8</load_address>
         <readonly>true</readonly>
         <executable>true</executable>
         <run_address>0x1ecd8</run_address>
         <size>0x34</size>
         <alignment>0x4</alignment>
         <input_file_ref idref="fl-e"/>
      </object_component>
      <object_component id="oc-17e">
         <name>.text._ZL11Pause_Inputv</name>
         <load_address>0x1ed0c</load_address>
         <readonly>true</readonly>
         <executable>true</executable>
         <run_address>0x1ed0c</run_address>
         <size>0x34</size>
         <alignment>0x2</alignment>
         <input_file_ref idref="fl-12"/>
      </object_component>
      <object_component id="oc-17a">
         <name>.text._ZL11Title_Inputv</name>
         <load_address>0x1ed40</load_address>
         <readonly>true</readonly>
         <executable>true</executable>
         <run_address>0x1ed40</run_address>
         <size>0x34</size>
         <alignment>0x4</alignment>
         <input_file_ref idref="fl-12"/>
      </object_component>
      <object_component id="oc-1bf">
         <name>.text.__TI_cleanup</name>
         <load_address>0x1ed74</load_address>
         <readonly>true</readonly>
         <executable>true</executable>
         <run_address>0x1ed74</run_address>
         <size>0x34</size>
         <alignment>0x4</alignment>
         <input_file_ref idref="fl-36"/>
      </object_component>
      <object_component id="oc-2f0">
         <name>.text.__TI_readmsg</name>
         <load_address>0x1eda8</load_address>
         <readonly>true</readonly>
         <executable>true</executable>
         <run_address>0x1eda8</run_address>
         <size>0x34</size>
         <alignment>0x4</alignment>
         <input_file_ref idref="fl-105"/>
      </object_component>
      <object_component id="oc-2ea">
         <name>.text.__TI_writemsg</name>
         <load_address>0x1eddc</load_address>
         <readonly>true</readonly>
         <executable>true</executable>
         <run_address>0x1eddc</run_address>
         <size>0x34</size>
         <alignment>0x4</alignment>
         <input_file_ref idref="fl-105"/>
      </object_component>
      <object_component id="oc-fa">
         <name>.text.exit</name>
         <load_address>0x1ee10</load_address>
         <readonly>true</readonly>
         <executable>true</executable>
         <run_address>0x1ee10</run_address>
         <size>0x34</size>
         <alignment>0x4</alignment>
         <input_file_ref idref="fl-39"/>
      </object_component>
      <object_component id="oc-1a6">
         <name>.text.finddevice</name>
         <load_address>0x1ee44</load_address>
         <readonly>true</readonly>
         <executable>true</executable>
         <run_address>0x1ee44</run_address>
         <size>0x34</size>
         <alignment>0x4</alignment>
         <input_file_ref idref="fl-119"/>
      </object_component>
      <object_component id="oc-125">
         <name>.text.freopen</name>
         <load_address>0x1ee78</load_address>
         <readonly>true</readonly>
         <executable>true</executable>
         <run_address>0x1ee78</run_address>
         <size>0x34</size>
         <alignment>0x4</alignment>
         <input_file_ref idref="fl-36"/>
      </object_component>
      <object_component id="oc-1f8">
         <name>.text._Z15ST7735_Color565hhh</name>
         <load_address>0x1eeac</load_address>
         <readonly>true</readonly>
         <executable>true</executable>
         <run_address>0x1eeac</run_address>
         <size>0x32</size>
         <alignment>0x2</alignment>
         <input_file_ref idref="fl-c"/>
      </object_component>
      <object_component id="oc-46">
         <name>.text.TIMG12_IRQHandler</name>
         <load_address>0x1eee0</load_address>
         <readonly>true</readonly>
         <executable>true</executable>
         <run_address>0x1eee0</run_address>
         <size>0x30</size>
         <alignment>0x4</alignment>
         <input_file_ref idref="fl-8"/>
      </object_component>
      <object_component id="oc-181">
         <name>.text._Z11Sound_StartPKhj</name>
         <load_address>0x1ef10</load_address>
         <readonly>true</readonly>
         <executable>true</executable>
         <run_address>0x1ef10</run_address>
         <size>0x30</size>
         <alignment>0x4</alignment>
         <input_file_ref idref="fl-e"/>
      </object_component>
      <object_component id="oc-ed">
         <name>.text._Z15Sound_SetVolumej</name>
         <load_address>0x1ef40</load_address>
         <readonly>true</readonly>
         <executable>true</executable>
         <run_address>0x1ef40</run_address>
         <size>0x30</size>
         <alignment>0x4</alignment>
         <input_file_ref idref="fl-e"/>
      </object_component>
      <object_component id="oc-19c">
         <name>.text._ZL10commonInitPKh</name>
         <load_address>0x1ef70</load_address>
         <readonly>true</readonly>
         <executable>true</executable>
         <run_address>0x1ef70</run_address>
         <size>0x30</size>
         <alignment>0x4</alignment>
         <input_file_ref idref="fl-c"/>
      </object_component>
      <object_component id="oc-16d">
         <name>.text._ZL17Title_AnimateLogov</name>
         <load_address>0x1efa0</load_address>
         <readonly>true</readonly>
         <executable>true</executable>
         <run_address>0x1efa0</run_address>
         <size>0x30</size>
         <alignment>0x4</alignment>
         <input_file_ref idref="fl-12"/>
      </object_component>
      <object_component id="oc-1da">
         <name>.text._ZL5Abs16s</name>
         <load_address>0x1efd0</load_address>
         <readonly>true</readonly>
         <executable>true</executable>
         <run_address>0x1efd0</run_address>
         <size>0x30</size>
         <alignment>0x2</alignment>
         <input_file_ref idref="fl-12"/>
      </object_component>
      <object_component id="oc-11f">
         <name>.text.fopen</name>
         <load_address>0x1f000</load_address>
         <readonly>true</readonly>
         <executable>true</executable>
         <run_address>0x1f000</run_address>
         <size>0x30</size>
         <alignment>0x4</alignment>
         <input_file_ref idref="fl-36"/>
      </object_component>
      <object_component id="oc-17b">
         <name>.text._ZL10Back_Inputv</name>
         <load_address>0x1f030</load_address>
         <readonly>true</readonly>
         <executable>true</executable>
         <run_address>0x1f030</run_address>
         <size>0x2e</size>
         <alignment>0x2</alignment>
         <input_file_ref idref="fl-12"/>
      </object_component>
      <object_component id="oc-180">
         <name>.text._ZL13Credits_Inputv</name>
         <load_address>0x1f05e</load_address>
         <readonly>true</readonly>
         <executable>true</executable>
         <run_address>0x1f05e</run_address>
         <size>0x2e</size>
         <alignment>0x2</alignment>
         <input_file_ref idref="fl-12"/>
      </object_component>
      <object_component id="oc-247">
         <name>.text._Z10Sound_Stopv</name>
         <load_address>0x1f08c</load_address>
         <readonly>true</readonly>
         <executable>true</executable>
         <run_address>0x1f08c</run_address>
         <size>0x2c</size>
         <alignment>0x4</alignment>
         <input_file_ref idref="fl-e"/>
      </object_component>
      <object_component id="oc-c5">
         <name>.text._Z17ST7735_FillScreent</name>
         <load_address>0x1f0b8</load_address>
         <readonly>true</readonly>
         <executable>true</executable>
         <run_address>0x1f0b8</run_address>
         <size>0x2c</size>
         <alignment>0x4</alignment>
         <input_file_ref idref="fl-c"/>
      </object_component>
      <object_component id="oc-1de">
         <name>.text._Z9Switch_Inv</name>
         <load_address>0x1f0e4</load_address>
         <readonly>true</readonly>
         <executable>true</executable>
         <run_address>0x1f0e4</run_address>
         <size>0x2c</size>
         <alignment>0x4</alignment>
         <input_file_ref idref="fl-f"/>
      </object_component>
      <object_component id="oc-317">
         <name>.text.unlink</name>
         <load_address>0x1f110</load_address>
         <readonly>true</readonly>
         <executable>true</executable>
         <run_address>0x1f110</run_address>
         <size>0x2c</size>
         <alignment>0x4</alignment>
         <input_file_ref idref="fl-fd"/>
      </object_component>
      <object_component id="oc-14d">
         <name>.text._Z9ADC_StartP10ADC12_Regs</name>
         <load_address>0x1f13c</load_address>
         <readonly>true</readonly>
         <executable>true</executable>
         <run_address>0x1f13c</run_address>
         <size>0x28</size>
         <alignment>0x4</alignment>
         <input_file_ref idref="fl-10"/>
      </object_component>
      <object_component id="oc-1e7">
         <name>.text._ZL4langPKcS0_</name>
         <load_address>0x1f164</load_address>
         <readonly>true</readonly>
         <executable>true</executable>
         <run_address>0x1f164</run_address>
         <size>0x28</size>
         <alignment>0x4</alignment>
         <input_file_ref idref="fl-12"/>
      </object_component>
[...]
         <name>TExaSLogic</name>
         <value>0x202006d8</value>
         <object_component_ref idref="oc-80"/>
      </symbol>
      <symbol id="sm-223">
         <name>_Z10TExaS_InitP10ADC12_RegsjPFhvE</name>
         <value>0x1e281</value>
         <object_component_ref idref="oc-d6"/>
      </symbol>
      <symbol id="sm-230">
         <name>_Z14TimerG7_IntArmtjj</name>
         <value>0x1d02d</value>
         <object_component_ref idref="oc-154"/>
      </symbol>
      <symbol id="sm-231">
         <name>_Z15TimerG12_IntArmjj</name>
         <value>0x1d359</value>
         <object_component_ref idref="oc-d7"/>
      </symbol>
      <symbol id="sm-3a9">
         <name>_Z10Title_Initv</name>
         <value>0x1df8d</value>
         <object_component_ref idref="oc-183"/>
      </symbol>
      <symbol id="sm-3aa">
         <name>_Z19Title_HighlightMenuv</name>
         <value>0x1d3ed</value>
         <object_component_ref idref="oc-16e"/>
      </symbol>
      <symbol id="sm-3ab">
         <name>_Z17Instructions_Initv</name>
         <value>0x1af01</value>
         <object_component_ref idref="oc-184"/>
      </symbol>
      <symbol id="sm-3ac">
         <name>CurrentLanguage</name>
         <value>0x202002d8</value>
         <object_component_ref idref="oc-1f4"/>
      </symbol>
      <symbol id="sm-3ad">
         <name>_Z13Settings_Initv</name>
         <value>0x1c1c9</value>
         <object_component_ref idref="oc-185"/>
      </symbol>
      <symbol id="sm-3ae">
         <name>_Z18Settings_Highlightv</name>
         <value>0x1bc59</value>
         <object_component_ref idref="oc-16f"/>
      </symbol>
      <symbol id="sm-3af">
         <name>_Z13Language_Initv</name>
         <value>0x1b449</value>
         <object_component_ref idref="oc-189"/>
      </symbol>
      <symbol id="sm-3b0">
         <name>_Z18Language_Highlightv</name>
         <value>0x1b581</value>
         <object_component_ref idref="oc-170"/>
      </symbol>
      <symbol id="sm-3b1">
         <name>_Z12Credits_Initv</name>
         <value>0x1bfa1</value>
         <object_component_ref idref="oc-18a"/>
      </symbol>
      <symbol id="sm-3b2">
         <name>_Z13Gameplay_Initv</name>
         <value>0x1d8b5</value>
         <object_component_ref idref="oc-186"/>
      </symbol>
      <symbol id="sm-3b3">
         <name>_Z10Pause_Initv</name>
         <value>0x1d6a9</value>
         <object_component_ref idref="oc-187"/>
      </symbol>
      <symbol id="sm-3b4">
         <name>_Z13GameOver_Initv</name>
         <value>0x1b30d</value>
         <object_component_ref idref="oc-188"/>
      </symbol>
      <symbol id="sm-3b5">
         <name>_Z9Game_Initv</name>
         <value>0x1e7e5</value>
         <object_component_ref idref="oc-e1"/>
      </symbol>
      <symbol id="sm-3b6">
         <name>S</name>
         <value>0x202006d0</value>
         <object_component_ref idref="oc-f3"/>
      </symbol>
      <symbol id="sm-3b7">
         <name>Semaphore</name>
         <value>0x202006d4</value>
         <object_component_ref idref="oc-83"/>
      </symbol>
      <symbol id="sm-3b8">
         <name>_Z13Game_GetInputv</name>
         <value>0x1cd6d</value>
         <object_component_ref idref="oc-ef"/>
      </symbol>
      <symbol id="sm-3b9">
         <name>_Z16Game_UpdateFramev</name>
         <value>0x1c2d1</value>
         <object_component_ref idref="oc-ee"/>
      </symbol>
      <symbol id="sm-3ba">
         <name>FSM</name>
         <value>0x196e0</value>
         <object_component_ref idref="oc-f4"/>
      </symbol>
      <symbol id="sm-3cb">
         <name>Reset_Handler</name>
         <value>0x1f5a3</value>
         <object_component_ref idref="oc-32"/>
      </symbol>
      <symbol id="sm-3cc">
         <name>interruptVectors</name>
         <value>0x0</value>
         <object_component_ref idref="oc-18"/>
      </symbol>
      <symbol id="sm-3cd">
         <name>NMI_Handler</name>
         <value>0x1f2e9</value>
         <object_component_ref idref="oc-36"/>
      </symbol>
      <symbol id="sm-3ce">
         <name>SVC_Handler</name>
         <value>0x1f2e9</value>
         <object_component_ref idref="oc-36"/>
      </symbol>
      <symbol id="sm-3cf">
         <name>PendSV_Handler</name>
         <value>0x1f2e9</value>
         <object_component_ref idref="oc-36"/>
      </symbol>
      <symbol id="sm-3d0">
         <name>GROUP0_IRQHandler</name>
         <value>0x1f2e9</value>
         <object_component_ref idref="oc-36"/>
      </symbol>
      <symbol id="sm-3d1">
         <name>GROUP1_IRQHandler</name>
         <value>0x1f2e9</value>
         <object_component_ref idref="oc-36"/>
      </symbol>
      <symbol id="sm-3d2">
         <name>TIMG8_IRQHandler</name>
         <value>0x1f2e9</value>
         <object_component_ref idref="oc-36"/>
      </symbol>
      <symbol id="sm-3d3">
         <name>UART3_IRQHandler</name>
         <value>0x1f2e9</value>
         <object_component_ref idref="oc-36"/>
      </symbol>
      <symbol id="sm-3d4">
         <name>ADC0_IRQHandler</name>
         <value>0x1f2e9</value>
         <object_component_ref idref="oc-36"/>
      </symbol>
      <symbol id="sm-3d5">
         <name>ADC1_IRQHandler</name>
         <value>0x1f2e9</value>
         <object_component_ref idref="oc-36"/>
      </symbol>
      <symbol id="sm-3d6">
         <name>CANFD0_IRQHandler</name>
         <value>0x1f2e9</value>
         <object_component_ref idref="oc-36"/>
      </symbol>
      <symbol id="sm-3d7">
         <name>DAC0_IRQHandler</name>
         <value>0x1f2e9</value>
         <object_component_ref idref="oc-36"/>
      </symbol>
      <symbol id="sm-3d8">
         <name>SPI0_IRQHandler</name>
         <value>0x1f2e9</value>
         <object_component_ref idref="oc-36"/>
      </symbol>
      <symbol id="sm-3d9">
         <name>SPI1_IRQHandler</name>
         <value>0x1f2e9</value>
         <object_component_ref idref="oc-36"/>
      </symbol>
      <symbol id="sm-3da">
         <name>UART1_IRQHandler</name>
         <value>0x1f2e9</value>
         <object_component_ref idref="oc-36"/>
      </symbol>
      <symbol id="sm-3db">
         <name>UART2_IRQHandler</name>
         <value>0x1f2e9</value>
         <object_component_ref idref="oc-36"/>
      </symbol>
      <symbol id="sm-3dc">
         <name>UART0_IRQHandler</name>
         <value>0x1f2e9</value>
         <object_component_ref idref="oc-36"/>
      </symbol>
      <symbol id="sm-3dd">
         <name>TIMG0_IRQHandler</name>
         <value>0x1f2e9</value>
         <object_component_ref idref="oc-36"/>
      </symbol>
      <symbol id="sm-3de">
         <name>TIMG6_IRQHandler</name>
         <value>0x1f2e9</value>
         <object_component_ref idref="oc-36"/>
      </symbol>
      <symbol id="sm-3df">
         <name>TIMA0_IRQHandler</name>
         <value>0x1f2e9</value>
         <object_component_ref idref="oc-36"/>
      </symbol>
      <symbol id="sm-3e0">
         <name>TIMA1_IRQHandler</name>
         <value>0x1f2e9</value>
         <object_component_ref idref="oc-36"/>
      </symbol>
      <symbol id="sm-3e1">
         <name>I2C0_IRQHandler</name>
         <value>0x1f2e9</value>
         <object_component_ref idref="oc-36"/>
      </symbol>
      <symbol id="sm-3e2">
         <name>I2C1_IRQHandler</name>
         <value>0x1f2e9</value>
         <object_component_ref idref="oc-36"/>
      </symbol>
      <symbol id="sm-3e3">
         <name>AES_IRQHandler</name>
         <value>0x1f2e9</value>
         <object_component_ref idref="oc-36"/>
      </symbol>
      <symbol id="sm-3e4">
         <name>RTC_IRQHandler</name>
         <value>0x1f2e9</value>
         <object_component_ref idref="oc-36"/>
      </symbol>
      <symbol id="sm-3e5">
         <name>DMA_IRQHandler</name>
         <value>0x1f2e9</value>
         <object_component_ref idref="oc-36"/>
      </symbol>
      <symbol id="sm-3e6">
         <name>__TI_ATRegion0_src_addr</name>
         <value>0x0</value>
      </symbol>
      <symbol id="sm-3e7">
         <name>__TI_ATRegion0_trg_addr</name>
         <value>0x0</value>
      </symbol>
      <symbol id="sm-3e8">
         <name>__TI_ATRegion0_region_sz</name>
         <value>0x0</value>
      </symbol>
      <symbol id="sm-3e9">
         <name>__TI_ATRegion1_src_addr</name>
         <value>0x0</value>
      </symbol>
      <symbol id="sm-3ea">
         <name>__TI_ATRegion1_trg_addr</name>
         <value>0x0</value>
      </symbol>
      <symbol id="sm-3eb">
         <name>__TI_ATRegion1_region_sz</name>
         <value>0x0</value>
      </symbol>
      <symbol id="sm-3ec">
         <name>__TI_ATRegion2_src_addr</name>
         <value>0x0</value>
      </symbol>
      <symbol id="sm-3ed">
         <name>__TI_ATRegion2_trg_addr</name>
         <value>0x0</value>
      </symbol>
      <symbol id="sm-3ee">
         <name>__TI_ATRegion2_region_sz</name>
         <value>0x0</value>
      </symbol>
      <symbol id="sm-407">
         <name>fopen</name>
         <value>0x1f001</value>
         <object_component_ref idref="oc-11f"/>
      </symbol>
      <symbol id="sm-408">
         <name>__TI_cleanup</name>
         <value>0x1ed75</value>
         <object_component_ref idref="oc-1bf"/>
      </symbol>
      <symbol id="sm-409">
         <name>freopen</name>
         <value>0x1ee79</value>
         <object_component_ref idref="oc-125"/>
      </symbol>
      <symbol id="sm-413">
         <name>setvbuf</name>
         <value>0x1ca39</value>
         <object_component_ref idref="oc-126"/>
      </symbol>
      <symbol id="sm-422">
         <name>abort</name>
         <value>0x1f59d</value>
         <object_component_ref idref="oc-f5"/>
      </symbol>
      <symbol id="sm-423">
         <name>__TI_cleanup_ptr</name>
         <value>0x20200258</value>
         <object_component_ref idref="oc-193"/>
      </symbol>
      <symbol id="sm-424">
         <name>__TI_dtors_ptr</name>
         <value>0x2020025c</value>
         <object_component_ref idref="oc-193"/>
      </symbol>
      <symbol id="sm-425">
         <name>exit</name>
         <value>0x1ee11</value>
         <object_component_ref idref="oc-fa"/>
      </symbol>
      <symbol id="sm-42e">
         <name>_nop</name>
         <value>0x1e32f</value>
         <object_component_ref idref="oc-26e"/>
      </symbol>
      <symbol id="sm-42f">
         <name>_lock</name>
         <value>0x202002ac</value>
         <object_component_ref idref="oc-191"/>
      </symbol>
      <symbol id="sm-430">
         <name>_unlock</name>
         <value>0x202002b0</value>
         <object_component_ref idref="oc-194"/>
      </symbol>
      <symbol id="sm-436">
         <name>_ftable</name>
         <value>0x20200000</value>
         <object_component_ref idref="oc-134"/>
      </symbol>
      <symbol id="sm-437">
         <name>__TI_ft_end</name>
         <value>0x202002a8</value>
         <object_component_ref idref="oc-2a1"/>
      </symbol>
      <symbol id="sm-438">
         <name>__TI_tmpnams</name>
         <value>0x20200618</value>
         <object_component_ref idref="oc-2b4"/>
      </symbol>
      <symbol id="sm-45b">
         <name>malloc</name>
         <value>0x1f521</value>
         <object_component_ref idref="oc-1be"/>
      </symbol>
      <symbol id="sm-45c">
         <name>aligned_alloc</name>
         <value>0x1c0b5</value>
         <object_component_ref idref="oc-2ba"/>
      </symbol>
      <symbol id="sm-45d">
         <name>free</name>
         <value>0x1c78d</value>
         <object_component_ref idref="oc-1bc"/>
      </symbol>
      <symbol id="sm-45e">
         <name>_sys_memory</name>
         <value>0x202002f8</value>
         <object_component_ref idref="oc-30"/>
      </symbol>
      <symbol id="sm-45f">
         <name>memalign</name>
         <value>0x1c0b5</value>
         <object_component_ref idref="oc-2ba"/>
      </symbol>
      <symbol id="sm-46c">
         <name>rand</name>
         <value>0x1eb69</value>
         <object_component_ref idref="oc-205"/>
      </symbol>
      <symbol id="sm-477">
         <name>_c_int00_noargs</name>
         <value>0x1f1dd</value>
         <object_component_ref idref="oc-62"/>
      </symbol>
      <symbol id="sm-478">
         <name>__stack</name>
         <value>0x20207e00</value>
         <object_component_ref idref="oc-1a"/>
      </symbol>
      <symbol id="sm-484">
         <name>__TI_auto_init_nobinit</name>
         <value>0x1e481</value>
         <object_component_ref idref="oc-102"/>
      </symbol>
      <symbol id="sm-48c">
         <name>_system_pre_init</name>
         <value>0x1f5a7</value>
         <object_component_ref idref="oc-8e"/>
      </symbol>
      <symbol id="sm-497">
         <name>__TI_zero_init_nomemset</name>
         <value>0x1f3c7</value>
         <object_component_ref idref="oc-59"/>
      </symbol>
      <symbol id="sm-4a0">
         <name>__TI_decompress_none</name>
         <value>0x1f467</value>
         <object_component_ref idref="oc-20"/>
      </symbol>
      <symbol id="sm-4ab">
         <name>__TI_decompress_lzss</name>
         <value>0x1db21</value>
         <object_component_ref idref="oc-1c"/>
      </symbol>
      <symbol id="sm-4b7">
         <name>__TI_closefile</name>
         <value>0x1daa5</value>
         <object_component_ref idref="oc-1b6"/>
      </symbol>
      <symbol id="sm-4c1">
         <name>__TI_doflush</name>
         <value>0x1e4d5</value>
         <object_component_ref idref="oc-2a6"/>
      </symbol>
      <symbol id="sm-4d4">
         <name>HOSTexit</name>
         <value>0x1d61d</value>
         <object_component_ref idref="oc-18b"/>
      </symbol>
      <symbol id="sm-4d5">
         <name>C$$EXIT</name>
         <value>0x1d61c</value>
         <object_component_ref idref="oc-18b"/>
      </symbol>
      <symbol id="sm-4df">
         <name>write</name>
         <value>0x1f1b5</value>
         <object_component_ref idref="oc-30e"/>
      </symbol>
      <symbol id="sm-4e4">
         <name>_device</name>
         <value>0x202000f0</value>
         <object_component_ref idref="oc-1ad"/>
      </symbol>
      <symbol id="sm-4e5">
         <name>_stream</name>
         <value>0x202001cc</value>
         <object_component_ref idref="oc-30a"/>
      </symbol>
      <symbol id="sm-4ee">
         <name>remove</name>
         <value>0x1f595</value>
         <object_component_ref idref="oc-2b0"/>
      </symbol>
      <symbol id="sm-4fa">
         <name>open</name>
         <value>0x1d2b9</value>
         <object_component_ref idref="oc-2a2"/>
      </symbol>
      <symbol id="sm-505">
         <name>close</name>
         <value>0x1e6b9</value>
         <object_component_ref idref="oc-2ac"/>
      </symbol>
      <symbol id="sm-511">
         <name>add_device</name>
         <value>0x1c5b9</value>
         <object_component_ref idref="oc-11b"/>
      </symbol>
      <symbol id="sm-51b">
         <name>unlink</name>
         <value>0x1f111</value>
         <object_component_ref idref="oc-317"/>
      </symbol>
      <symbol id="sm-525">
         <name>HOSTclose</name>
         <value>0x1e755</value>
         <object_component_ref idref="oc-284"/>
      </symbol>
      <symbol id="sm-52f">
         <name>HOSTlseek</name>
         <value>0x1dd71</value>
         <object_component_ref idref="oc-290"/>
      </symbol>
      <symbol id="sm-539">
         <name>HOSTopen</name>
         <value>0x1e0bd</value>
         <object_component_ref idref="oc-280"/>
      </symbol>
      <symbol id="sm-53a">
         <name>parmbuf</name>
         <value>0x202006c4</value>
         <object_component_ref idref="oc-2f1"/>
      </symbol>
      <symbol id="sm-544">
         <name>HOSTread</name>
         <value>0x1e179</value>
         <object_component_ref idref="oc-288"/>
      </symbol>
      <symbol id="sm-555">
         <name>HOSTrename</name>
         <value>0x1dddd</value>
         <object_component_ref idref="oc-298"/>
      </symbol>
      <symbol id="sm-55f">
         <name>HOSTunlink</name>
         <value>0x1e79d</value>
         <object_component_ref idref="oc-294"/>
      </symbol>
      <symbol id="sm-569">
         <name>HOSTwrite</name>
         <value>0x1e1d1</value>
         <object_component_ref idref="oc-28c"/>
      </symbol>
      <symbol id="sm-577">
         <name>C$$IO$$</name>
         <value>0x1ee09</value>
         <object_component_ref idref="oc-2ea"/>
      </symbol>
      <symbol id="sm-578">
         <name>__TI_writemsg</name>
         <value>0x1eddd</value>
         <object_component_ref idref="oc-2ea"/>
      </symbol>
      <symbol id="sm-579">
         <name>__CIOBUF_</name>
         <value>0x202004f8</value>
         <object_component_ref idref="oc-325"/>
      </symbol>
      <symbol id="sm-57a">
         <name>__TI_readmsg</name>
         <value>0x1eda9</value>
         <object_component_ref idref="oc-2f0"/>
      </symbol>
      <symbol id="sm-57b">
         <name>_CIOBUF_</name>
         <value>0x202004f8</value>
         <object_component_ref idref="oc-325"/>
      </symbol>
      <symbol id="sm-581">
         <name>__aeabi_idiv</name>
         <value>0x1e2d9</value>
         <object_component_ref idref="oc-20b"/>
      </symbol>
      <symbol id="sm-582">
         <name>__aeabi_idivmod</name>
         <value>0x1e2d9</value>
         <object_component_ref idref="oc-20b"/>
      </symbol>
      <symbol id="sm-588">
         <name>__aeabi_memcpy</name>
         <value>0x1f58d</value>
         <object_component_ref idref="oc-52"/>
      </symbol>
      <symbol id="sm-589">
         <name>__aeabi_memcpy4</name>
         <value>0x1f58d</value>
         <object_component_ref idref="oc-52"/>
      </symbol>
      <symbol id="sm-58a">
         <name>__aeabi_memcpy8</name>
         <value>0x1f58d</value>
         <object_component_ref idref="oc-52"/>
      </symbol>
      <symbol id="sm-591">
         <name>__aeabi_memclr</name>
         <value>0x1f515</value>
         <object_component_ref idref="oc-89"/>
      </symbol>
      <symbol id="sm-592">
         <name>__aeabi_memclr4</name>
         <value>0x1f515</value>
         <object_component_ref idref="oc-89"/>
      </symbol>
      <symbol id="sm-593">
         <name>__aeabi_memclr8</name>
         <value>0x1f515</value>
         <object_component_ref idref="oc-89"/>
      </symbol>
      <symbol id="sm-599">
         <name>__aeabi_uidiv</name>
         <value>0x1ea05</value>
         <object_component_ref idref="oc-150"/>
      </symbol>
      <symbol id="sm-59a">
         <name>__aeabi_uidivmod</name>
         <value>0x1ea05</value>
         <object_component_ref idref="oc-150"/>
      </symbol>
      <symbol id="sm-5a5">
         <name>__aeabi_idiv0</name>
         <value>0x1d177</value>
         <object_component_ref idref="oc-1c9"/>
      </symbol>
      <symbol id="sm-5b3">
         <name>finddevice</name>
         <value>0x1ee45</value>
         <object_component_ref idref="oc-1a6"/>
      </symbol>
      <symbol id="sm-5b4">
         <name>getdevice</name>
         <value>0x1df21</value>
         <object_component_ref idref="oc-308"/>
      </symbol>
      <symbol id="sm-5bd">
         <name>TI_memcpy_small</name>
         <value>0x1f455</value>
         <object_component_ref idref="oc-aa"/>
      </symbol>
      <symbol id="sm-5c6">
         <name>TI_memset_small</name>
         <value>0x1f4ef</value>
         <object_component_ref idref="oc-110"/>
      </symbol>
      <symbol id="sm-5ce">
         <name>strcmp</name>
         <value>0x1d621</value>
         <object_component_ref idref="oc-27a"/>
      </symbol>
      <symbol id="sm-5cf">
         <name>__TI_static_base__</name>
         <value>0x0</value>
      </symbol>
      <symbol id="sm-5d2">
         <name>__mpu_init</name>
         <value>0x0</value>
      </symbol>
      <symbol id="sm-5d3">
         <name>_system_post_cinit</name>
         <value>0x0</value>
      </symbol>
   </symbol_table>
   <title>Link successful</title>
</link_info>
